Archive member included to satisfy reference by file (symbol)

c:/st/stm32cubeide_1.8.0/stm32cubeide/plugins/com.st.stm32cube.ide.mcu.externaltools.gnu-tools-for-stm32.10.3-2021.10.win32_1.0.0.202111181127/tools/bin/../lib/gcc/arm-none-eabi/10.3.1/../../../../arm-none-eabi/lib/thumb/v7e-m+fp/hard\libc_nano.a(lib_a-errno.o)
                              ./Core/Src/syscalls.o (__errno)
c:/st/stm32cubeide_1.8.0/stm32cubeide/plugins/com.st.stm32cube.ide.mcu.externaltools.gnu-tools-for-stm32.10.3-2021.10.win32_1.0.0.202111181127/tools/bin/../lib/gcc/arm-none-eabi/10.3.1/../../../../arm-none-eabi/lib/thumb/v7e-m+fp/hard\libc_nano.a(lib_a-exit.o)
                              c:/st/stm32cubeide_1.8.0/stm32cubeide/plugins/com.st.stm32cube.ide.mcu.externaltools.gnu-tools-for-stm32.10.3-2021.10.win32_1.0.0.202111181127/tools/bin/../lib/gcc/arm-none-eabi/10.3.1/../../../../arm-none-eabi/lib/thumb/v7e-m+fp/hard/crt0.o (exit)
c:/st/stm32cubeide_1.8.0/stm32cubeide/plugins/com.st.stm32cube.ide.mcu.externaltools.gnu-tools-for-stm32.10.3-2021.10.win32_1.0.0.202111181127/tools/bin/../lib/gcc/arm-none-eabi/10.3.1/../../../../arm-none-eabi/lib/thumb/v7e-m+fp/hard\libc_nano.a(lib_a-impure.o)
                              c:/st/stm32cubeide_1.8.0/stm32cubeide/plugins/com.st.stm32cube.ide.mcu.externaltools.gnu-tools-for-stm32.10.3-2021.10.win32_1.0.0.202111181127/tools/bin/../lib/gcc/arm-none-eabi/10.3.1/../../../../arm-none-eabi/lib/thumb/v7e-m+fp/hard\libc_nano.a(lib_a-exit.o) (_global_impure_ptr)
c:/st/stm32cubeide_1.8.0/stm32cubeide/plugins/com.st.stm32cube.ide.mcu.externaltools.gnu-tools-for-stm32.10.3-2021.10.win32_1.0.0.202111181127/tools/bin/../lib/gcc/arm-none-eabi/10.3.1/../../../../arm-none-eabi/lib/thumb/v7e-m+fp/hard\libc_nano.a(lib_a-init.o)
                              c:/st/stm32cubeide_1.8.0/stm32cubeide/plugins/com.st.stm32cube.ide.mcu.externaltools.gnu-tools-for-stm32.10.3-2021.10.win32_1.0.0.202111181127/tools/bin/../lib/gcc/arm-none-eabi/10.3.1/../../../../arm-none-eabi/lib/thumb/v7e-m+fp/hard/crt0.o (__libc_init_array)
c:/st/stm32cubeide_1.8.0/stm32cubeide/plugins/com.st.stm32cube.ide.mcu.externaltools.gnu-tools-for-stm32.10.3-2021.10.win32_1.0.0.202111181127/tools/bin/../lib/gcc/arm-none-eabi/10.3.1/../../../../arm-none-eabi/lib/thumb/v7e-m+fp/hard\libc_nano.a(lib_a-memset.o)
                              c:/st/stm32cubeide_1.8.0/stm32cubeide/plugins/com.st.stm32cube.ide.mcu.externaltools.gnu-tools-for-stm32.10.3-2021.10.win32_1.0.0.202111181127/tools/bin/../lib/gcc/arm-none-eabi/10.3.1/../../../../arm-none-eabi/lib/thumb/v7e-m+fp/hard/crt0.o (memset)
c:/st/stm32cubeide_1.8.0/stm32cubeide/plugins/com.st.stm32cube.ide.mcu.externaltools.gnu-tools-for-stm32.10.3-2021.10.win32_1.0.0.202111181127/tools/bin/../lib/gcc/arm-none-eabi/10.3.1/thumb/v7e-m+fp/hard\libgcc.a(_aeabi_uldivmod.o)
                              ./Drivers/STM32F7xx_HAL_Driver/Src/stm32f7xx_hal_rcc.o (__aeabi_uldivmod)
c:/st/stm32cubeide_1.8.0/stm32cubeide/plugins/com.st.stm32cube.ide.mcu.externaltools.gnu-tools-for-stm32.10.3-2021.10.win32_1.0.0.202111181127/tools/bin/../lib/gcc/arm-none-eabi/10.3.1/thumb/v7e-m+fp/hard\libgcc.a(_udivmoddi4.o)
                              c:/st/stm32cubeide_1.8.0/stm32cubeide/plugins/com.st.stm32cube.ide.mcu.externaltools.gnu-tools-for-stm32.10.3-2021.10.win32_1.0.0.202111181127/tools/bin/../lib/gcc/arm-none-eabi/10.3.1/thumb/v7e-m+fp/hard\libgcc.a(_aeabi_uldivmod.o) (__udivmoddi4)
c:/st/stm32cubeide_1.8.0/stm32cubeide/plugins/com.st.stm32cube.ide.mcu.externaltools.gnu-tools-for-stm32.10.3-2021.10.win32_1.0.0.202111181127/tools/bin/../lib/gcc/arm-none-eabi/10.3.1/thumb/v7e-m+fp/hard\libgcc.a(_dvmd_tls.o)
                              c:/st/stm32cubeide_1.8.0/stm32cubeide/plugins/com.st.stm32cube.ide.mcu.externaltools.gnu-tools-for-stm32.10.3-2021.10.win32_1.0.0.202111181127/tools/bin/../lib/gcc/arm-none-eabi/10.3.1/thumb/v7e-m+fp/hard\libgcc.a(_aeabi_uldivmod.o) (__aeabi_ldiv0)

Discarded input sections

 .text          0x0000000000000000        0x0 c:/st/stm32cubeide_1.8.0/stm32cubeide/plugins/com.st.stm32cube.ide.mcu.externaltools.gnu-tools-for-stm32.10.3-2021.10.win32_1.0.0.202111181127/tools/bin/../lib/gcc/arm-none-eabi/10.3.1/thumb/v7e-m+fp/hard/crti.o
 .data          0x0000000000000000        0x0 c:/st/stm32cubeide_1.8.0/stm32cubeide/plugins/com.st.stm32cube.ide.mcu.externaltools.gnu-tools-for-stm32.10.3-2021.10.win32_1.0.0.202111181127/tools/bin/../lib/gcc/arm-none-eabi/10.3.1/thumb/v7e-m+fp/hard/crti.o
 .bss           0x0000000000000000        0x0 c:/st/stm32cubeide_1.8.0/stm32cubeide/plugins/com.st.stm32cube.ide.mcu.externaltools.gnu-tools-for-stm32.10.3-2021.10.win32_1.0.0.202111181127/tools/bin/../lib/gcc/arm-none-eabi/10.3.1/thumb/v7e-m+fp/hard/crti.o
[...]
Memory Configuration

Name             Origin             Length             Attributes
RAM              0x0000000020000000 0x0000000000050000 xrw
FLASH            0x0000000008000000 0x0000000000100000 xr
*default*        0x0000000000000000 0xffffffffffffffff

Linker script and memory map

LOAD c:/st/stm32cubeide_1.8.0/stm32cubeide/plugins/com.st.stm32cube.ide.mcu.externaltools.gnu-tools-for-stm32.10.3-2021.10.win32_1.0.0.202111181127/tools/bin/../lib/gcc/arm-none-eabi/10.3.1/thumb/v7e-m+fp/hard/crti.o
LOAD c:/st/stm32cubeide_1.8.0/stm32cubeide/plugins/com.st.stm32cube.ide.mcu.externaltools.gnu-tools-for-stm32.10.3-2021.10.win32_1.0.0.202111181127/tools/bin/../lib/gcc/arm-none-eabi/10.3.1/thumb/v7e-m+fp/hard/crtbegin.o
LOAD c:/st/stm32cubeide_1.8.0/stm32cubeide/plugins/com.st.stm32cube.ide.mcu.externaltools.gnu-tools-for-stm32.10.3-2021.10.win32_1.0.0.202111181127/tools/bin/../lib/gcc/arm-none-eabi/10.3.1/../../../../arm-none-eabi/lib/thumb/v7e-m+fp/hard/crt0.o
LOAD ./Components/Src/__template.o
LOAD ./Components/Src/btn.o
LOAD ./Components/Src/btn_config.o
LOAD ./Components/Src/dio.o
LOAD ./Components/Src/disp.o
LOAD ./Components/Src/disp_config.o
LOAD ./Components/Src/led.o
LOAD ./Components/Src/led_config.o
LOAD ./Components/Src/pwm.o
LOAD ./Core/Src/adc.o
LOAD ./Core/Src/dma.o
LOAD ./Core/Src/gpio.o
LOAD ./Core/Src/main.o
LOAD ./Core/Src/stm32f7xx_hal_msp.o
LOAD ./Core/Src/stm32f7xx_it.o
LOAD ./Core/Src/syscalls.o
LOAD ./Core/Src/sysmem.o
LOAD ./Core/Src/system_stm32f7xx.o
LOAD ./Core/Src/tim.o
LOAD ./Core/Src/usart.o
LOAD ./Core/Startup/startup_stm32f746zgtx.o
LOAD ./Drivers/STM32F7xx_HAL_Driver/Src/stm32f7xx_hal.o
LOAD ./Drivers/STM32F7xx_HAL_Driver/Src/stm32f7xx_hal_adc.o
LOAD ./Drivers/STM32F7xx_HAL_Driver/Src/stm32f7xx_hal_adc_ex.o
LOAD ./Drivers/STM32F7xx_HAL_Driver/Src/stm32f7xx_hal_cortex.o
LOAD ./Drivers/STM32F7xx_HAL_Driver/Src/stm32f7xx_hal_dma.o
LOAD ./Drivers/STM32F7xx_HAL_Driver/Src/stm32f7xx_hal_dma_ex.o
LOAD ./Drivers/STM32F7xx_HAL_Driver/Src/stm32f7xx_hal_exti.o
LOAD ./Drivers/STM32F7xx_HAL_Driver/Src/stm32f7xx_hal_flash.o
LOAD ./Drivers/STM32F7xx_HAL_Driver/Src/stm32f7xx_hal_flash_ex.o
LOAD ./Drivers/STM32F7xx_HAL_Driver/Src/stm32f7xx_hal_gpio.o
LOAD ./Drivers/STM32F7xx_HAL_Driver/Src/stm32f7xx_hal_i2c.o
LOAD ./Drivers/STM32F7xx_HAL_Driver/Src/stm32f7xx_hal_i2c_ex.o
LOAD ./Drivers/STM32F7xx_HAL_Driver/Src/stm32f7xx_hal_pwr.o
LOAD ./Drivers/STM32F7xx_HAL_Driver/Src/stm32f7xx_hal_pwr_ex.o
LOAD ./Drivers/STM32F7xx_HAL_Driver/Src/stm32f7xx_hal_rcc.o
LOAD ./Drivers/STM32F7xx_HAL_Driver/Src/stm32f7xx_hal_rcc_ex.o
LOAD ./Drivers/STM32F7xx_HAL_Driver/Src/stm32f7xx_hal_tim.o
LOAD ./Drivers/STM32F7xx_HAL_Driver/Src/stm32f7xx_hal_tim_ex.o
LOAD ./Drivers/STM32F7xx_HAL_Driver/Src/stm32f7xx_hal_uart.o
LOAD ./Drivers/STM32F7xx_HAL_Driver/Src/stm32f7xx_hal_uart_ex.o
START GROUP
LOAD c:/st/stm32cubeide_1.8.0/stm32cubeide/plugins/com.st.stm32cube.ide.mcu.externaltools.gnu-tools-for-stm32.10.3-2021.10.win32_1.0.0.202111181127/tools/bin/../lib/gcc/arm-none-eabi/10.3.1/../../../../arm-none-eabi/lib/thumb/v7e-m+fp/hard\libc_nano.a
LOAD c:/st/stm32cubeide_1.8.0/stm32cubeide/plugins/com.st.stm32cube.ide.mcu.externaltools.gnu-tools-for-stm32.10.3-2021.10.win32_1.0.0.202111181127/tools/bin/../lib/gcc/arm-none-eabi/10.3.1/../../../../arm-none-eabi/lib/thumb/v7e-m+fp/hard\libm.a
END GROUP
START GROUP
LOAD c:/st/stm32cubeide_1.8.0/stm32cubeide/plugins/com.st.stm32cube.ide.mcu.externaltools.gnu-tools-for-stm32.10.3-2021.10.win32_1.0.0.202111181127/tools/bin/../lib/gcc/arm-none-eabi/10.3.1/thumb/v7e-m+fp/hard\libgcc.a
LOAD c:/st/stm32cubeide_1.8.0/stm32cubeide/plugins/com.st.stm32cube.ide.mcu.externaltools.gnu-tools-for-stm32.10.3-2021.10.win32_1.0.0.202111181127/tools/bin/../lib/gcc/arm-none-eabi/10.3.1/../../../../arm-none-eabi/lib/thumb/v7e-m+fp/hard\libc_nano.a
END GROUP
START GROUP
LOAD c:/st/stm32cubeide_1.8.0/stm32cubeide/plugins/com.st.stm32cube.ide.mcu.externaltools.gnu-tools-for-stm32.10.3-2021.10.win32_1.0.0.202111181127/tools/bin/../lib/gcc/arm-none-eabi/10.3.1/thumb/v7e-m+fp/hard\libgcc.a
LOAD c:/st/stm32cubeide_1.8.0/stm32cubeide/plugins/com.st.stm32cube.ide.mcu.externaltools.gnu-tools-for-stm32.10.3-2021.10.win32_1.0.0.202111181127/tools/bin/../lib/gcc/arm-none-eabi/10.3.1/../../../../arm-none-eabi/lib/thumb/v7e-m+fp/hard\libc_nano.a
LOAD c:/st/stm32cubeide_1.8.0/stm32cubeide/plugins/com.st.stm32cube.ide.mcu.externaltools.gnu-tools-for-stm32.10.3-2021.10.win32_1.0.0.202111181127/tools/bin/../lib/gcc/arm-none-eabi/10.3.1/../../../../arm-none-eabi/lib/thumb/v7e-m+fp/hard\libnosys.a
END GROUP
START GROUP
LOAD c:/st/stm32cubeide_1.8.0/stm32cubeide/plugins/com.st.stm32cube.ide.mcu.externaltools.gnu-tools-for-stm32.10.3-2021.10.win32_1.0.0.202111181127/tools/bin/../lib/gcc/arm-none-eabi/10.3.1/thumb/v7e-m+fp/hard\libgcc.a
LOAD c:/st/stm32cubeide_1.8.0/stm32cubeide/plugins/com.st.stm32cube.ide.mcu.externaltools.gnu-tools-for-stm32.10.3-2021.10.win32_1.0.0.202111181127/tools/bin/../lib/gcc/arm-none-eabi/10.3.1/../../../../arm-none-eabi/lib/thumb/v7e-m+fp/hard\libc_nano.a
LOAD c:/st/stm32cubeide_1.8.0/stm32cubeide/plugins/com.st.stm32cube.ide.mcu.externaltools.gnu-tools-for-stm32.10.3-2021.10.win32_1.0.0.202111181127/tools/bin/../lib/gcc/arm-none-eabi/10.3.1/../../../../arm-none-eabi/lib/thumb/v7e-m+fp/hard\libnosys.a
END GROUP
LOAD c:/st/stm32cubeide_1.8.0/stm32cubeide/plugins/com.st.stm32cube.ide.mcu.externaltools.gnu-tools-for-stm32.10.3-2021.10.win32_1.0.0.202111181127/tools/bin/../lib/gcc/arm-none-eabi/10.3.1/thumb/v7e-m+fp/hard/crtend.o
LOAD c:/st/stm32cubeide_1.8.0/stm32cubeide/plugins/com.st.stm32cube.ide.mcu.externaltools.gnu-tools-for-stm32.10.3-2021.10.win32_1.0.0.202111181127/tools/bin/../lib/gcc/arm-none-eabi/10.3.1/thumb/v7e-m+fp/hard/crtn.o
                0x0000000020050000                _estack = (ORIGIN (RAM) + LENGTH (RAM))
                0x0000000000000200                _Min_Heap_Size = 0x200
                0x0000000000000400                _Min_Stack_Size = 0x400

.isr_vector     0x0000000008000000      0x1c8
                0x0000000008000000                . = ALIGN (0x4)
 *(.isr_vector)
 .isr_vector    0x0000000008000000      0x1c8 ./Core/Startup/startup_stm32f746zgtx.o
                0x0000000008000000                g_pfnVectors
                0x00000000080001c8                . = ALIGN (0x4)

.text           0x00000000080001c8     0x5ba4
                0x00000000080001c8                . = ALIGN (0x4)
 *(.text)
 .text          0x00000000080001c8       0x40 c:/st/stm32cubeide_1.8.0/stm32cubeide/plugins/com.st.stm32cube.ide.mcu.externaltools.gnu-tools-for-stm32.10.3-2021.10.win32_1.0.0.202111181127/tools/bin/../lib/gcc/arm-none-eabi/10.3.1/thumb/v7e-m+fp/hard/crtbegin.o
 .text          0x0000000008000208       0x30 c:/st/stm32cubeide_1.8.0/stm32cubeide/plugins/com.st.stm32cube.ide.mcu.externaltools.gnu-tools-for-stm32.10.3-2021.10.win32_1.0.0.202111181127/tools/bin/../lib/gcc/arm-none-eabi/10.3.1/thumb/v7e-m+fp/hard\libgcc.a(_aeabi_uldivmod.o)
                0x0000000008000208                __aeabi_uldivmod
 .text          0x0000000008000238      0x2d0 c:/st/stm32cubeide_1.8.0/stm32cubeide/plugins/com.st.stm32cube.ide.mcu.externaltools.gnu-tools-for-stm32.10.3-2021.10.win32_1.0.0.202111181127/tools/bin/../lib/gcc/arm-none-eabi/10.3.1/thumb/v7e-m+fp/hard\libgcc.a(_udivmoddi4.o)
                0x0000000008000238                __udivmoddi4
 .text          0x0000000008000508        0x4 c:/st/stm32cubeide_1.8.0/stm32cubeide/plugins/com.st.stm32cube.ide.mcu.externaltools.gnu-tools-for-stm32.10.3-2021.10.win32_1.0.0.202111181127/tools/bin/../lib/gcc/arm-none-eabi/10.3.1/thumb/v7e-m+fp/hard\libgcc.a(_dvmd_tls.o)
                0x0000000008000508                __aeabi_idiv0
                0x0000000008000508                __aeabi_ldiv0
 *(.text*)
 .text.BTN_DIO_Read
                0x000000000800050c       0x30 ./Components/Src/btn.o
                0x000000000800050c                BTN_DIO_Read
 .text.BTN_DIO_EdgeDetected
                0x000000000800053c       0x4c ./Components/Src/btn.o
                0x000000000800053c                BTN_DIO_EdgeDetected
 .text.DIO_WriteLow
                0x0000000008000588       0x20 ./Components/Src/dio.o
                0x0000000008000588                DIO_WriteLow
 .text.DIO_WriteHigh
                0x00000000080005a8       0x20 ./Components/Src/dio.o
                0x00000000080005a8                DIO_WriteHigh
 .text.DIO_Write
                0x00000000080005c8       0x24 ./Components/Src/dio.o
                0x00000000080005c8                DIO_Write
 .text.DIO_Toggle
                0x00000000080005ec       0x20 ./Components/Src/dio.o
                0x00000000080005ec                DIO_Toggle
 .text.DIO_Read
                0x000000000800060c       0x2c ./Components/Src/dio.o
                0x000000000800060c                DIO_Read
 .text.disp_write_data
                0x0000000008000638       0x4e ./Components/Src/disp.o
                0x0000000008000638                disp_write_data
 .text.disp_disable_all_digits
                0x0000000008000686       0x32 ./Components/Src/disp.o
                0x0000000008000686                disp_disable_all_digits
 .text.disp_enable_digit
                0x00000000080006b8       0x28 ./Components/Src/disp.o
                0x00000000080006b8                disp_enable_digit
 .text.disp_enable_decimal_point
                0x00000000080006e0       0x1a ./Components/Src/disp.o
                0x00000000080006e0                disp_enable_decimal_point
 .text.disp_disable_decimal_point
                0x00000000080006fa       0x1a ./Components/Src/disp.o
                0x00000000080006fa                disp_disable_decimal_point
 .text.DISP_printDecUInt
                0x0000000008000714       0x6c ./Components/Src/disp.o
                0x0000000008000714                DISP_printDecUInt
 .text.DISP_ROUTINE
                0x0000000008000780       0x90 ./Components/Src/disp.o
                0x0000000008000780                DISP_ROUTINE
 .text.LED_DIO_Toggle
                0x0000000008000810       0x18 ./Components/Src/led.o
                0x0000000008000810                LED_DIO_Toggle
 .text.MX_ADC1_Init
                0x0000000008000828       0xc0 ./Core/Src/adc.o
                0x0000000008000828                MX_ADC1_Init
 .text.HAL_ADC_MspInit
                0x00000000080008e8      0x12c ./Core/Src/adc.o
                0x00000000080008e8                HAL_ADC_MspInit
 .text.MX_DMA_Init
                0x0000000008000a14       0x3c ./Core/Src/dma.o
                0x0000000008000a14                MX_DMA_Init
 .text.MX_GPIO_Init
                0x0000000008000a50      0x3d0 ./Core/Src/gpio.o
                0x0000000008000a50                MX_GPIO_Init
 .text.HAL_TIM_PeriodElapsedCallback
                0x0000000008000e20       0xa4 ./Core/Src/main.o
                0x0000000008000e20                HAL_TIM_PeriodElapsedCallback
 .text.HAL_ADC_ConvCpltCallback
                0x0000000008000ec4       0x98 ./Core/Src/main.o
                0x0000000008000ec4                HAL_ADC_ConvCpltCallback
 .text.main     0x0000000008000f5c       0x40 ./Core/Src/main.o
                0x0000000008000f5c                main
 .text.SystemClock_Config
                0x0000000008000f9c       0xdc ./Core/Src/main.o
                0x0000000008000f9c                SystemClock_Config
 .text.Error_Handler
                0x0000000008001078        0xa ./Core/Src/main.o
                0x0000000008001078                Error_Handler
 *fill*         0x0000000008001082        0x2 
 .text.HAL_MspInit
                0x0000000008001084       0x48 ./Core/Src/stm32f7xx_hal_msp.o
                0x0000000008001084                HAL_MspInit
 .text.NMI_Handler
                0x00000000080010cc        0x6 ./Core/Src/stm32f7xx_it.o
                0x00000000080010cc                NMI_Handler
 .text.HardFault_Handler
                0x00000000080010d2        0x6 ./Core/Src/stm32f7xx_it.o
                0x00000000080010d2                HardFault_Handler
 .text.MemManage_Handler
                0x00000000080010d8        0x6 ./Core/Src/stm32f7xx_it.o
                0x00000000080010d8                MemManage_Handler
 .text.BusFault_Handler
                0x00000000080010de        0x6 ./Core/Src/stm32f7xx_it.o
                0x00000000080010de                BusFault_Handler
 .text.UsageFault_Handler
                0x00000000080010e4        0x6 ./Core/Src/stm32f7xx_it.o
                0x00000000080010e4                UsageFault_Handler
 .text.SVC_Handler
                0x00000000080010ea        0xe ./Core/Src/stm32f7xx_it.o
                0x00000000080010ea                SVC_Handler
 .text.DebugMon_Handler
                0x00000000080010f8        0xe ./Core/Src/stm32f7xx_it.o
                0x00000000080010f8                DebugMon_Handler
 .text.PendSV_Handler
                0x0000000008001106        0xe ./Core/Src/stm32f7xx_it.o
                0x0000000008001106                PendSV_Handler
 .text.SysTick_Handler
                0x0000000008001114        0xc ./Core/Src/stm32f7xx_it.o
                0x0000000008001114                SysTick_Handler
 .text.ADC_IRQHandler
                0x0000000008001120       0x14 ./Core/Src/stm32f7xx_it.o
                0x0000000008001120                ADC_IRQHandler
 .text.TIM2_IRQHandler
                0x0000000008001134       0x14 ./Core/Src/stm32f7xx_it.o
                0x0000000008001134                TIM2_IRQHandler
 .text.USART3_IRQHandler
                0x0000000008001148       0x14 ./Core/Src/stm32f7xx_it.o
                0x0000000008001148                USART3_IRQHandler
 .text.TIM6_DAC_IRQHandler
                0x000000000800115c       0x14 ./Core/Src/stm32f7xx_it.o
                0x000000000800115c                TIM6_DAC_IRQHandler
 .text.DMA2_Stream0_IRQHandler
                0x0000000008001170       0x14 ./Core/Src/stm32f7xx_it.o
                0x0000000008001170                DMA2_Stream0_IRQHandler
 .text.SystemInit
                0x0000000008001184       0x24 ./Core/Src/system_stm32f7xx.o
                0x0000000008001184                SystemInit
 .text.MX_TIM2_Init
                0x00000000080011a8       0x9c ./Core/Src/tim.o
                0x00000000080011a8                MX_TIM2_Init
 .text.MX_TIM3_Init
                0x0000000008001244       0xac ./Core/Src/tim.o
                0x0000000008001244                MX_TIM3_Init
 .text.MX_TIM6_Init
                0x00000000080012f0       0x6c ./Core/Src/tim.o
                0x00000000080012f0                MX_TIM6_Init
 .text.HAL_TIM_Base_MspInit
                0x000000000800135c      0x108 ./Core/Src/tim.o
                0x000000000800135c                HAL_TIM_Base_MspInit
 .text.HAL_TIM_Encoder_MspInit
                0x0000000008001464       0xc4 ./Core/Src/tim.o
                0x0000000008001464                HAL_TIM_Encoder_MspInit
 .text.MX_USART3_UART_Init
                0x0000000008001528       0x60 ./Core/Src/usart.o
                0x0000000008001528                MX_USART3_UART_Init
 .text.HAL_UART_MspInit
                0x0000000008001588       0xd0 ./Core/Src/usart.o
                0x0000000008001588                HAL_UART_MspInit
 .text.Reset_Handler
                0x0000000008001658       0x50 ./Core/Startup/startup_stm32f746zgtx.o
                0x0000000008001658                Reset_Handler
 .text.Default_Handler
                0x00000000080016a8        0x2 ./Core/Startup/startup_stm32f746zgtx.o
                0x00000000080016a8                RTC_Alarm_IRQHandler
                0x00000000080016a8                EXTI2_IRQHandler
                0x00000000080016a8                TIM8_CC_IRQHandler
                0x00000000080016a8                UART8_IRQHandler
                0x00000000080016a8                SPI4_IRQHandler
                0x00000000080016a8                TIM1_CC_IRQHandler
                0x00000000080016a8                DMA2_Stream5_IRQHandler
                0x00000000080016a8                DMA1_Stream5_IRQHandler
                0x00000000080016a8                PVD_IRQHandler
                0x00000000080016a8                TAMP_STAMP_IRQHandler
                0x00000000080016a8                CAN2_RX1_IRQHandler
                0x00000000080016a8                EXTI3_IRQHandler
                0x00000000080016a8                TIM8_TRG_COM_TIM14_IRQHandler
                0x00000000080016a8                TIM1_UP_TIM10_IRQHandler
                0x00000000080016a8                TIM8_UP_TIM13_IRQHandler
                0x00000000080016a8                I2C3_ER_IRQHandler
                0x00000000080016a8                EXTI0_IRQHandler
                0x00000000080016a8                I2C2_EV_IRQHandler
                0x00000000080016a8                DMA1_Stream2_IRQHandler
                0x00000000080016a8                CAN1_RX0_IRQHandler
                0x00000000080016a8                FPU_IRQHandler
                0x00000000080016a8                OTG_HS_WKUP_IRQHandler
                0x00000000080016a8                LTDC_ER_IRQHandler
                0x00000000080016a8                CAN2_SCE_IRQHandler
                0x00000000080016a8                DMA2_Stream2_IRQHandler
                0x00000000080016a8                SPI1_IRQHandler
                0x00000000080016a8                TIM1_BRK_TIM9_IRQHandler
                0x00000000080016a8                DCMI_IRQHandler
                0x00000000080016a8                CAN2_RX0_IRQHandler
                0x00000000080016a8                DMA2_Stream3_IRQHandler
                0x00000000080016a8                SAI2_IRQHandler
                0x00000000080016a8                USART6_IRQHandler
                0x00000000080016a8                CAN1_RX1_IRQHandler
                0x00000000080016a8                UART5_IRQHandler
                0x00000000080016a8                TIM4_IRQHandler
                0x00000000080016a8                QUADSPI_IRQHandler
                0x00000000080016a8                I2C1_EV_IRQHandler
                0x00000000080016a8                DMA1_Stream6_IRQHandler
                0x00000000080016a8                DMA1_Stream1_IRQHandler
                0x00000000080016a8                UART4_IRQHandler
                0x00000000080016a8                TIM3_IRQHandler
                0x00000000080016a8                RCC_IRQHandler
                0x00000000080016a8                TIM8_BRK_TIM12_IRQHandler
                0x00000000080016a8                Default_Handler
                0x00000000080016a8                CEC_IRQHandler
                0x00000000080016a8                EXTI15_10_IRQHandler
                0x00000000080016a8                DMA1_Stream7_IRQHandler
                0x00000000080016a8                SPI5_IRQHandler
                0x00000000080016a8                TIM7_IRQHandler
                0x00000000080016a8                SDMMC1_IRQHandler
                0x00000000080016a8                CAN2_TX_IRQHandler
                0x00000000080016a8                TIM5_IRQHandler
                0x00000000080016a8                DMA2_Stream7_IRQHandler
                0x00000000080016a8                I2C3_EV_IRQHandler
                0x00000000080016a8                EXTI9_5_IRQHandler
                0x00000000080016a8                RTC_WKUP_IRQHandler
                0x00000000080016a8                LTDC_IRQHandler
                0x00000000080016a8                ETH_WKUP_IRQHandler
                0x00000000080016a8                SPDIF_RX_IRQHandler
                0x00000000080016a8                SPI2_IRQHandler
                0x00000000080016a8                OTG_HS_EP1_IN_IRQHandler
                0x00000000080016a8                DMA1_Stream0_IRQHandler
                0x00000000080016a8                CAN1_TX_IRQHandler
                0x00000000080016a8                EXTI4_IRQHandler
                0x00000000080016a8                RNG_IRQHandler
                0x00000000080016a8                ETH_IRQHandler
                0x00000000080016a8                OTG_HS_EP1_OUT_IRQHandler
                0x00000000080016a8                WWDG_IRQHandler
                0x00000000080016a8                SPI6_IRQHandler
                0x00000000080016a8                I2C4_EV_IRQHandler
                0x00000000080016a8                OTG_FS_WKUP_IRQHandler
                0x00000000080016a8                TIM1_TRG_COM_TIM11_IRQHandler
                0x00000000080016a8                OTG_HS_IRQHandler
                0x00000000080016a8                DMA2D_IRQHandler
                0x00000000080016a8                EXTI1_IRQHandler
                0x00000000080016a8                UART7_IRQHandler
                0x00000000080016a8                USART2_IRQHandler
                0x00000000080016a8                I2C2_ER_IRQHandler
                0x00000000080016a8                DMA2_Stream1_IRQHandler
                0x00000000080016a8                CAN1_SCE_IRQHandler
                0x00000000080016a8                FLASH_IRQHandler
                0x00000000080016a8                DMA2_Stream4_IRQHandler
                0x00000000080016a8                USART1_IRQHandler
                0x00000000080016a8                OTG_FS_IRQHandler
                0x00000000080016a8                SPI3_IRQHandler
                0x00000000080016a8                DMA1_Stream4_IRQHandler
                0x00000000080016a8                I2C1_ER_IRQHandler
                0x00000000080016a8                FMC_IRQHandler
                0x00000000080016a8                LPTIM1_IRQHandler
                0x00000000080016a8                I2C4_ER_IRQHandler
                0x00000000080016a8                DMA2_Stream6_IRQHandler
                0x00000000080016a8                SAI1_IRQHandler
                0x00000000080016a8                DMA1_Stream3_IRQHandler
 .text.HAL_Init
                0x00000000080016aa       0x1a ./Drivers/STM32F7xx_HAL_Driver/Src/stm32f7xx_hal.o
                0x00000000080016aa                HAL_Init
 .text.HAL_InitTick
                0x00000000080016c4       0x60 ./Drivers/STM32F7xx_HAL_Driver/Src/stm32f7xx_hal.o
                0x00000000080016c4                HAL_InitTick
 .text.HAL_IncTick
                0x0000000008001724       0x28 ./Drivers/STM32F7xx_HAL_Driver/Src/stm32f7xx_hal.o
                0x0000000008001724                HAL_IncTick
 .text.HAL_GetTick
                0x000000000800174c       0x18 ./Drivers/STM32F7xx_HAL_Driver/Src/stm32f7xx_hal.o
                0x000000000800174c                HAL_GetTick
 .text.HAL_ADC_Init
                0x0000000008001764       0x88 ./Drivers/STM32F7xx_HAL_Driver/Src/stm32f7xx_hal_adc.o
                0x0000000008001764                HAL_ADC_Init
 .text.HAL_ADC_IRQHandler
                0x00000000080017ec      0x220 ./Drivers/STM32F7xx_HAL_Driver/Src/stm32f7xx_hal_adc.o
                0x00000000080017ec                HAL_ADC_IRQHandler
 .text.HAL_ADC_Start_DMA
                0x0000000008001a0c      0x1f4 ./Drivers/STM32F7xx_HAL_Driver/Src/stm32f7xx_hal_adc.o
                0x0000000008001a0c                HAL_ADC_Start_DMA
 .text.HAL_ADC_ConvHalfCpltCallback
                0x0000000008001c00       0x14 ./Drivers/STM32F7xx_HAL_Driver/Src/stm32f7xx_hal_adc.o
                0x0000000008001c00                HAL_ADC_ConvHalfCpltCallback
 .text.HAL_ADC_LevelOutOfWindowCallback
                0x0000000008001c14       0x14 ./Drivers/STM32F7xx_HAL_Driver/Src/stm32f7xx_hal_adc.o
                0x0000000008001c14                HAL_ADC_LevelOutOfWindowCallback
 .text.HAL_ADC_ErrorCallback
                0x0000000008001c28       0x14 ./Drivers/STM32F7xx_HAL_Driver/Src/stm32f7xx_hal_adc.o
                0x0000000008001c28                HAL_ADC_ErrorCallback
 .text.HAL_ADC_ConfigChannel
                0x0000000008001c3c      0x2ac ./Drivers/STM32F7xx_HAL_Driver/Src/stm32f7xx_hal_adc.o
                0x0000000008001c3c                HAL_ADC_ConfigChannel
 .text.ADC_Init
                0x0000000008001ee8      0x1f4 ./Drivers/STM32F7xx_HAL_Driver/Src/stm32f7xx_hal_adc.o
 .text.ADC_DMAConvCplt
                0x00000000080020dc       0xba ./Drivers/STM32F7xx_HAL_Driver/Src/stm32f7xx_hal_adc.o
 .text.ADC_DMAHalfConvCplt
                0x0000000008002196       0x1c ./Drivers/STM32F7xx_HAL_Driver/Src/stm32f7xx_hal_adc.o
 .text.ADC_DMAError
                0x00000000080021b2       0x2e ./Drivers/STM32F7xx_HAL_Driver/Src/stm32f7xx_hal_adc.o
 .text.HAL_ADCEx_InjectedConvCpltCallback
                0x00000000080021e0       0x14 ./Drivers/STM32F7xx_HAL_Driver/Src/stm32f7xx_hal_adc_ex.o
                0x00000000080021e0                HAL_ADCEx_InjectedConvCpltCallback
 .text.__NVIC_SetPriorityGrouping
                0x00000000080021f4       0x48 ./Drivers/STM32F7xx_HAL_Driver/Src/stm32f7xx_hal_cortex.o
 .text.__NVIC_GetPriorityGrouping
                0x000000000800223c       0x1c ./Drivers/STM32F7xx_HAL_Driver/Src/stm32f7xx_hal_cortex.o
 .text.__NVIC_EnableIRQ
                0x0000000008002258       0x3c ./Drivers/STM32F7xx_HAL_Driver/Src/stm32f7xx_hal_cortex.o
 .text.__NVIC_SetPriority
                0x0000000008002294       0x54 ./Drivers/STM32F7xx_HAL_Driver/Src/stm32f7xx_hal_cortex.o
 .text.NVIC_EncodePriority
                0x00000000080022e8       0x66 ./Drivers/STM32F7xx_HAL_Driver/Src/stm32f7xx_hal_cortex.o
 *fill*         0x000000000800234e        0x2 
 .text.SysTick_Config
                0x0000000008002350       0x44 ./Drivers/STM32F7xx_HAL_Driver/Src/stm32f7xx_hal_cortex.o
 .text.HAL_NVIC_SetPriorityGrouping
                0x0000000008002394       0x16 ./Drivers/STM32F7xx_HAL_Driver/Src/stm32f7xx_hal_cortex.o
                0x0000000008002394                HAL_NVIC_SetPriorityGrouping
 .text.HAL_NVIC_SetPriority
                0x00000000080023aa       0x38 ./Drivers/STM32F7xx_HAL_Driver/Src/stm32f7xx_hal_cortex.o
                0x00000000080023aa                HAL_NVIC_SetPriority
 .text.HAL_NVIC_EnableIRQ
                0x00000000080023e2       0x1c ./Drivers/STM32F7xx_HAL_Driver/Src/stm32f7xx_hal_cortex.o
                0x00000000080023e2                HAL_NVIC_EnableIRQ
 .text.HAL_SYSTICK_Config
                0x00000000080023fe       0x18 ./Drivers/STM32F7xx_HAL_Driver/Src/stm32f7xx_hal_cortex.o
                0x00000000080023fe                HAL_SYSTICK_Config
 *fill*         0x0000000008002416        0x2 
 .text.HAL_DMA_Init
                0x0000000008002418      0x15c ./Drivers/STM32F7xx_HAL_Driver/Src/stm32f7xx_hal_dma.o
                0x0000000008002418                HAL_DMA_Init
 .text.HAL_DMA_Start_IT
                0x0000000008002574       0xc0 ./Drivers/STM32F7xx_HAL_Driver/Src/stm32f7xx_hal_dma.o
                0x0000000008002574                HAL_DMA_Start_IT
 .text.HAL_DMA_Abort
                0x0000000008002634       0xe0 ./Drivers/STM32F7xx_HAL_Driver/Src/stm32f7xx_hal_dma.o
                0x0000000008002634                HAL_DMA_Abort
 .text.HAL_DMA_Abort_IT
                0x0000000008002714       0x44 ./Drivers/STM32F7xx_HAL_Driver/Src/stm32f7xx_hal_dma.o
                0x0000000008002714                HAL_DMA_Abort_IT
 .text.HAL_DMA_IRQHandler
                0x0000000008002758      0x314 ./Drivers/STM32F7xx_HAL_Driver/Src/stm32f7xx_hal_dma.o
                0x0000000008002758                HAL_DMA_IRQHandler
 .text.DMA_SetConfig
                0x0000000008002a6c       0x5c ./Drivers/STM32F7xx_HAL_Driver/Src/stm32f7xx_hal_dma.o
 .text.DMA_CalcBaseAndBitshift
                0x0000000008002ac8       0x6c ./Drivers/STM32F7xx_HAL_Driver/Src/stm32f7xx_hal_dma.o
 .text.DMA_CheckFifoParam
                0x0000000008002b34       0xf8 ./Drivers/STM32F7xx_HAL_Driver/Src/stm32f7xx_hal_dma.o
 .text.HAL_GPIO_Init
                0x0000000008002c2c      0x358 ./Drivers/STM32F7xx_HAL_Driver/Src/stm32f7xx_hal_gpio.o
                0x0000000008002c2c                HAL_GPIO_Init
 .text.HAL_GPIO_ReadPin
                0x0000000008002f84       0x30 ./Drivers/STM32F7xx_HAL_Driver/Src/stm32f7xx_hal_gpio.o
                0x0000000008002f84                HAL_GPIO_ReadPin
 .text.HAL_GPIO_WritePin
                0x0000000008002fb4       0x32 ./Drivers/STM32F7xx_HAL_Driver/Src/stm32f7xx_hal_gpio.o
                0x0000000008002fb4                HAL_GPIO_WritePin
 .text.HAL_GPIO_TogglePin
                0x0000000008002fe6       0x34 ./Drivers/STM32F7xx_HAL_Driver/Src/stm32f7xx_hal_gpio.o
                0x0000000008002fe6                HAL_GPIO_TogglePin
 *fill*         0x000000000800301a        0x2 
 .text.HAL_PWR_EnableBkUpAccess
                0x000000000800301c       0x20 ./Drivers/STM32F7xx_HAL_Driver/Src/stm32f7xx_hal_pwr.o
                0x000000000800301c                HAL_PWR_EnableBkUpAccess
 .text.HAL_PWREx_EnableOverDrive
                0x000000000800303c       0xa0 ./Drivers/STM32F7xx_HAL_Driver/Src/stm32f7xx_hal_pwr_ex.o
                0x000000000800303c                HAL_PWREx_EnableOverDrive
 .text.HAL_RCC_OscConfig
                0x00000000080030dc      0x548 ./Drivers/STM32F7xx_HAL_Driver/Src/stm32f7xx_hal_rcc.o
                0x00000000080030dc                HAL_RCC_OscConfig
 .text.HAL_RCC_ClockConfig
                0x0000000008003624      0x1d8 ./Drivers/STM32F7xx_HAL_Driver/Src/stm32f7xx_hal_rcc.o
                0x0000000008003624                HAL_RCC_ClockConfig
 .text.HAL_RCC_GetSysClockFreq
                0x00000000080037fc      0x20c ./Drivers/STM32F7xx_HAL_Driver/Src/stm32f7xx_hal_rcc.o
                0x00000000080037fc                HAL_RCC_GetSysClockFreq
 .text.HAL_RCC_GetHCLKFreq
                0x0000000008003a08       0x18 ./Drivers/STM32F7xx_HAL_Driver/Src/stm32f7xx_hal_rcc.o
                0x0000000008003a08                HAL_RCC_GetHCLKFreq
 .text.HAL_RCC_GetPCLK1Freq
                0x0000000008003a20       0x28 ./Drivers/STM32F7xx_HAL_Driver/Src/stm32f7xx_hal_rcc.o
                0x0000000008003a20                HAL_RCC_GetPCLK1Freq
 .text.HAL_RCC_GetPCLK2Freq
                0x0000000008003a48       0x28 ./Drivers/STM32F7xx_HAL_Driver/Src/stm32f7xx_hal_rcc.o
                0x0000000008003a48                HAL_RCC_GetPCLK2Freq
 .text.HAL_RCCEx_PeriphCLKConfig
                0x0000000008003a70      0x7e0 ./Drivers/STM32F7xx_HAL_Driver/Src/stm32f7xx_hal_rcc_ex.o
                0x0000000008003a70                HAL_RCCEx_PeriphCLKConfig
 .text.HAL_TIM_Base_Init
                0x0000000008004250       0xae ./Drivers/STM32F7xx_HAL_Driver/Src/stm32f7xx_hal_tim.o
                0x0000000008004250                HAL_TIM_Base_Init
 *fill*         0x00000000080042fe        0x2 
 .text.HAL_TIM_Base_Start_IT
                0x0000000008004300       0xf0 ./Drivers/STM32F7xx_HAL_Driver/Src/stm32f7xx_hal_tim.o
                0x0000000008004300                HAL_TIM_Base_Start_IT
 .text.HAL_TIM_Encoder_Init
                0x00000000080043f0      0x14c ./Drivers/STM32F7xx_HAL_Driver/Src/stm32f7xx_hal_tim.o
                0x00000000080043f0                HAL_TIM_Encoder_Init
 .text.HAL_TIM_IRQHandler
                0x000000000800453c      0x23e ./Drivers/STM32F7xx_HAL_Driver/Src/stm32f7xx_hal_tim.o
                0x000000000800453c                HAL_TIM_IRQHandler
 *fill*         0x000000000800477a        0x2 
 .text.HAL_TIM_ConfigClockSource
                0x000000000800477c      0x194 ./Drivers/STM32F7xx_HAL_Driver/Src/stm32f7xx_hal_tim.o
                0x000000000800477c                HAL_TIM_ConfigClockSource
 .text.HAL_TIM_OC_DelayElapsedCallback
                0x0000000008004910       0x14 ./Drivers/STM32F7xx_HAL_Driver/Src/stm32f7xx_hal_tim.o
                0x0000000008004910                HAL_TIM_OC_DelayElapsedCallback
 .text.HAL_TIM_IC_CaptureCallback
                0x0000000008004924       0x14 ./Drivers/STM32F7xx_HAL_Driver/Src/stm32f7xx_hal_tim.o
                0x0000000008004924                HAL_TIM_IC_CaptureCallback
 .text.HAL_TIM_PWM_PulseFinishedCallback
                0x0000000008004938       0x14 ./Drivers/STM32F7xx_HAL_Driver/Src/stm32f7xx_hal_tim.o
                0x0000000008004938                HAL_TIM_PWM_PulseFinishedCallback
 .text.HAL_TIM_TriggerCallback
                0x000000000800494c       0x14 ./Drivers/STM32F7xx_HAL_Driver/Src/stm32f7xx_hal_tim.o
                0x000000000800494c                HAL_TIM_TriggerCallback
 .text.TIM_Base_SetConfig
                0x0000000008004960      0x140 ./Drivers/STM32F7xx_HAL_Driver/Src/stm32f7xx_hal_tim.o
                0x0000000008004960                TIM_Base_SetConfig
 .text.TIM_TI1_ConfigInputStage
                0x0000000008004aa0       0x5e ./Drivers/STM32F7xx_HAL_Driver/Src/stm32f7xx_hal_tim.o
 .text.TIM_TI2_ConfigInputStage
                0x0000000008004afe       0x60 ./Drivers/STM32F7xx_HAL_Driver/Src/stm32f7xx_hal_tim.o
 .text.TIM_ITRx_SetConfig
                0x0000000008004b5e       0x36 ./Drivers/STM32F7xx_HAL_Driver/Src/stm32f7xx_hal_tim.o
 .text.TIM_ETR_SetConfig
                0x0000000008004b94       0x40 ./Drivers/STM32F7xx_HAL_Driver/Src/stm32f7xx_hal_tim.o
                0x0000000008004b94                TIM_ETR_SetConfig
 .text.HAL_TIMEx_MasterConfigSynchronization
                0x0000000008004bd4      0x11c ./Drivers/STM32F7xx_HAL_Driver/Src/stm32f7xx_hal_tim_ex.o
                0x0000000008004bd4                HAL_TIMEx_MasterConfigSynchronization
 .text.HAL_TIMEx_CommutCallback
                0x0000000008004cf0       0x14 ./Drivers/STM32F7xx_HAL_Driver/Src/stm32f7xx_hal_tim_ex.o
                0x0000000008004cf0                HAL_TIMEx_CommutCallback
 .text.HAL_TIMEx_BreakCallback
                0x0000000008004d04       0x14 ./Drivers/STM32F7xx_HAL_Driver/Src/stm32f7xx_hal_tim_ex.o
                0x0000000008004d04                HAL_TIMEx_BreakCallback
 .text.HAL_TIMEx_Break2Callback
                0x0000000008004d18       0x14 ./Drivers/STM32F7xx_HAL_Driver/Src/stm32f7xx_hal_tim_ex.o
                0x0000000008004d18                HAL_TIMEx_Break2Callback
 .text.HAL_UART_Init
                0x0000000008004d2c       0x9c ./Drivers/STM32F7xx_HAL_Driver/Src/stm32f7xx_hal_uart.o
                0x0000000008004d2c                HAL_UART_Init
 .text.HAL_UART_IRQHandler
                0x0000000008004dc8      0x5a4 ./Drivers/STM32F7xx_HAL_Driver/Src/stm32f7xx_hal_uart.o
                0x0000000008004dc8                HAL_UART_IRQHandler
 .text.HAL_UART_TxCpltCallback
                0x000000000800536c       0x14 ./Drivers/STM32F7xx_HAL_Driver/Src/stm32f7xx_hal_uart.o
                0x000000000800536c                HAL_UART_TxCpltCallback
 .text.HAL_UART_ErrorCallback
                0x0000000008005380       0x14 ./Drivers/STM32F7xx_HAL_Driver/Src/stm32f7xx_hal_uart.o
                0x0000000008005380                HAL_UART_ErrorCallback
 .text.HAL_UARTEx_RxEventCallback
                0x0000000008005394       0x18 ./Drivers/STM32F7xx_HAL_Driver/Src/stm32f7xx_hal_uart.o
                0x0000000008005394                HAL_UARTEx_RxEventCallback
 .text.UART_SetConfig
                0x00000000080053ac      0x4c8 ./Drivers/STM32F7xx_HAL_Driver/Src/stm32f7xx_hal_uart.o
                0x00000000080053ac                UART_SetConfig
 .text.UART_AdvFeatureConfig
                0x0000000008005874      0x144 ./Drivers/STM32F7xx_HAL_Driver/Src/stm32f7xx_hal_uart.o
                0x0000000008005874                UART_AdvFeatureConfig
 .text.UART_CheckIdleState
                0x00000000080059b8       0x6e ./Drivers/STM32F7xx_HAL_Driver/Src/stm32f7xx_hal_uart.o
                0x00000000080059b8                UART_CheckIdleState
 .text.UART_WaitOnFlagUntilTimeout
                0x0000000008005a26      0x18c ./Drivers/STM32F7xx_HAL_Driver/Src/stm32f7xx_hal_uart.o
                0x0000000008005a26                UART_WaitOnFlagUntilTimeout
 .text.UART_EndRxTransfer
                0x0000000008005bb2       0xc8 ./Drivers/STM32F7xx_HAL_Driver/Src/stm32f7xx_hal_uart.o
 .text.UART_DMAAbortOnError
                0x0000000008005c7a       0x2c ./Drivers/STM32F7xx_HAL_Driver/Src/stm32f7xx_hal_uart.o
 .text.UART_EndTransmit_IT
                0x0000000008005ca6       0x54 ./Drivers/STM32F7xx_HAL_Driver/Src/stm32f7xx_hal_uart.o
 *fill*         0x0000000008005cfa        0x2 
 .text.__libc_init_array
                0x0000000008005cfc       0x48 c:/st/stm32cubeide_1.8.0/stm32cubeide/plugins/com.st.stm32cube.ide.mcu.externaltools.gnu-tools-for-stm32.10.3-2021.10.win32_1.0.0.202111181127/tools/bin/../lib/gcc/arm-none-eabi/10.3.1/../../../../arm-none-eabi/lib/thumb/v7e-m+fp/hard\libc_nano.a(lib_a-init.o)
                0x0000000008005cfc                __libc_init_array
 .text.memset   0x0000000008005d44       0x10 c:/st/stm32cubeide_1.8.0/stm32cubeide/plugins/com.st.stm32cube.ide.mcu.externaltools.gnu-tools-for-stm32.10.3-2021.10.win32_1.0.0.202111181127/tools/bin/../lib/gcc/arm-none-eabi/10.3.1/../../../../arm-none-eabi/lib/thumb/v7e-m+fp/hard\libc_nano.a(lib_a-memset.o)
                0x0000000008005d44                memset
 *(.glue_7)
 .glue_7        0x0000000008005d54        0x0 linker stubs
 *(.glue_7t)
 .glue_7t       0x0000000008005d54        0x0 linker stubs
 *(.eh_frame)
 .eh_frame      0x0000000008005d54        0x0 c:/st/stm32cubeide_1.8.0/stm32cubeide/plugins/com.st.stm32cube.ide.mcu.externaltools.gnu-tools-for-stm32.10.3-2021.10.win32_1.0.0.202111181127/tools/bin/../lib/gcc/arm-none-eabi/10.3.1/thumb/v7e-m+fp/hard/crtbegin.o
 *(.init)
 .init          0x0000000008005d54        0x4 c:/st/stm32cubeide_1.8.0/stm32cubeide/plugins/com.st.stm32cube.ide.mcu.externaltools.gnu-tools-for-stm32.10.3-2021.10.win32_1.0.0.202111181127/tools/bin/../lib/gcc/arm-none-eabi/10.3.1/thumb/v7e-m+fp/hard/crti.o
                0x0000000008005d54                _init
 .init          0x0000000008005d58        0x8 c:/st/stm32cubeide_1.8.0/stm32cubeide/plugins/com.st.stm32cube.ide.mcu.externaltools.gnu-tools-for-stm32.10.3-2021.10.win32_1.0.0.202111181127/tools/bin/../lib/gcc/arm-none-eabi/10.3.1/thumb/v7e-m+fp/hard/crtn.o
 *(.fini)
 .fini          0x0000000008005d60        0x4 c:/st/stm32cubeide_1.8.0/stm32cubeide/plugins/com.st.stm32cube.ide.mcu.externaltools.gnu-tools-for-stm32.10.3-2021.10.win32_1.0.0.202111181127/tools/bin/../lib/gcc/arm-none-eabi/10.3.1/thumb/v7e-m+fp/hard/crti.o
                0x0000000008005d60                _fini
 .fini          0x0000000008005d64        0x8 c:/st/stm32cubeide_1.8.0/stm32cubeide/plugins/com.st.stm32cube.ide.mcu.externaltools.gnu-tools-for-stm32.10.3-2021.10.win32_1.0.0.202111181127/tools/bin/../lib/gcc/arm-none-eabi/10.3.1/thumb/v7e-m+fp/hard/crtn.o
                0x0000000008005d6c                . = ALIGN (0x4)
                0x0000000008005d6c                _etext = .

.vfp11_veneer   0x0000000008005d6c        0x0
 .vfp11_veneer  0x0000000008005d6c        0x0 linker stubs

.v4_bx          0x0000000008005d6c        0x0
 .v4_bx         0x0000000008005d6c        0x0 linker stubs

.iplt           0x0000000008005d6c        0x0
 .iplt          0x0000000008005d6c        0x0 c:/st/stm32cubeide_1.8.0/stm32cubeide/plugins/com.st.stm32cube.ide.mcu.externaltools.gnu-tools-for-stm32.10.3-2021.10.win32_1.0.0.202111181127/tools/bin/../lib/gcc/arm-none-eabi/10.3.1/thumb/v7e-m+fp/hard/crtbegin.o

.rodata         0x0000000008005d6c       0x2c
                0x0000000008005d6c                . = ALIGN (0x4)
 *(.rodata)
 *(.rodata*)
 .rodata.DISP_COMMON_ANODE_DECIMALS
                0x0000000008005d6c        0xb ./Components/Src/disp.o
                0x0000000008005d6c                DISP_COMMON_ANODE_DECIMALS
 *fill*         0x0000000008005d77        0x1 
 .rodata.AHBPrescTable
                0x0000000008005d78       0x10 ./Core/Src/system_stm32f7xx.o
                0x0000000008005d78                AHBPrescTable
 .rodata.APBPrescTable
                0x0000000008005d88        0x8 ./Core/Src/system_stm32f7xx.o
                0x0000000008005d88                APBPrescTable
 .rodata.flagBitshiftOffset.0
                0x0000000008005d90        0x8 ./Drivers/STM32F7xx_HAL_Driver/Src/stm32f7xx_hal_dma.o
                0x0000000008005d98                . = ALIGN (0x4)

.ARM.extab      0x0000000008005d98        0x0
                0x0000000008005d98                . = ALIGN (0x4)
 *(.ARM.extab* .gnu.linkonce.armextab.*)
                0x0000000008005d98                . = ALIGN (0x4)

.ARM            0x0000000008005d98        0x8
                0x0000000008005d98                . = ALIGN (0x4)
                0x0000000008005d98                __exidx_start = .
 *(.ARM.exidx*)
 .ARM.exidx     0x0000000008005d98        0x8 c:/st/stm32cubeide_1.8.0/stm32cubeide/plugins/com.st.stm32cube.ide.mcu.externaltools.gnu-tools-for-stm32.10.3-2021.10.win32_1.0.0.202111181127/tools/bin/../lib/gcc/arm-none-eabi/10.3.1/thumb/v7e-m+fp/hard\libgcc.a(_udivmoddi4.o)
                0x0000000008005da0                __exidx_end = .
                0x0000000008005da0                . = ALIGN (0x4)

.rel.dyn        0x0000000008005da0        0x0
 .rel.iplt      0x0000000008005da0        0x0 c:/st/stm32cubeide_1.8.0/stm32cubeide/plugins/com.st.stm32cube.ide.mcu.externaltools.gnu-tools-for-stm32.10.3-2021.10.win32_1.0.0.202111181127/tools/bin/../lib/gcc/arm-none-eabi/10.3.1/thumb/v7e-m+fp/hard/crtbegin.o

.preinit_array  0x0000000008005da0        0x0
                0x0000000008005da0                . = ALIGN (0x4)
                0x0000000008005da0                PROVIDE (__preinit_array_start = .)
 *(.preinit_array*)
                0x0000000008005da0                PROVIDE (__preinit_array_end = .)
                0x0000000008005da0                . = ALIGN (0x4)

.init_array     0x0000000008005da0        0x4
                0x0000000008005da0                . = ALIGN (0x4)
                0x0000000008005da0                PROVIDE (__init_array_start = .)
 *(SORT_BY_NAME(.init_array.*))
 *(.init_array*)
 .init_array    0x0000000008005da0        0x4 c:/st/stm32cubeide_1.8.0/stm32cubeide/plugins/com.st.stm32cube.ide.mcu.externaltools.gnu-tools-for-stm32.10.3-2021.10.win32_1.0.0.202111181127/tools/bin/../lib/gcc/arm-none-eabi/10.3.1/thumb/v7e-m+fp/hard/crtbegin.o
                0x0000000008005da4                PROVIDE (__init_array_end = .)
                0x0000000008005da4                . = ALIGN (0x4)

.fini_array     0x0000000008005da4        0x4
                0x0000000008005da4                . = ALIGN (0x4)
                [!provide]                        PROVIDE (__fini_array_start = .)
 *(SORT_BY_NAME(.fini_array.*))
 *(.fini_array*)
 .fini_array    0x0000000008005da4        0x4 c:/st/stm32cubeide_1.8.0/stm32cubeide/plugins/com.st.stm32cube.ide.mcu.externaltools.gnu-tools-for-stm32.10.3-2021.10.win32_1.0.0.202111181127/tools/bin/../lib/gcc/arm-none-eabi/10.3.1/thumb/v7e-m+fp/hard/crtbegin.o
                [!provide]                        PROVIDE (__fini_array_end = .)
                0x0000000008005da8                . = ALIGN (0x4)
                0x0000000008005da8                _sidata = LOADADDR (.data)

.data           0x0000000020000000       0x98 load address 0x0000000008005da8
                0x0000000020000000                . = ALIGN (0x4)
                0x0000000020000000                _sdata = .
 *(.data)
 *(.data*)
 .data.hbtn1    0x0000000020000000        0xc ./Components/Src/btn_config.o
                0x0000000020000000                hbtn1
 .data.hbtn2    0x000000002000000c        0xc ./Components/Src/btn_config.o
                0x000000002000000c                hbtn2
 .data.hdisp1   0x0000000020000018       0x68 ./Components/Src/disp_config.o
                0x0000000020000018                hdisp1
 .data.hld1     0x0000000020000080        0xc ./Components/Src/led_config.o
                0x0000000020000080                hld1
 .data.SystemCoreClock
                0x000000002000008c        0x4 ./Core/Src/system_stm32f7xx.o
                0x000000002000008c                SystemCoreClock
 .data.uwTickPrio
                0x0000000020000090        0x4 ./Drivers/STM32F7xx_HAL_Driver/Src/stm32f7xx_hal.o
                0x0000000020000090                uwTickPrio
 .data.uwTickFreq
                0x0000000020000094        0x1 ./Drivers/STM32F7xx_HAL_Driver/Src/stm32f7xx_hal.o
                0x0000000020000094                uwTickFreq
 *(.RamFunc)
 *(.RamFunc*)
                0x0000000020000098                . = ALIGN (0x4)
 *fill*         0x0000000020000095        0x3 
                0x0000000020000098                _edata = .

.igot.plt       0x0000000020000098        0x0 load address 0x0000000008005e40
 .igot.plt      0x0000000020000098        0x0 c:/st/stm32cubeide_1.8.0/stm32cubeide/plugins/com.st.stm32cube.ide.mcu.externaltools.gnu-tools-for-stm32.10.3-2021.10.win32_1.0.0.202111181127/tools/bin/../lib/gcc/arm-none-eabi/10.3.1/thumb/v7e-m+fp/hard/crtbegin.o
                0x0000000020000098                . = ALIGN (0x4)

.bss            0x0000000020000098      0x248 load address 0x0000000008005e40
                0x0000000020000098                _sbss = .
                0x0000000020000098                __bss_start__ = _sbss
 *(.bss)
 .bss           0x0000000020000098       0x1c c:/st/stm32cubeide_1.8.0/stm32cubeide/plugins/com.st.stm32cube.ide.mcu.externaltools.gnu-tools-for-stm32.10.3-2021.10.win32_1.0.0.202111181127/tools/bin/../lib/gcc/arm-none-eabi/10.3.1/thumb/v7e-m+fp/hard/crtbegin.o
 *(.bss*)
 .bss.dig.0     0x00000000200000b4        0x1 ./Components/Src/disp.o
 *fill*         0x00000000200000b5        0x3 
 .bss.hadc1     0x00000000200000b8       0x48 ./Core/Src/adc.o
                0x00000000200000b8                hadc1
 .bss.hdma_adc1
                0x0000000020000100       0x60 ./Core/Src/adc.o
                0x0000000020000100                hdma_adc1
 .bss.ADC1_DMA_BUF
                0x0000000020000160        0x4 ./Core/Src/main.o
                0x0000000020000160                ADC1_DMA_BUF
 .bss.pot_volts
                0x0000000020000164        0x8 ./Core/Src/main.o
                0x0000000020000164                pot_volts
 .bss.disp_input.0
                0x000000002000016c        0x4 ./Core/Src/main.o
 .bss.htim2     0x0000000020000170       0x4c ./Core/Src/tim.o
                0x0000000020000170                htim2
 .bss.htim3     0x00000000200001bc       0x4c ./Core/Src/tim.o
                0x00000000200001bc                htim3
 .bss.htim6     0x0000000020000208       0x4c ./Core/Src/tim.o
                0x0000000020000208                htim6
 .bss.huart3    0x0000000020000254       0x88 ./Core/Src/usart.o
                0x0000000020000254                huart3
 .bss.uwTick    0x00000000200002dc        0x4 ./Drivers/STM32F7xx_HAL_Driver/Src/stm32f7xx_hal.o
                0x00000000200002dc                uwTick
 *(COMMON)
                0x00000000200002e0                . = ALIGN (0x4)
                0x00000000200002e0                _ebss = .
                0x00000000200002e0                __bss_end__ = _ebss

._user_heap_stack
                0x00000000200002e0      0x600 load address 0x0000000008005e40
                0x00000000200002e0                . = ALIGN (0x8)
                [!provide]                        PROVIDE (end = .)
                0x00000000200002e0                PROVIDE (_end = .)
                0x00000000200004e0                . = (. + _Min_Heap_Size)
 *fill*         0x00000000200002e0      0x200 
                0x00000000200008e0                . = (. + _Min_Stack_Size)
 *fill*         0x00000000200004e0      0x400 
                0x00000000200008e0                . = ALIGN (0x8)

/DISCARD/
 libc.a(*)
 libm.a(*)
 libgcc.a(*)

.ARM.attributes
                0x0000000000000000       0x30
 *(.ARM.attributes)
 .ARM.attributes
                0x0000000000000000       0x1e c:/st/stm32cubeide_1.8.0/stm32cubeide/plugins/com.st.stm32cube.ide.mcu.externaltools.gnu-tools-for-stm32.10.3-2021.10.win32_1.0.0.202111181127/tools/bin/../lib/gcc/arm-none-eabi/10.3.1/thumb/v7e-m+fp/hard/crti.o
 .ARM.attributes
                0x000000000000001e       0x34 c:/st/stm32cubeide_1.8.0/stm32cubeide/plugins/com.st.stm32cube.ide.mcu.externaltools.gnu-tools-for-stm32.10.3-2021.10.win32_1.0.0.202111181127/tools/bin/../lib/gcc/arm-none-eabi/10.3.1/thumb/v7e-m+fp/hard/crtbegin.o
 .ARM.attributes
                0x0000000000000052       0x34 ./Components/Src/btn.o
 .ARM.attributes
                0x0000000000000086       0x34 ./Components/Src/btn_config.o
 .ARM.attributes
                0x00000000000000ba       0x34 ./Components/Src/dio.o
 .ARM.attributes
                0x00000000000000ee       0x34 ./Components/Src/disp.o
 .ARM.attributes
                0x0000000000000122       0x34 ./Components/Src/disp_config.o
 .ARM.attributes
                0x0000000000000156       0x34 ./Components/Src/led.o
 .ARM.attributes
                0x000000000000018a       0x34 ./Components/Src/led_config.o
 .ARM.attributes
                0x00000000000001be       0x34 ./Core/Src/adc.o
 .ARM.attributes
                0x00000000000001f2       0x34 ./Core/Src/dma.o
 .ARM.attributes
                0x0000000000000226       0x34 ./Core/Src/gpio.o
 .ARM.attributes
                0x000000000000025a       0x34 ./Core/Src/main.o
 .ARM.attributes
                0x000000000000028e       0x34 ./Core/Src/stm32f7xx_hal_msp.o
 .ARM.attributes
                0x00000000000002c2       0x34 ./Core/Src/stm32f7xx_it.o
 .ARM.attributes
                0x00000000000002f6       0x34 ./Core/Src/system_stm32f7xx.o
 .ARM.attributes
                0x000000000000032a       0x34 ./Core/Src/tim.o
 .ARM.attributes
                0x000000000000035e       0x34 ./Core/Src/usart.o
 .ARM.attributes
                0x0000000000000392       0x21 ./Core/Startup/startup_stm32f746zgtx.o
 .ARM.attributes
                0x00000000000003b3       0x34 ./Drivers/STM32F7xx_HAL_Driver/Src/stm32f7xx_hal.o
 .ARM.attributes
                0x00000000000003e7       0x34 ./Drivers/STM32F7xx_HAL_Driver/Src/stm32f7xx_hal_adc.o
 .ARM.attributes
                0x000000000000041b       0x34 ./Drivers/STM32F7xx_HAL_Driver/Src/stm32f7xx_hal_adc_ex.o
 .ARM.attributes
                0x000000000000044f       0x34 ./Drivers/STM32F7xx_HAL_Driver/Src/stm32f7xx_hal_cortex.o
 .ARM.attributes
                0x0000000000000483       0x34 ./Drivers/STM32F7xx_HAL_Driver/Src/stm32f7xx_hal_dma.o
 .ARM.attributes
                0x00000000000004b7       0x34 ./Drivers/STM32F7xx_HAL_Driver/Src/stm32f7xx_hal_gpio.o
 .ARM.attributes
                0x00000000000004eb       0x34 ./Drivers/STM32F7xx_HAL_Driver/Src/stm32f7xx_hal_pwr.o
 .ARM.attributes
                0x000000000000051f       0x34 ./Drivers/STM32F7xx_HAL_Driver/Src/stm32f7xx_hal_pwr_ex.o
 .ARM.attributes
                0x0000000000000553       0x34 ./Drivers/STM32F7xx_HAL_Driver/Src/stm32f7xx_hal_rcc.o
 .ARM.attributes
                0x0000000000000587       0x34 ./Drivers/STM32F7xx_HAL_Driver/Src/stm32f7xx_hal_rcc_ex.o
 .ARM.attributes
                0x00000000000005bb       0x34 ./Drivers/STM32F7xx_HAL_Driver/Src/stm32f7xx_hal_tim.o
 .ARM.attributes
                0x00000000000005ef       0x34 ./Drivers/STM32F7xx_HAL_Driver/Src/stm32f7xx_hal_tim_ex.o
 .ARM.attributes
                0x0000000000000623       0x34 ./Drivers/STM32F7xx_HAL_Driver/Src/stm32f7xx_hal_uart.o
 .ARM.attributes
                0x0000000000000657       0x34 c:/st/stm32cubeide_1.8.0/stm32cubeide/plugins/com.st.stm32cube.ide.mcu.externaltools.gnu-tools-for-stm32.10.3-2021.10.win32_1.0.0.202111181127/tools/bin/../lib/gcc/arm-none-eabi/10.3.1/../../../../arm-none-eabi/lib/thumb/v7e-m+fp/hard\libc_nano.a(lib_a-init.o)
 .ARM.attributes
                0x000000000000068b       0x34 c:/st/stm32cubeide_1.8.0/stm32cubeide/plugins/com.st.stm32cube.ide.mcu.externaltools.gnu-tools-for-stm32.10.3-2021.10.win32_1.0.0.202111181127/tools/bin/../lib/gcc/arm-none-eabi/10.3.1/../../../../arm-none-eabi/lib/thumb/v7e-m+fp/hard\libc_nano.a(lib_a-memset.o)
 .ARM.attributes
                0x00000000000006bf       0x1e c:/st/stm32cubeide_1.8.0/stm32cubeide/plugins/com.st.stm32cube.ide.mcu.externaltools.gnu-tools-for-stm32.10.3-2021.10.win32_1.0.0.202111181127/tools/bin/../lib/gcc/arm-none-eabi/10.3.1/thumb/v7e-m+fp/hard\libgcc.a(_aeabi_uldivmod.o)
 .ARM.attributes
                0x00000000000006dd       0x34 c:/st/stm32cubeide_1.8.0/stm32cubeide/plugins/com.st.stm32cube.ide.mcu.externaltools.gnu-tools-for-stm32.10.3-2021.10.win32_1.0.0.202111181127/tools/bin/../lib/gcc/arm-none-eabi/10.3.1/thumb/v7e-m+fp/hard\libgcc.a(_udivmoddi4.o)
 .ARM.attributes
                0x0000000000000711       0x1e c:/st/stm32cubeide_1.8.0/stm32cubeide/plugins/com.st.stm32cube.ide.mcu.externaltools.gnu-tools-for-stm32.10.3-2021.10.win32_1.0.0.202111181127/tools/bin/../lib/gcc/arm-none-eabi/10.3.1/thumb/v7e-m+fp/hard\libgcc.a(_dvmd_tls.o)
 .ARM.attributes
                0x000000000000072f       0x1e c:/st/stm32cubeide_1.8.0/stm32cubeide/plugins/com.st.stm32cube.ide.mcu.externaltools.gnu-tools-for-stm32.10.3-2021.10.win32_1.0.0.202111181127/tools/bin/../lib/gcc/arm-none-eabi/10.3.1/thumb/v7e-m+fp/hard/crtn.o
OUTPUT(L07_Example.elf elf32-littlearm)
LOAD linker stubs
LOAD c:/st/stm32cubeide_1.8.0/stm32cubeide/plugins/com.st.stm32cube.ide.mcu.externaltools.gnu-tools-for-stm32.10.3-2021.10.win32_1.0.0.202111181127/tools/bin/../lib/gcc/arm-none-eabi/10.3.1/../../../../arm-none-eabi/lib/thumb/v7e-m+fp/hard\libc.a
LOAD c:/st/stm32cubeide_1.8.0/stm32cubeide/plugins/com.st.stm32cube.ide.mcu.externaltools.gnu-tools-for-stm32.10.3-2021.10.win32_1.0.0.202111181127/tools/bin/../lib/gcc/arm-none-eabi/10.3.1/../../../../arm-none-eabi/lib/thumb/v7e-m+fp/hard\libm.a
LOAD c:/st/stm32cubeide_1.8.0/stm32cubeide/plugins/com.st.stm32cube.ide.mcu.externaltools.gnu-tools-for-stm32.10.3-2021.10.win32_1.0.0.202111181127/tools/bin/../lib/gcc/arm-none-eabi/10.3.1/thumb/v7e-m+fp/hard\libgcc.a

.debug_info     0x0000000000000000    0x16954
 .debug_info    0x0000000000000000      0x367 ./Components/Src/btn.o
 .debug_info    0x0000000000000367      0x25e ./Components/Src/btn_config.o
 .debug_info    0x00000000000005c5      0x2f9 ./Components/Src/dio.o
 .debug_info    0x00000000000008be      0x4d8 ./Components/Src/disp.o
 .debug_info    0x0000000000000d96      0x287 ./Components/Src/disp_config.o
 .debug_info    0x000000000000101d      0xabe ./Components/Src/led.o
 .debug_info    0x0000000000001adb      0x231 ./Components/Src/led_config.o
 .debug_info    0x0000000000001d0c      0xd84 ./Core/Src/adc.o
 .debug_info    0x0000000000002a90      0x576 ./Core/Src/dma.o
 .debug_info    0x0000000000003006      0x527 ./Core/Src/gpio.o
 .debug_info    0x000000000000352d     0x12ab ./Core/Src/main.o
 .debug_info    0x00000000000047d8      0x2d2 ./Core/Src/stm32f7xx_hal_msp.o
 .debug_info    0x0000000000004aaa      0xe24 ./Core/Src/stm32f7xx_it.o
 .debug_info    0x00000000000058ce      0x72c ./Core/Src/system_stm32f7xx.o
 .debug_info    0x0000000000005ffa     0x1104 ./Core/Src/tim.o
 .debug_info    0x00000000000070fe      0xfe1 ./Core/Src/usart.o
 .debug_info    0x00000000000080df       0x22 ./Core/Startup/startup_stm32f746zgtx.o
 .debug_info    0x0000000000008101      0xa0c ./Drivers/STM32F7xx_HAL_Driver/Src/stm32f7xx_hal.o
 .debug_info    0x0000000000008b0d      0xd19 ./Drivers/STM32F7xx_HAL_Driver/Src/stm32f7xx_hal_adc.o
 .debug_info    0x0000000000009826      0xb68 ./Drivers/STM32F7xx_HAL_Driver/Src/stm32f7xx_hal_adc_ex.o
 .debug_info    0x000000000000a38e     0x105a ./Drivers/STM32F7xx_HAL_Driver/Src/stm32f7xx_hal_cortex.o
 .debug_info    0x000000000000b3e8      0x94f ./Drivers/STM32F7xx_HAL_Driver/Src/stm32f7xx_hal_dma.o
 .debug_info    0x000000000000bd37      0x794 ./Drivers/STM32F7xx_HAL_Driver/Src/stm32f7xx_hal_gpio.o
 .debug_info    0x000000000000c4cb      0x978 ./Drivers/STM32F7xx_HAL_Driver/Src/stm32f7xx_hal_pwr.o
 .debug_info    0x000000000000ce43      0x92e ./Drivers/STM32F7xx_HAL_Driver/Src/stm32f7xx_hal_pwr_ex.o
 .debug_info    0x000000000000d771      0x99c ./Drivers/STM32F7xx_HAL_Driver/Src/stm32f7xx_hal_rcc.o
 .debug_info    0x000000000000e10d      0x764 ./Drivers/STM32F7xx_HAL_Driver/Src/stm32f7xx_hal_rcc_ex.o
 .debug_info    0x000000000000e871     0x2d22 ./Drivers/STM32F7xx_HAL_Driver/Src/stm32f7xx_hal_tim.o
 .debug_info    0x0000000000011593     0x16f5 ./Drivers/STM32F7xx_HAL_Driver/Src/stm32f7xx_hal_tim_ex.o
 .debug_info    0x0000000000012c88     0x3ccc ./Drivers/STM32F7xx_HAL_Driver/Src/stm32f7xx_hal_uart.o

.debug_abbrev   0x0000000000000000     0x35ec
 .debug_abbrev  0x0000000000000000      0x16c ./Components/Src/btn.o
 .debug_abbrev  0x000000000000016c       0xfa ./Components/Src/btn_config.o
 .debug_abbrev  0x0000000000000266      0x18a ./Components/Src/dio.o
 .debug_abbrev  0x00000000000003f0      0x1af ./Components/Src/disp.o
 .debug_abbrev  0x000000000000059f       0xfa ./Components/Src/disp_config.o
 .debug_abbrev  0x0000000000000699      0x209 ./Components/Src/led.o
 .debug_abbrev  0x00000000000008a2       0xfa ./Components/Src/led_config.o
 .debug_abbrev  0x000000000000099c      0x211 ./Core/Src/adc.o
 .debug_abbrev  0x0000000000000bad      0x10a ./Core/Src/dma.o
 .debug_abbrev  0x0000000000000cb7      0x146 ./Core/Src/gpio.o
 .debug_abbrev  0x0000000000000dfd      0x299 ./Core/Src/main.o
 .debug_abbrev  0x0000000000001096       0xd4 ./Core/Src/stm32f7xx_hal_msp.o
 .debug_abbrev  0x000000000000116a      0x1b6 ./Core/Src/stm32f7xx_it.o
 .debug_abbrev  0x0000000000001320      0x136 ./Core/Src/system_stm32f7xx.o
 .debug_abbrev  0x0000000000001456      0x245 ./Core/Src/tim.o
 .debug_abbrev  0x000000000000169b      0x205 ./Core/Src/usart.o
 .debug_abbrev  0x00000000000018a0       0x12 ./Core/Startup/startup_stm32f746zgtx.o
 .debug_abbrev  0x00000000000018b2      0x20d ./Drivers/STM32F7xx_HAL_Driver/Src/stm32f7xx_hal.o
 .debug_abbrev  0x0000000000001abf      0x244 ./Drivers/STM32F7xx_HAL_Driver/Src/stm32f7xx_hal_adc.o
 .debug_abbrev  0x0000000000001d03      0x25f ./Drivers/STM32F7xx_HAL_Driver/Src/stm32f7xx_hal_adc_ex.o
 .debug_abbrev  0x0000000000001f62      0x316 ./Drivers/STM32F7xx_HAL_Driver/Src/stm32f7xx_hal_cortex.o
 .debug_abbrev  0x0000000000002278      0x25b ./Drivers/STM32F7xx_HAL_Driver/Src/stm32f7xx_hal_dma.o
 .debug_abbrev  0x00000000000024d3      0x1c4 ./Drivers/STM32F7xx_HAL_Driver/Src/stm32f7xx_hal_gpio.o
 .debug_abbrev  0x0000000000002697      0x1b8 ./Drivers/STM32F7xx_HAL_Driver/Src/stm32f7xx_hal_pwr.o
 .debug_abbrev  0x000000000000284f      0x1cb ./Drivers/STM32F7xx_HAL_Driver/Src/stm32f7xx_hal_pwr_ex.o
 .debug_abbrev  0x0000000000002a1a      0x27b ./Drivers/STM32F7xx_HAL_Driver/Src/stm32f7xx_hal_rcc.o
 .debug_abbrev  0x0000000000002c95      0x1b9 ./Drivers/STM32F7xx_HAL_Driver/Src/stm32f7xx_hal_rcc_ex.o
 .debug_abbrev  0x0000000000002e4e      0x264 ./Drivers/STM32F7xx_HAL_Driver/Src/stm32f7xx_hal_tim.o
 .debug_abbrev  0x00000000000030b2      0x26c ./Drivers/STM32F7xx_HAL_Driver/Src/stm32f7xx_hal_tim_ex.o
 .debug_abbrev  0x000000000000331e      0x2ce ./Drivers/STM32F7xx_HAL_Driver/Src/stm32f7xx_hal_uart.o

.debug_aranges  0x0000000000000000     0x1188
 .debug_aranges
                0x0000000000000000       0x38 ./Components/Src/btn.o
 .debug_aranges
                0x0000000000000038       0x18 ./Components/Src/btn_config.o
 .debug_aranges
                0x0000000000000050       0x40 ./Components/Src/dio.o
 .debug_aranges
                0x0000000000000090       0x58 ./Components/Src/disp.o
 .debug_aranges
                0x00000000000000e8       0x18 ./Components/Src/disp_config.o
 .debug_aranges
                0x0000000000000100       0x58 ./Components/Src/led.o
 .debug_aranges
                0x0000000000000158       0x18 ./Components/Src/led_config.o
 .debug_aranges
                0x0000000000000170       0x30 ./Core/Src/adc.o
 .debug_aranges
                0x00000000000001a0       0x20 ./Core/Src/dma.o
 .debug_aranges
                0x00000000000001c0       0x20 ./Core/Src/gpio.o
 .debug_aranges
                0x00000000000001e0       0x40 ./Core/Src/main.o
 .debug_aranges
                0x0000000000000220       0x20 ./Core/Src/stm32f7xx_hal_msp.o
 .debug_aranges
                0x0000000000000240       0x88 ./Core/Src/stm32f7xx_it.o
 .debug_aranges
                0x00000000000002c8       0x28 ./Core/Src/system_stm32f7xx.o
 .debug_aranges
                0x00000000000002f0       0x50 ./Core/Src/tim.o
 .debug_aranges
                0x0000000000000340       0x30 ./Core/Src/usart.o
 .debug_aranges
                0x0000000000000370       0x28 ./Core/Startup/startup_stm32f746zgtx.o
 .debug_aranges
                0x0000000000000398      0x100 ./Drivers/STM32F7xx_HAL_Driver/Src/stm32f7xx_hal.o
 .debug_aranges
                0x0000000000000498       0xe8 ./Drivers/STM32F7xx_HAL_Driver/Src/stm32f7xx_hal_adc.o
 .debug_aranges
                0x0000000000000580       0x90 ./Drivers/STM32F7xx_HAL_Driver/Src/stm32f7xx_hal_adc_ex.o
 .debug_aranges
                0x0000000000000610      0x118 ./Drivers/STM32F7xx_HAL_Driver/Src/stm32f7xx_hal_cortex.o
 .debug_aranges
                0x0000000000000728       0x90 ./Drivers/STM32F7xx_HAL_Driver/Src/stm32f7xx_hal_dma.o
 .debug_aranges
                0x00000000000007b8       0x58 ./Drivers/STM32F7xx_HAL_Driver/Src/stm32f7xx_hal_gpio.o
 .debug_aranges
                0x0000000000000810       0xa0 ./Drivers/STM32F7xx_HAL_Driver/Src/stm32f7xx_hal_pwr.o
 .debug_aranges
                0x00000000000008b0       0x80 ./Drivers/STM32F7xx_HAL_Driver/Src/stm32f7xx_hal_pwr_ex.o
 .debug_aranges
                0x0000000000000930       0x88 ./Drivers/STM32F7xx_HAL_Driver/Src/stm32f7xx_hal_rcc.o
 .debug_aranges
                0x00000000000009b8       0x50 ./Drivers/STM32F7xx_HAL_Driver/Src/stm32f7xx_hal_rcc_ex.o
 .debug_aranges
                0x0000000000000a08      0x3e0 ./Drivers/STM32F7xx_HAL_Driver/Src/stm32f7xx_hal_tim.o
 .debug_aranges
                0x0000000000000de8      0x178 ./Drivers/STM32F7xx_HAL_Driver/Src/stm32f7xx_hal_tim_ex.o
 .debug_aranges
                0x0000000000000f60      0x228 ./Drivers/STM32F7xx_HAL_Driver/Src/stm32f7xx_hal_uart.o

.debug_ranges   0x0000000000000000      0xfc8
 .debug_ranges  0x0000000000000000       0x28 ./Components/Src/btn.o
 .debug_ranges  0x0000000000000028       0x30 ./Components/Src/dio.o
 .debug_ranges  0x0000000000000058       0x48 ./Components/Src/disp.o
 .debug_ranges  0x00000000000000a0       0x48 ./Components/Src/led.o
 .debug_ranges  0x00000000000000e8       0x20 ./Core/Src/adc.o
 .debug_ranges  0x0000000000000108       0x10 ./Core/Src/dma.o
 .debug_ranges  0x0000000000000118       0x10 ./Core/Src/gpio.o
 .debug_ranges  0x0000000000000128       0x30 ./Core/Src/main.o
 .debug_ranges  0x0000000000000158       0x10 ./Core/Src/stm32f7xx_hal_msp.o
 .debug_ranges  0x0000000000000168       0x78 ./Core/Src/stm32f7xx_it.o
 .debug_ranges  0x00000000000001e0       0x18 ./Core/Src/system_stm32f7xx.o
 .debug_ranges  0x00000000000001f8       0x40 ./Core/Src/tim.o
 .debug_ranges  0x0000000000000238       0x20 ./Core/Src/usart.o
 .debug_ranges  0x0000000000000258       0x20 ./Core/Startup/startup_stm32f746zgtx.o
 .debug_ranges  0x0000000000000278       0xf0 ./Drivers/STM32F7xx_HAL_Driver/Src/stm32f7xx_hal.o
 .debug_ranges  0x0000000000000368       0xd8 ./Drivers/STM32F7xx_HAL_Driver/Src/stm32f7xx_hal_adc.o
 .debug_ranges  0x0000000000000440       0x80 ./Drivers/STM32F7xx_HAL_Driver/Src/stm32f7xx_hal_adc_ex.o
 .debug_ranges  0x00000000000004c0      0x108 ./Drivers/STM32F7xx_HAL_Driver/Src/stm32f7xx_hal_cortex.o
 .debug_ranges  0x00000000000005c8       0x80 ./Drivers/STM32F7xx_HAL_Driver/Src/stm32f7xx_hal_dma.o
 .debug_ranges  0x0000000000000648       0x48 ./Drivers/STM32F7xx_HAL_Driver/Src/stm32f7xx_hal_gpio.o
 .debug_ranges  0x0000000000000690       0x90 ./Drivers/STM32F7xx_HAL_Driver/Src/stm32f7xx_hal_pwr.o
 .debug_ranges  0x0000000000000720       0x70 ./Drivers/STM32F7xx_HAL_Driver/Src/stm32f7xx_hal_pwr_ex.o
 .debug_ranges  0x0000000000000790       0x78 ./Drivers/STM32F7xx_HAL_Driver/Src/stm32f7xx_hal_rcc.o
 .debug_ranges  0x0000000000000808       0x40 ./Drivers/STM32F7xx_HAL_Driver/Src/stm32f7xx_hal_rcc_ex.o
 .debug_ranges  0x0000000000000848      0x3d0 ./Drivers/STM32F7xx_HAL_Driver/Src/stm32f7xx_hal_tim.o
 .debug_ranges  0x0000000000000c18      0x168 ./Drivers/STM32F7xx_HAL_Driver/Src/stm32f7xx_hal_tim_ex.o
 .debug_ranges  0x0000000000000d80      0x248 ./Drivers/STM32F7xx_HAL_Driver/Src/stm32f7xx_hal_uart.o

.debug_macro    0x0000000000000000    0x275f0
 .debug_macro   0x0000000000000000      0x21b ./Components/Src/btn.o
 .debug_macro   0x000000000000021b      0x299 ./Components/Src/btn.o
 .debug_macro   0x00000000000004b4       0x2e ./Components/Src/btn.o
 .debug_macro   0x00000000000004e2       0x3b ./Components/Src/btn.o
 .debug_macro   0x000000000000051d       0x22 ./Components/Src/btn.o
 .debug_macro   0x000000000000053f       0x8e ./Components/Src/btn.o
 .debug_macro   0x00000000000005cd       0x51 ./Components/Src/btn.o
 .debug_macro   0x000000000000061e      0x103 ./Components/Src/btn.o
 .debug_macro   0x0000000000000721       0x6a ./Components/Src/btn.o
 .debug_macro   0x000000000000078b      0x1df ./Components/Src/btn.o
 .debug_macro   0x000000000000096a       0x1c ./Components/Src/btn.o
 .debug_macro   0x0000000000000986       0x22 ./Components/Src/btn.o
 .debug_macro   0x00000000000009a8       0xd9 ./Components/Src/btn.o
 .debug_macro   0x0000000000000a81     0x12cd ./Components/Src/btn.o
 .debug_macro   0x0000000000001d4e      0x11f ./Components/Src/btn.o
 .debug_macro   0x0000000000001e6d       0x19 ./Components/Src/btn.o
 .debug_macro   0x0000000000001e86    0x1920a ./Components/Src/btn.o
 .debug_macro   0x000000000001b090       0x6d ./Components/Src/btn.o
 .debug_macro   0x000000000001b0fd     0x3749 ./Components/Src/btn.o
 .debug_macro   0x000000000001e846      0x174 ./Components/Src/btn.o
 .debug_macro   0x000000000001e9ba       0x63 ./Components/Src/btn.o
 .debug_macro   0x000000000001ea1d     0x18ad ./Components/Src/btn.o
 .debug_macro   0x00000000000202ca      0x6c4 ./Components/Src/btn.o
 .debug_macro   0x000000000002098e      0x185 ./Components/Src/btn.o
 .debug_macro   0x0000000000020b13      0x115 ./Components/Src/btn.o
 .debug_macro   0x0000000000020c28      0x1fd ./Components/Src/btn.o
 .debug_macro   0x0000000000020e25       0xa5 ./Components/Src/btn.o
 .debug_macro   0x0000000000020eca      0x24f ./Components/Src/btn.o
 .debug_macro   0x0000000000021119       0x41 ./Components/Src/btn.o
 .debug_macro   0x000000000002115a       0x58 ./Components/Src/btn.o
 .debug_macro   0x00000000000211b2      0x236 ./Components/Src/btn.o
 .debug_macro   0x00000000000213e8      0x416 ./Components/Src/btn.o
 .debug_macro   0x00000000000217fe      0x153 ./Components/Src/btn.o
 .debug_macro   0x0000000000021951      0x107 ./Components/Src/btn.o
 .debug_macro   0x0000000000021a58      0x14e ./Components/Src/btn.o
 .debug_macro   0x0000000000021ba6      0x25a ./Components/Src/btn.o
 .debug_macro   0x0000000000021e00       0x12 ./Components/Src/btn.o
 .debug_macro   0x0000000000021e12      0x22c ./Components/Src/btn.o
 .debug_macro   0x000000000002203e       0x61 ./Components/Src/btn.o
 .debug_macro   0x000000000002209f       0xa5 ./Components/Src/btn.o
 .debug_macro   0x0000000000022144      0x12e ./Components/Src/btn.o
 .debug_macro   0x0000000000022272      0x108 ./Components/Src/btn.o
 .debug_macro   0x000000000002237a       0x35 ./Components/Src/btn.o
 .debug_macro   0x00000000000223af      0xa7c ./Components/Src/btn.o
 .debug_macro   0x0000000000022e2b       0x59 ./Components/Src/btn.o
 .debug_macro   0x0000000000022e84      0x56d ./Components/Src/btn.o
 .debug_macro   0x00000000000233f1       0x44 ./Components/Src/btn.o
 .debug_macro   0x0000000000023435      0x14d ./Components/Src/btn.o
 .debug_macro   0x0000000000023582      0x224 ./Components/Src/btn_config.o
 .debug_macro   0x00000000000237a6      0x2ba ./Components/Src/btn_config.o
 .debug_macro   0x0000000000023a60      0x20b ./Components/Src/dio.o
 .debug_macro   0x0000000000023c6b      0x22c ./Components/Src/disp.o
 .debug_macro   0x0000000000023e97       0x10 ./Components/Src/disp.o
 .debug_macro   0x0000000000023ea7      0x223 ./Components/Src/disp_config.o
 .debug_macro   0x00000000000240ca      0x223 ./Components/Src/led.o
 .debug_macro   0x00000000000242ed       0x10 ./Components/Src/led.o
 .debug_macro   0x00000000000242fd       0x10 ./Components/Src/led.o
 .debug_macro   0x000000000002430d      0x23a ./Components/Src/led_config.o
 .debug_macro   0x0000000000024547      0x214 ./Core/Src/adc.o
 .debug_macro   0x000000000002475b      0x2b4 ./Core/Src/adc.o
 .debug_macro   0x0000000000024a0f      0x214 ./Core/Src/dma.o
 .debug_macro   0x0000000000024c23      0x214 ./Core/Src/gpio.o
 .debug_macro   0x0000000000024e37      0x2a0 ./Core/Src/main.o
 .debug_macro   0x00000000000250d7       0x10 ./Core/Src/main.o
 .debug_macro   0x00000000000250e7       0x10 ./Core/Src/main.o
 .debug_macro   0x00000000000250f7       0x16 ./Core/Src/main.o
 .debug_macro   0x000000000002510d       0x3a ./Core/Src/main.o
 .debug_macro   0x0000000000025147      0x20a ./Core/Src/stm32f7xx_hal_msp.o
 .debug_macro   0x0000000000025351      0x214 ./Core/Src/stm32f7xx_it.o
 .debug_macro   0x0000000000025565      0x1fb ./Core/Src/system_stm32f7xx.o
 .debug_macro   0x0000000000025760      0x214 ./Core/Src/tim.o
 .debug_macro   0x0000000000025974      0x214 ./Core/Src/usart.o
 .debug_macro   0x0000000000025b88      0x21f ./Drivers/STM32F7xx_HAL_Driver/Src/stm32f7xx_hal.o
 .debug_macro   0x0000000000025da7      0x1fc ./Drivers/STM32F7xx_HAL_Driver/Src/stm32f7xx_hal_adc.o
 .debug_macro   0x0000000000025fa3      0x1fb ./Drivers/STM32F7xx_HAL_Driver/Src/stm32f7xx_hal_adc_ex.o
 .debug_macro   0x000000000002619e      0x1fb ./Drivers/STM32F7xx_HAL_Driver/Src/stm32f7xx_hal_cortex.o
 .debug_macro   0x0000000000026399      0x201 ./Drivers/STM32F7xx_HAL_Driver/Src/stm32f7xx_hal_dma.o
 .debug_macro   0x000000000002659a      0x201 ./Drivers/STM32F7xx_HAL_Driver/Src/stm32f7xx_hal_gpio.o
 .debug_macro   0x000000000002679b      0x219 ./Drivers/STM32F7xx_HAL_Driver/Src/stm32f7xx_hal_pwr.o
 .debug_macro   0x00000000000269b4      0x213 ./Drivers/STM32F7xx_HAL_Driver/Src/stm32f7xx_hal_pwr_ex.o
 .debug_macro   0x0000000000026bc7      0x21f ./Drivers/STM32F7xx_HAL_Driver/Src/stm32f7xx_hal_rcc.o
 .debug_macro   0x0000000000026de6      0x1fb ./Drivers/STM32F7xx_HAL_Driver/Src/stm32f7xx_hal_rcc_ex.o
 .debug_macro   0x0000000000026fe1      0x1fc ./Drivers/STM32F7xx_HAL_Driver/Src/stm32f7xx_hal_tim.o
 .debug_macro   0x00000000000271dd      0x1fb ./Drivers/STM32F7xx_HAL_Driver/Src/stm32f7xx_hal_tim_ex.o
 .debug_macro   0x00000000000273d8      0x218 ./Drivers/STM32F7xx_HAL_Driver/Src/stm32f7xx_hal_uart.o

.debug_line     0x0000000000000000    0x18a60
 .debug_line    0x0000000000000000      0x80c ./Components/Src/btn.o
 .debug_line    0x000000000000080c      0x771 ./Components/Src/btn_config.o
 .debug_line    0x0000000000000f7d      0x7cf ./Components/Src/dio.o
 .debug_line    0x000000000000174c      0x8f8 ./Components/Src/disp.o
 .debug_line    0x0000000000002044      0x773 ./Components/Src/disp_config.o
 .debug_line    0x00000000000027b7      0x8c0 ./Components/Src/led.o
 .debug_line    0x0000000000003077      0x783 ./Components/Src/led_config.o
 .debug_line    0x00000000000037fa      0x7d7 ./Core/Src/adc.o
 .debug_line    0x0000000000003fd1      0x70f ./Core/Src/dma.o
 .debug_line    0x00000000000046e0      0x845 ./Core/Src/gpio.o
 .debug_line    0x0000000000004f25      0x915 ./Core/Src/main.o
 .debug_line    0x000000000000583a      0x713 ./Core/Src/stm32f7xx_hal_msp.o
 .debug_line    0x0000000000005f4d      0x84e ./Core/Src/stm32f7xx_it.o
 .debug_line    0x000000000000679b      0x793 ./Core/Src/system_stm32f7xx.o
 .debug_line    0x0000000000006f2e      0x8bf ./Core/Src/tim.o
 .debug_line    0x00000000000077ed      0x798 ./Core/Src/usart.o
 .debug_line    0x0000000000007f85       0x88 ./Core/Startup/startup_stm32f746zgtx.o
 .debug_line    0x000000000000800d      0xa24 ./Drivers/STM32F7xx_HAL_Driver/Src/stm32f7xx_hal.o
 .debug_line    0x0000000000008a31     0x125c ./Drivers/STM32F7xx_HAL_Driver/Src/stm32f7xx_hal_adc.o
 .debug_line    0x0000000000009c8d      0xe96 ./Drivers/STM32F7xx_HAL_Driver/Src/stm32f7xx_hal_adc_ex.o
 .debug_line    0x000000000000ab23      0xcaa ./Drivers/STM32F7xx_HAL_Driver/Src/stm32f7xx_hal_cortex.o
 .debug_line    0x000000000000b7cd      0xf73 ./Drivers/STM32F7xx_HAL_Driver/Src/stm32f7xx_hal_dma.o
 .debug_line    0x000000000000c740      0xb98 ./Drivers/STM32F7xx_HAL_Driver/Src/stm32f7xx_hal_gpio.o
 .debug_line    0x000000000000d2d8      0x928 ./Drivers/STM32F7xx_HAL_Driver/Src/stm32f7xx_hal_pwr.o
 .debug_line    0x000000000000dc00      0x999 ./Drivers/STM32F7xx_HAL_Driver/Src/stm32f7xx_hal_pwr_ex.o
 .debug_line    0x000000000000e599      0xe67 ./Drivers/STM32F7xx_HAL_Driver/Src/stm32f7xx_hal_rcc.o
 .debug_line    0x000000000000f400      0xe20 ./Drivers/STM32F7xx_HAL_Driver/Src/stm32f7xx_hal_rcc_ex.o
 .debug_line    0x0000000000010220     0x3c48 ./Drivers/STM32F7xx_HAL_Driver/Src/stm32f7xx_hal_tim.o
 .debug_line    0x0000000000013e68     0x1b20 ./Drivers/STM32F7xx_HAL_Driver/Src/stm32f7xx_hal_tim_ex.o
 .debug_line    0x0000000000015988     0x30d8 ./Drivers/STM32F7xx_HAL_Driver/Src/stm32f7xx_hal_uart.o

.debug_str      0x0000000000000000    0xf2ff1
 .debug_str     0x0000000000000000    0xed042 ./Components/Src/btn.o
                                      0xed71e (size before relaxing)
 .debug_str     0x00000000000ed042      0xa73 ./Components/Src/btn_config.o
                                      0xee0cf (size before relaxing)
 .debug_str     0x00000000000edab5       0x98 ./Components/Src/dio.o
                                      0xed612 (size before relaxing)
 .debug_str     0x00000000000edb4d      0x1df ./Components/Src/disp.o
                                      0xed774 (size before relaxing)
 .debug_str     0x00000000000edd2c       0x27 ./Components/Src/disp_config.o
                                      0xee08b (size before relaxing)
 .debug_str     0x00000000000edd53      0x751 ./Components/Src/led.o
                                      0xeddc1 (size before relaxing)
 .debug_str     0x00000000000ee4a4       0x39 ./Components/Src/led_config.o
                                      0xee191 (size before relaxing)
 .debug_str     0x00000000000ee4dd      0x976 ./Core/Src/adc.o
                                      0xeeb45 (size before relaxing)
 .debug_str     0x00000000000eee53       0x29 ./Core/Src/dma.o
                                      0xee5cb (size before relaxing)
 .debug_str     0x00000000000eee7c       0x2c ./Core/Src/gpio.o
                                      0xee0d6 (size before relaxing)
 .debug_str     0x00000000000eeea8      0x46a ./Core/Src/main.o
                                      0xef108 (size before relaxing)
 .debug_str     0x00000000000ef312       0x2c ./Core/Src/stm32f7xx_hal_msp.o
                                      0xedff9 (size before relaxing)
 .debug_str     0x00000000000ef33e      0x37c ./Core/Src/stm32f7xx_it.o
                                      0xee97b (size before relaxing)
 .debug_str     0x00000000000ef6ba      0x1a4 ./Core/Src/system_stm32f7xx.o
                                      0xed73c (size before relaxing)
 .debug_str     0x00000000000ef85e      0x225 ./Core/Src/tim.o
                                      0xeee91 (size before relaxing)
 .debug_str     0x00000000000efa83      0x2b0 ./Core/Src/usart.o
                                      0xeee28 (size before relaxing)
 .debug_str     0x00000000000efd33       0x36 ./Core/Startup/startup_stm32f746zgtx.o
                                         0x92 (size before relaxing)
 .debug_str     0x00000000000efd69      0x416 ./Drivers/STM32F7xx_HAL_Driver/Src/stm32f7xx_hal.o
                                      0xee0a5 (size before relaxing)
 .debug_str     0x00000000000f017f      0x275 ./Drivers/STM32F7xx_HAL_Driver/Src/stm32f7xx_hal_adc.o
                                      0xedc35 (size before relaxing)
 .debug_str     0x00000000000f03f4      0x2df ./Drivers/STM32F7xx_HAL_Driver/Src/stm32f7xx_hal_adc_ex.o
                                      0xedc89 (size before relaxing)
 .debug_str     0x00000000000f06d3      0x31c ./Drivers/STM32F7xx_HAL_Driver/Src/stm32f7xx_hal_cortex.o
                                      0xee090 (size before relaxing)
 .debug_str     0x00000000000f09ef      0x2e0 ./Drivers/STM32F7xx_HAL_Driver/Src/stm32f7xx_hal_dma.o
                                      0xeda7b (size before relaxing)
 .debug_str     0x00000000000f0ccf       0xe1 ./Drivers/STM32F7xx_HAL_Driver/Src/stm32f7xx_hal_gpio.o
                                      0xed7fa (size before relaxing)
 .debug_str     0x00000000000f0db0      0x2ac ./Drivers/STM32F7xx_HAL_Driver/Src/stm32f7xx_hal_pwr.o
                                      0xed9dd (size before relaxing)
 .debug_str     0x00000000000f105c      0x1bd ./Drivers/STM32F7xx_HAL_Driver/Src/stm32f7xx_hal_pwr_ex.o
                                      0xed9ab (size before relaxing)
 .debug_str     0x00000000000f1219      0x252 ./Drivers/STM32F7xx_HAL_Driver/Src/stm32f7xx_hal_rcc.o
                                      0xeda9e (size before relaxing)
 .debug_str     0x00000000000f146b      0x147 ./Drivers/STM32F7xx_HAL_Driver/Src/stm32f7xx_hal_rcc_ex.o
                                      0xed9d6 (size before relaxing)
 .debug_str     0x00000000000f15b2      0xd07 ./Drivers/STM32F7xx_HAL_Driver/Src/stm32f7xx_hal_tim.o
                                      0xeea4f (size before relaxing)
 .debug_str     0x00000000000f22b9      0x4dc ./Drivers/STM32F7xx_HAL_Driver/Src/stm32f7xx_hal_tim_ex.o
                                      0xee2a5 (size before relaxing)
 .debug_str     0x00000000000f2795      0x85c ./Drivers/STM32F7xx_HAL_Driver/Src/stm32f7xx_hal_uart.o
                                      0xee3eb (size before relaxing)

.comment        0x0000000000000000       0x50
 .comment       0x0000000000000000       0x50 ./Components/Src/btn.o
                                         0x51 (size before relaxing)
 .comment       0x0000000000000050       0x51 ./Components/Src/btn_config.o
 .comment       0x0000000000000050       0x51 ./Components/Src/dio.o
 .comment       0x0000000000000050       0x51 ./Components/Src/disp.o
 .comment       0x0000000000000050       0x51 ./Components/Src/disp_config.o
 .comment       0x0000000000000050       0x51 ./Components/Src/led.o
 .comment       0x0000000000000050       0x51 ./Components/Src/led_config.o
 .comment       0x0000000000000050       0x51 ./Core/Src/adc.o
 .comment       0x0000000000000050       0x51 ./Core/Src/dma.o
 .comment       0x0000000000000050       0x51 ./Core/Src/gpio.o
 .comment       0x0000000000000050       0x51 ./Core/Src/main.o
 .comment       0x0000000000000050       0x51 ./Core/Src/stm32f7xx_hal_msp.o
 .comment       0x0000000000000050       0x51 ./Core/Src/stm32f7xx_it.o
 .comment       0x0000000000000050       0x51 ./Core/Src/system_stm32f7xx.o
 .comment       0x0000000000000050       0x51 ./Core/Src/tim.o
 .comment       0x0000000000000050       0x51 ./Core/Src/usart.o
 .comment       0x0000000000000050       0x51 ./Drivers/STM32F7xx_HAL_Driver/Src/stm32f7xx_hal.o
 .comment       0x0000000000000050       0x51 ./Drivers/STM32F7xx_HAL_Driver/Src/stm32f7xx_hal_adc.o
 .comment       0x0000000000000050       0x51 ./Drivers/STM32F7xx_HAL_Driver/Src/stm32f7xx_hal_adc_ex.o
 .comment       0x0000000000000050       0x51 ./Drivers/STM32F7xx_HAL_Driver/Src/stm32f7xx_hal_cortex.o
 .comment       0x0000000000000050       0x51 ./Drivers/STM32F7xx_HAL_Driver/Src/stm32f7xx_hal_dma.o
 .comment       0x0000000000000050       0x51 ./Drivers/STM32F7xx_HAL_Driver/Src/stm32f7xx_hal_gpio.o
 .comment       0x0000000000000050       0x51 ./Drivers/STM32F7xx_HAL_Driver/Src/stm32f7xx_hal_pwr.o
 .comment       0x0000000000000050       0x51 ./Drivers/STM32F7xx_HAL_Driver/Src/stm32f7xx_hal_pwr_ex.o
 .comment       0x0000000000000050       0x51 ./Drivers/STM32F7xx_HAL_Driver/Src/stm32f7xx_hal_rcc.o
 .comment       0x0000000000000050       0x51 ./Drivers/STM32F7xx_HAL_Driver/Src/stm32f7xx_hal_rcc_ex.o
 .comment       0x0000000000000050       0x51 ./Drivers/STM32F7xx_HAL_Driver/Src/stm32f7xx_hal_tim.o
 .comment       0x0000000000000050       0x51 ./Drivers/STM32F7xx_HAL_Driver/Src/stm32f7xx_hal_tim_ex.o
 .comment       0x0000000000000050       0x51 ./Drivers/STM32F7xx_HAL_Driver/Src/stm32f7xx_hal_uart.o

.debug_frame    0x0000000000000000     0x45a4
 .debug_frame   0x0000000000000000       0xa0 ./Components/Src/btn.o
 .debug_frame   0x00000000000000a0       0xc4 ./Components/Src/dio.o
 .debug_frame   0x0000000000000164      0x138 ./Components/Src/disp.o
 .debug_frame   0x000000000000029c      0x134 ./Components/Src/led.o
 .debug_frame   0x00000000000003d0       0x7c ./Core/Src/adc.o
 .debug_frame   0x000000000000044c       0x34 ./Core/Src/dma.o
 .debug_frame   0x0000000000000480       0x38 ./Core/Src/gpio.o
 .debug_frame   0x00000000000004b8       0xb4 ./Core/Src/main.o
 .debug_frame   0x000000000000056c       0x38 ./Core/Src/stm32f7xx_hal_msp.o
 .debug_frame   0x00000000000005a4      0x190 ./Core/Src/stm32f7xx_it.o
 .debug_frame   0x0000000000000734       0x58 ./Core/Src/system_stm32f7xx.o
 .debug_frame   0x000000000000078c      0x10c ./Core/Src/tim.o
 .debug_frame   0x0000000000000898       0x78 ./Core/Src/usart.o
 .debug_frame   0x0000000000000910      0x3b4 ./Drivers/STM32F7xx_HAL_Driver/Src/stm32f7xx_hal.o
 .debug_frame   0x0000000000000cc4      0x3fc ./Drivers/STM32F7xx_HAL_Driver/Src/stm32f7xx_hal_adc.o
 .debug_frame   0x00000000000010c0      0x250 ./Drivers/STM32F7xx_HAL_Driver/Src/stm32f7xx_hal_adc_ex.o
 .debug_frame   0x0000000000001310      0x498 ./Drivers/STM32F7xx_HAL_Driver/Src/stm32f7xx_hal_cortex.o
 .debug_frame   0x00000000000017a8      0x250 ./Drivers/STM32F7xx_HAL_Driver/Src/stm32f7xx_hal_dma.o
 .debug_frame   0x00000000000019f8      0x14c ./Drivers/STM32F7xx_HAL_Driver/Src/stm32f7xx_hal_gpio.o
 .debug_frame   0x0000000000001b44      0x254 ./Drivers/STM32F7xx_HAL_Driver/Src/stm32f7xx_hal_pwr.o
 .debug_frame   0x0000000000001d98      0x1c8 ./Drivers/STM32F7xx_HAL_Driver/Src/stm32f7xx_hal_pwr_ex.o
 .debug_frame   0x0000000000001f60      0x1f8 ./Drivers/STM32F7xx_HAL_Driver/Src/stm32f7xx_hal_rcc.o
 .debug_frame   0x0000000000002158      0x118 ./Drivers/STM32F7xx_HAL_Driver/Src/stm32f7xx_hal_rcc_ex.o
 .debug_frame   0x0000000000002270     0x121c ./Drivers/STM32F7xx_HAL_Driver/Src/stm32f7xx_hal_tim.o
 .debug_frame   0x000000000000348c      0x688 ./Drivers/STM32F7xx_HAL_Driver/Src/stm32f7xx_hal_tim_ex.o
 .debug_frame   0x0000000000003b14      0x9e4 ./Drivers/STM32F7xx_HAL_Driver/Src/stm32f7xx_hal_uart.o
 .debug_frame   0x00000000000044f8       0x2c c:/st/stm32cubeide_1.8.0/stm32cubeide/plugins/com.st.stm32cube.ide.mcu.externaltools.gnu-tools-for-stm32.10.3-2021.10.win32_1.0.0.202111181127/tools/bin/../lib/gcc/arm-none-eabi/10.3.1/../../../../arm-none-eabi/lib/thumb/v7e-m+fp/hard\libc_nano.a(lib_a-init.o)
 .debug_frame   0x0000000000004524       0x20 c:/st/stm32cubeide_1.8.0/stm32cubeide/plugins/com.st.stm32cube.ide.mcu.externaltools.gnu-tools-for-stm32.10.3-2021.10.win32_1.0.0.202111181127/tools/bin/../lib/gcc/arm-none-eabi/10.3.1/../../../../arm-none-eabi/lib/thumb/v7e-m+fp/hard\libc_nano.a(lib_a-memset.o)
 .debug_frame   0x0000000000004544       0x2c c:/st/stm32cubeide_1.8.0/stm32cubeide/plugins/com.st.stm32cube.ide.mcu.externaltools.gnu-tools-for-stm32.10.3-2021.10.win32_1.0.0.202111181127/tools/bin/../lib/gcc/arm-none-eabi/10.3.1/thumb/v7e-m+fp/hard\libgcc.a(_aeabi_uldivmod.o)
 .debug_frame   0x0000000000004570       0x34 c:/st/stm32cubeide_1.8.0/stm32cubeide/plugins/com.st.stm32cube.ide.mcu.externaltools.gnu-tools-for-stm32.10.3-2021.10.win32_1.0.0.202111181127/tools/bin/../lib/gcc/arm-none-eabi/10.3.1/thumb/v7e-m+fp/hard\libgcc.a(_udivmoddi4.o)
