Archive member included to satisfy reference by file (symbol)

c:/st/stm32cubeide_1.8.0/stm32cubeide/plugins/com.st.stm32cube.ide.mcu.externaltools.gnu-tools-for-stm32.10.3-2021.10.win32_1.0.0.202111181127/tools/bin/../lib/gcc/arm-none-eabi/10.3.1/../../../../arm-none-eabi/lib/thumb/v7e-m+fp/hard\libc_nano.a(lib_a-errno.o)
                              ./Core/Src/syscalls.o (__errno)
c:/st/stm32cubeide_1.8.0/stm32cubeide/plugins/com.st.stm32cube.ide.mcu.externaltools.gnu-tools-for-stm32.10.3-2021.10.win32_1.0.0.202111181127/tools/bin/../lib/gcc/arm-none-eabi/10.3.1/../../../../arm-none-eabi/lib/thumb/v7e-m+fp/hard\libc_nano.a(lib_a-exit.o)
                              c:/st/stm32cubeide_1.8.0/stm32cubeide/plugins/com.st.stm32cube.ide.mcu.externaltools.gnu-tools-for-stm32.10.3-2021.10.win32_1.0.0.202111181127/tools/bin/../lib/gcc/arm-none-eabi/10.3.1/../../../../arm-none-eabi/lib/thumb/v7e-m+fp/hard/crt0.o (exit)
c:/st/stm32cubeide_1.8.0/stm32cubeide/plugins/com.st.stm32cube.ide.mcu.externaltools.gnu-tools-for-stm32.10.3-2021.10.win32_1.0.0.202111181127/tools/bin/../lib/gcc/arm-none-eabi/10.3.1/../../../../arm-none-eabi/lib/thumb/v7e-m+fp/hard\libc_nano.a(lib_a-impure.o)
                              c:/st/stm32cubeide_1.8.0/stm32cubeide/plugins/com.st.stm32cube.ide.mcu.externaltools.gnu-tools-for-stm32.10.3-2021.10.win32_1.0.0.202111181127/tools/bin/../lib/gcc/arm-none-eabi/10.3.1/../../../../arm-none-eabi/lib/thumb/v7e-m+fp/hard\libc_nano.a(lib_a-exit.o) (_global_impure_ptr)
c:/st/stm32cubeide_1.8.0/stm32cubeide/plugins/com.st.stm32cube.ide.mcu.externaltools.gnu-tools-for-stm32.10.3-2021.10.win32_1.0.0.202111181127/tools/bin/../lib/gcc/arm-none-eabi/10.3.1/../../../../arm-none-eabi/lib/thumb/v7e-m+fp/hard\libc_nano.a(lib_a-init.o)
                              c:/st/stm32cubeide_1.8.0/stm32cubeide/plugins/com.st.stm32cube.ide.mcu.externaltools.gnu-tools-for-stm32.10.3-2021.10.win32_1.0.0.202111181127/tools/bin/../lib/gcc/arm-none-eabi/10.3.1/../../../../arm-none-eabi/lib/thumb/v7e-m+fp/hard/crt0.o (__libc_init_array)
c:/st/stm32cubeide_1.8.0/stm32cubeide/plugins/com.st.stm32cube.ide.mcu.externaltools.gnu-tools-for-stm32.10.3-2021.10.win32_1.0.0.202111181127/tools/bin/../lib/gcc/arm-none-eabi/10.3.1/../../../../arm-none-eabi/lib/thumb/v7e-m+fp/hard\libc_nano.a(lib_a-memset.o)
                              c:/st/stm32cubeide_1.8.0/stm32cubeide/plugins/com.st.stm32cube.ide.mcu.externaltools.gnu-tools-for-stm32.10.3-2021.10.win32_1.0.0.202111181127/tools/bin/../lib/gcc/arm-none-eabi/10.3.1/../../../../arm-none-eabi/lib/thumb/v7e-m+fp/hard/crt0.o (memset)
c:/st/stm32cubeide_1.8.0/stm32cubeide/plugins/com.st.stm32cube.ide.mcu.externaltools.gnu-tools-for-stm32.10.3-2021.10.win32_1.0.0.202111181127/tools/bin/../lib/gcc/arm-none-eabi/10.3.1/thumb/v7e-m+fp/hard\libgcc.a(_aeabi_uldivmod.o)
                              ./Drivers/STM32F7xx_HAL_Driver/Src/stm32f7xx_hal_rcc.o (__aeabi_uldivmod)
c:/st/stm32cubeide_1.8.0/stm32cubeide/plugins/com.st.stm32cube.ide.mcu.externaltools.gnu-tools-for-stm32.10.3-2021.10.win32_1.0.0.202111181127/tools/bin/../lib/gcc/arm-none-eabi/10.3.1/thumb/v7e-m+fp/hard\libgcc.a(_udivmoddi4.o)
                              c:/st/stm32cubeide_1.8.0/stm32cubeide/plugins/com.st.stm32cube.ide.mcu.externaltools.gnu-tools-for-stm32.10.3-2021.10.win32_1.0.0.202111181127/tools/bin/../lib/gcc/arm-none-eabi/10.3.1/thumb/v7e-m+fp/hard\libgcc.a(_aeabi_uldivmod.o) (__udivmoddi4)
c:/st/stm32cubeide_1.8.0/stm32cubeide/plugins/com.st.stm32cube.ide.mcu.externaltools.gnu-tools-for-stm32.10.3-2021.10.win32_1.0.0.202111181127/tools/bin/../lib/gcc/arm-none-eabi/10.3.1/thumb/v7e-m+fp/hard\libgcc.a(_dvmd_tls.o)
                              c:/st/stm32cubeide_1.8.0/stm32cubeide/plugins/com.st.stm32cube.ide.mcu.externaltools.gnu-tools-for-stm32.10.3-2021.10.win32_1.0.0.202111181127/tools/bin/../lib/gcc/arm-none-eabi/10.3.1/thumb/v7e-m+fp/hard\libgcc.a(_aeabi_uldivmod.o) (__aeabi_ldiv0)

Discarded input sections

 .text          0x0000000000000000        0x0 c:/st/stm32cubeide_1.8.0/stm32cubeide/plugins/com.st.stm32cube.ide.mcu.externaltools.gnu-tools-for-stm32.10.3-2021.10.win32_1.0.0.202111181127/tools/bin/../lib/gcc/arm-none-eabi/10.3.1/thumb/v7e-m+fp/hard/crti.o
 .data          0x0000000000000000        0x0 c:/st/stm32cubeide_1.8.0/stm32cubeide/plugins/com.st.stm32cube.ide.mcu.externaltools.gnu-tools-for-stm32.10.3-2021.10.win32_1.0.0.202111181127/tools/bin/../lib/gcc/arm-none-eabi/10.3.1/thumb/v7e-m+fp/hard/crti.o
 .bss           0x0000000000000000        0x0 c:/st/stm32cubeide_1.8.0/stm32cubeide/plugins/com.st.stm32cube.ide.mcu.externaltools.gnu-tools-for-stm32.10.3-2021.10.win32_1.0.0.202111181127/tools/bin/../lib/gcc/arm-none-eabi/10.3.1/thumb/v7e-m+fp/hard/crti.o
[...]
Memory Configuration

Name             Origin             Length             Attributes
RAM              0x0000000020000000 0x0000000000050000 xrw
FLASH            0x0000000008000000 0x0000000000100000 xr
*default*        0x0000000000000000 0xffffffffffffffff

Linker script and memory map

LOAD c:/st/stm32cubeide_1.8.0/stm32cubeide/plugins/com.st.stm32cube.ide.mcu.externaltools.gnu-tools-for-stm32.10.3-2021.10.win32_1.0.0.202111181127/tools/bin/../lib/gcc/arm-none-eabi/10.3.1/thumb/v7e-m+fp/hard/crti.o
LOAD c:/st/stm32cubeide_1.8.0/stm32cubeide/plugins/com.st.stm32cube.ide.mcu.externaltools.gnu-tools-for-stm32.10.3-2021.10.win32_1.0.0.202111181127/tools/bin/../lib/gcc/arm-none-eabi/10.3.1/thumb/v7e-m+fp/hard/crtbegin.o
LOAD c:/st/stm32cubeide_1.8.0/stm32cubeide/plugins/com.st.stm32cube.ide.mcu.externaltools.gnu-tools-for-stm32.10.3-2021.10.win32_1.0.0.202111181127/tools/bin/../lib/gcc/arm-none-eabi/10.3.1/../../../../arm-none-eabi/lib/thumb/v7e-m+fp/hard/crt0.o
LOAD ./Core/Src/gpio.o
LOAD ./Core/Src/main.o
LOAD ./Core/Src/stm32f7xx_hal_msp.o
LOAD ./Core/Src/stm32f7xx_it.o
LOAD ./Core/Src/syscalls.o
LOAD ./Core/Src/sysmem.o
LOAD ./Core/Src/system_stm32f7xx.o
LOAD ./Core/Src/usart.o
LOAD ./Core/Startup/startup_stm32f746zgtx.o
LOAD ./Drivers/STM32F7xx_HAL_Driver/Src/stm32f7xx_hal.o
LOAD ./Drivers/STM32F7xx_HAL_Driver/Src/stm32f7xx_hal_cortex.o
LOAD ./Drivers/STM32F7xx_HAL_Driver/Src/stm32f7xx_hal_dma.o
LOAD ./Drivers/STM32F7xx_HAL_Driver/Src/stm32f7xx_hal_dma_ex.o
LOAD ./Drivers/STM32F7xx_HAL_Driver/Src/stm32f7xx_hal_exti.o
LOAD ./Drivers/STM32F7xx_HAL_Driver/Src/stm32f7xx_hal_flash.o
LOAD ./Drivers/STM32F7xx_HAL_Driver/Src/stm32f7xx_hal_flash_ex.o
LOAD ./Drivers/STM32F7xx_HAL_Driver/Src/stm32f7xx_hal_gpio.o
LOAD ./Drivers/STM32F7xx_HAL_Driver/Src/stm32f7xx_hal_i2c.o
LOAD ./Drivers/STM32F7xx_HAL_Driver/Src/stm32f7xx_hal_i2c_ex.o
LOAD ./Drivers/STM32F7xx_HAL_Driver/Src/stm32f7xx_hal_pwr.o
LOAD ./Drivers/STM32F7xx_HAL_Driver/Src/stm32f7xx_hal_pwr_ex.o
LOAD ./Drivers/STM32F7xx_HAL_Driver/Src/stm32f7xx_hal_rcc.o
LOAD ./Drivers/STM32F7xx_HAL_Driver/Src/stm32f7xx_hal_rcc_ex.o
LOAD ./Drivers/STM32F7xx_HAL_Driver/Src/stm32f7xx_hal_tim.o
LOAD ./Drivers/STM32F7xx_HAL_Driver/Src/stm32f7xx_hal_tim_ex.o
LOAD ./Drivers/STM32F7xx_HAL_Driver/Src/stm32f7xx_hal_uart.o
LOAD ./Drivers/STM32F7xx_HAL_Driver/Src/stm32f7xx_hal_uart_ex.o
START GROUP
LOAD c:/st/stm32cubeide_1.8.0/stm32cubeide/plugins/com.st.stm32cube.ide.mcu.externaltools.gnu-tools-for-stm32.10.3-2021.10.win32_1.0.0.202111181127/tools/bin/../lib/gcc/arm-none-eabi/10.3.1/../../../../arm-none-eabi/lib/thumb/v7e-m+fp/hard\libc_nano.a
LOAD c:/st/stm32cubeide_1.8.0/stm32cubeide/plugins/com.st.stm32cube.ide.mcu.externaltools.gnu-tools-for-stm32.10.3-2021.10.win32_1.0.0.202111181127/tools/bin/../lib/gcc/arm-none-eabi/10.3.1/../../../../arm-none-eabi/lib/thumb/v7e-m+fp/hard\libm.a
END GROUP
START GROUP
LOAD c:/st/stm32cubeide_1.8.0/stm32cubeide/plugins/com.st.stm32cube.ide.mcu.externaltools.gnu-tools-for-stm32.10.3-2021.10.win32_1.0.0.202111181127/tools/bin/../lib/gcc/arm-none-eabi/10.3.1/thumb/v7e-m+fp/hard\libgcc.a
LOAD c:/st/stm32cubeide_1.8.0/stm32cubeide/plugins/com.st.stm32cube.ide.mcu.externaltools.gnu-tools-for-stm32.10.3-2021.10.win32_1.0.0.202111181127/tools/bin/../lib/gcc/arm-none-eabi/10.3.1/../../../../arm-none-eabi/lib/thumb/v7e-m+fp/hard\libc_nano.a
END GROUP
START GROUP
LOAD c:/st/stm32cubeide_1.8.0/stm32cubeide/plugins/com.st.stm32cube.ide.mcu.externaltools.gnu-tools-for-stm32.10.3-2021.10.win32_1.0.0.202111181127/tools/bin/../lib/gcc/arm-none-eabi/10.3.1/thumb/v7e-m+fp/hard\libgcc.a
LOAD c:/st/stm32cubeide_1.8.0/stm32cubeide/plugins/com.st.stm32cube.ide.mcu.externaltools.gnu-tools-for-stm32.10.3-2021.10.win32_1.0.0.202111181127/tools/bin/../lib/gcc/arm-none-eabi/10.3.1/../../../../arm-none-eabi/lib/thumb/v7e-m+fp/hard\libc_nano.a
LOAD c:/st/stm32cubeide_1.8.0/stm32cubeide/plugins/com.st.stm32cube.ide.mcu.externaltools.gnu-tools-for-stm32.10.3-2021.10.win32_1.0.0.202111181127/tools/bin/../lib/gcc/arm-none-eabi/10.3.1/../../../../arm-none-eabi/lib/thumb/v7e-m+fp/hard\libnosys.a
END GROUP
START GROUP
LOAD c:/st/stm32cubeide_1.8.0/stm32cubeide/plugins/com.st.stm32cube.ide.mcu.externaltools.gnu-tools-for-stm32.10.3-2021.10.win32_1.0.0.202111181127/tools/bin/../lib/gcc/arm-none-eabi/10.3.1/thumb/v7e-m+fp/hard\libgcc.a
LOAD c:/st/stm32cubeide_1.8.0/stm32cubeide/plugins/com.st.stm32cube.ide.mcu.externaltools.gnu-tools-for-stm32.10.3-2021.10.win32_1.0.0.202111181127/tools/bin/../lib/gcc/arm-none-eabi/10.3.1/../../../../arm-none-eabi/lib/thumb/v7e-m+fp/hard\libc_nano.a
LOAD c:/st/stm32cubeide_1.8.0/stm32cubeide/plugins/com.st.stm32cube.ide.mcu.externaltools.gnu-tools-for-stm32.10.3-2021.10.win32_1.0.0.202111181127/tools/bin/../lib/gcc/arm-none-eabi/10.3.1/../../../../arm-none-eabi/lib/thumb/v7e-m+fp/hard\libnosys.a
END GROUP
LOAD c:/st/stm32cubeide_1.8.0/stm32cubeide/plugins/com.st.stm32cube.ide.mcu.externaltools.gnu-tools-for-stm32.10.3-2021.10.win32_1.0.0.202111181127/tools/bin/../lib/gcc/arm-none-eabi/10.3.1/thumb/v7e-m+fp/hard/crtend.o
LOAD c:/st/stm32cubeide_1.8.0/stm32cubeide/plugins/com.st.stm32cube.ide.mcu.externaltools.gnu-tools-for-stm32.10.3-2021.10.win32_1.0.0.202111181127/tools/bin/../lib/gcc/arm-none-eabi/10.3.1/thumb/v7e-m+fp/hard/crtn.o
                0x0000000020050000                _estack = (ORIGIN (RAM) + LENGTH (RAM))
                0x0000000000000200                _Min_Heap_Size = 0x200
                0x0000000000000400                _Min_Stack_Size = 0x400

.isr_vector     0x0000000008000000      0x1c8
                0x0000000008000000                . = ALIGN (0x4)
 *(.isr_vector)
 .isr_vector    0x0000000008000000      0x1c8 ./Core/Startup/startup_stm32f746zgtx.o
                0x0000000008000000                g_pfnVectors
                0x00000000080001c8                . = ALIGN (0x4)

.text           0x00000000080001c8     0x2a10
                0x00000000080001c8                . = ALIGN (0x4)
 *(.text)
 .text          0x00000000080001c8       0x40 c:/st/stm32cubeide_1.8.0/stm32cubeide/plugins/com.st.stm32cube.ide.mcu.externaltools.gnu-tools-for-stm32.10.3-2021.10.win32_1.0.0.202111181127/tools/bin/../lib/gcc/arm-none-eabi/10.3.1/thumb/v7e-m+fp/hard/crtbegin.o
 .text          0x0000000008000208       0x30 c:/st/stm32cubeide_1.8.0/stm32cubeide/plugins/com.st.stm32cube.ide.mcu.externaltools.gnu-tools-for-stm32.10.3-2021.10.win32_1.0.0.202111181127/tools/bin/../lib/gcc/arm-none-eabi/10.3.1/thumb/v7e-m+fp/hard\libgcc.a(_aeabi_uldivmod.o)
                0x0000000008000208                __aeabi_uldivmod
 .text          0x0000000008000238      0x2d0 c:/st/stm32cubeide_1.8.0/stm32cubeide/plugins/com.st.stm32cube.ide.mcu.externaltools.gnu-tools-for-stm32.10.3-2021.10.win32_1.0.0.202111181127/tools/bin/../lib/gcc/arm-none-eabi/10.3.1/thumb/v7e-m+fp/hard\libgcc.a(_udivmoddi4.o)
                0x0000000008000238                __udivmoddi4
 .text          0x0000000008000508        0x4 c:/st/stm32cubeide_1.8.0/stm32cubeide/plugins/com.st.stm32cube.ide.mcu.externaltools.gnu-tools-for-stm32.10.3-2021.10.win32_1.0.0.202111181127/tools/bin/../lib/gcc/arm-none-eabi/10.3.1/thumb/v7e-m+fp/hard\libgcc.a(_dvmd_tls.o)
                0x0000000008000508                __aeabi_idiv0
                0x0000000008000508                __aeabi_ldiv0
 *(.text*)
 .text.MX_GPIO_Init
                0x000000000800050c      0x208 ./Core/Src/gpio.o
                0x000000000800050c                MX_GPIO_Init
 .text.main     0x0000000008000714       0x50 ./Core/Src/main.o
                0x0000000008000714                main
 .text.SystemClock_Config
                0x0000000008000764       0xd0 ./Core/Src/main.o
                0x0000000008000764                SystemClock_Config
 .text.Error_Handler
                0x0000000008000834        0xa ./Core/Src/main.o
                0x0000000008000834                Error_Handler
 *fill*         0x000000000800083e        0x2 
 .text.HAL_MspInit
                0x0000000008000840       0x48 ./Core/Src/stm32f7xx_hal_msp.o
                0x0000000008000840                HAL_MspInit
 .text.NMI_Handler
                0x0000000008000888        0x6 ./Core/Src/stm32f7xx_it.o
                0x0000000008000888                NMI_Handler
 .text.HardFault_Handler
                0x000000000800088e        0x6 ./Core/Src/stm32f7xx_it.o
                0x000000000800088e                HardFault_Handler
 .text.MemManage_Handler
                0x0000000008000894        0x6 ./Core/Src/stm32f7xx_it.o
                0x0000000008000894                MemManage_Handler
 .text.BusFault_Handler
                0x000000000800089a        0x6 ./Core/Src/stm32f7xx_it.o
                0x000000000800089a                BusFault_Handler
 .text.UsageFault_Handler
                0x00000000080008a0        0x6 ./Core/Src/stm32f7xx_it.o
                0x00000000080008a0                UsageFault_Handler
 .text.SVC_Handler
                0x00000000080008a6        0xe ./Core/Src/stm32f7xx_it.o
                0x00000000080008a6                SVC_Handler
 .text.DebugMon_Handler
                0x00000000080008b4        0xe ./Core/Src/stm32f7xx_it.o
                0x00000000080008b4                DebugMon_Handler
 .text.PendSV_Handler
                0x00000000080008c2        0xe ./Core/Src/stm32f7xx_it.o
                0x00000000080008c2                PendSV_Handler
 .text.SysTick_Handler
                0x00000000080008d0        0xc ./Core/Src/stm32f7xx_it.o
                0x00000000080008d0                SysTick_Handler
 .text.SystemInit
                0x00000000080008dc       0x24 ./Core/Src/system_stm32f7xx.o
                0x00000000080008dc                SystemInit
 .text.MX_USART3_UART_Init
                0x0000000008000900       0x60 ./Core/Src/usart.o
                0x0000000008000900                MX_USART3_UART_Init
 .text.HAL_UART_MspInit
                0x0000000008000960       0xc0 ./Core/Src/usart.o
                0x0000000008000960                HAL_UART_MspInit
 .text.Reset_Handler
                0x0000000008000a20       0x50 ./Core/Startup/startup_stm32f746zgtx.o
                0x0000000008000a20                Reset_Handler
 .text.Default_Handler
                0x0000000008000a70        0x2 ./Core/Startup/startup_stm32f746zgtx.o
                0x0000000008000a70                RTC_Alarm_IRQHandler
                0x0000000008000a70                EXTI2_IRQHandler
                0x0000000008000a70                TIM8_CC_IRQHandler
                0x0000000008000a70                UART8_IRQHandler
                0x0000000008000a70                SPI4_IRQHandler
                0x0000000008000a70                TIM1_CC_IRQHandler
                0x0000000008000a70                DMA2_Stream5_IRQHandler
                0x0000000008000a70                DMA1_Stream5_IRQHandler
                0x0000000008000a70                PVD_IRQHandler
                0x0000000008000a70                TAMP_STAMP_IRQHandler
                0x0000000008000a70                CAN2_RX1_IRQHandler
                0x0000000008000a70                EXTI3_IRQHandler
                0x0000000008000a70                TIM8_TRG_COM_TIM14_IRQHandler
                0x0000000008000a70                TIM1_UP_TIM10_IRQHandler
                0x0000000008000a70                TIM8_UP_TIM13_IRQHandler
                0x0000000008000a70                I2C3_ER_IRQHandler
                0x0000000008000a70                EXTI0_IRQHandler
                0x0000000008000a70                I2C2_EV_IRQHandler
                0x0000000008000a70                DMA1_Stream2_IRQHandler
                0x0000000008000a70                CAN1_RX0_IRQHandler
                0x0000000008000a70                FPU_IRQHandler
                0x0000000008000a70                OTG_HS_WKUP_IRQHandler
                0x0000000008000a70                LTDC_ER_IRQHandler
                0x0000000008000a70                CAN2_SCE_IRQHandler
                0x0000000008000a70                DMA2_Stream2_IRQHandler
                0x0000000008000a70                SPI1_IRQHandler
                0x0000000008000a70                TIM6_DAC_IRQHandler
                0x0000000008000a70                TIM1_BRK_TIM9_IRQHandler
                0x0000000008000a70                DCMI_IRQHandler
                0x0000000008000a70                CAN2_RX0_IRQHandler
                0x0000000008000a70                DMA2_Stream3_IRQHandler
                0x0000000008000a70                SAI2_IRQHandler
                0x0000000008000a70                USART6_IRQHandler
                0x0000000008000a70                USART3_IRQHandler
                0x0000000008000a70                CAN1_RX1_IRQHandler
                0x0000000008000a70                UART5_IRQHandler
                0x0000000008000a70                DMA2_Stream0_IRQHandler
                0x0000000008000a70                TIM4_IRQHandler
                0x0000000008000a70                QUADSPI_IRQHandler
                0x0000000008000a70                I2C1_EV_IRQHandler
                0x0000000008000a70                DMA1_Stream6_IRQHandler
                0x0000000008000a70                DMA1_Stream1_IRQHandler
                0x0000000008000a70                UART4_IRQHandler
                0x0000000008000a70                TIM3_IRQHandler
                0x0000000008000a70                RCC_IRQHandler
                0x0000000008000a70                TIM8_BRK_TIM12_IRQHandler
                0x0000000008000a70                Default_Handler
                0x0000000008000a70                CEC_IRQHandler
                0x0000000008000a70                EXTI15_10_IRQHandler
                0x0000000008000a70                ADC_IRQHandler
                0x0000000008000a70                DMA1_Stream7_IRQHandler
                0x0000000008000a70                SPI5_IRQHandler
                0x0000000008000a70                TIM7_IRQHandler
                0x0000000008000a70                SDMMC1_IRQHandler
                0x0000000008000a70                CAN2_TX_IRQHandler
                0x0000000008000a70                TIM5_IRQHandler
                0x0000000008000a70                DMA2_Stream7_IRQHandler
                0x0000000008000a70                I2C3_EV_IRQHandler
                0x0000000008000a70                EXTI9_5_IRQHandler
                0x0000000008000a70                RTC_WKUP_IRQHandler
                0x0000000008000a70                LTDC_IRQHandler
                0x0000000008000a70                ETH_WKUP_IRQHandler
                0x0000000008000a70                SPDIF_RX_IRQHandler
                0x0000000008000a70                SPI2_IRQHandler
                0x0000000008000a70                OTG_HS_EP1_IN_IRQHandler
                0x0000000008000a70                DMA1_Stream0_IRQHandler
                0x0000000008000a70                CAN1_TX_IRQHandler
                0x0000000008000a70                EXTI4_IRQHandler
                0x0000000008000a70                RNG_IRQHandler
                0x0000000008000a70                ETH_IRQHandler
                0x0000000008000a70                OTG_HS_EP1_OUT_IRQHandler
                0x0000000008000a70                WWDG_IRQHandler
                0x0000000008000a70                SPI6_IRQHandler
                0x0000000008000a70                I2C4_EV_IRQHandler
                0x0000000008000a70                TIM2_IRQHandler
                0x0000000008000a70                OTG_FS_WKUP_IRQHandler
                0x0000000008000a70                TIM1_TRG_COM_TIM11_IRQHandler
                0x0000000008000a70                OTG_HS_IRQHandler
                0x0000000008000a70                DMA2D_IRQHandler
                0x0000000008000a70                EXTI1_IRQHandler
                0x0000000008000a70                UART7_IRQHandler
                0x0000000008000a70                USART2_IRQHandler
                0x0000000008000a70                I2C2_ER_IRQHandler
                0x0000000008000a70                DMA2_Stream1_IRQHandler
                0x0000000008000a70                CAN1_SCE_IRQHandler
                0x0000000008000a70                FLASH_IRQHandler
                0x0000000008000a70                DMA2_Stream4_IRQHandler
                0x0000000008000a70                USART1_IRQHandler
                0x0000000008000a70                OTG_FS_IRQHandler
                0x0000000008000a70                SPI3_IRQHandler
                0x0000000008000a70                DMA1_Stream4_IRQHandler
                0x0000000008000a70                I2C1_ER_IRQHandler
                0x0000000008000a70                FMC_IRQHandler
                0x0000000008000a70                LPTIM1_IRQHandler
                0x0000000008000a70                I2C4_ER_IRQHandler
                0x0000000008000a70                DMA2_Stream6_IRQHandler
                0x0000000008000a70                SAI1_IRQHandler
                0x0000000008000a70                DMA1_Stream3_IRQHandler
 .text.HAL_Init
                0x0000000008000a72       0x1a ./Drivers/STM32F7xx_HAL_Driver/Src/stm32f7xx_hal.o
                0x0000000008000a72                HAL_Init
 .text.HAL_InitTick
                0x0000000008000a8c       0x60 ./Drivers/STM32F7xx_HAL_Driver/Src/stm32f7xx_hal.o
                0x0000000008000a8c                HAL_InitTick
 .text.HAL_IncTick
                0x0000000008000aec       0x28 ./Drivers/STM32F7xx_HAL_Driver/Src/stm32f7xx_hal.o
                0x0000000008000aec                HAL_IncTick
 .text.HAL_GetTick
                0x0000000008000b14       0x18 ./Drivers/STM32F7xx_HAL_Driver/Src/stm32f7xx_hal.o
                0x0000000008000b14                HAL_GetTick
 .text.HAL_Delay
                0x0000000008000b2c       0x48 ./Drivers/STM32F7xx_HAL_Driver/Src/stm32f7xx_hal.o
                0x0000000008000b2c                HAL_Delay
 .text.__NVIC_SetPriorityGrouping
                0x0000000008000b74       0x48 ./Drivers/STM32F7xx_HAL_Driver/Src/stm32f7xx_hal_cortex.o
 .text.__NVIC_GetPriorityGrouping
                0x0000000008000bbc       0x1c ./Drivers/STM32F7xx_HAL_Driver/Src/stm32f7xx_hal_cortex.o
 .text.__NVIC_SetPriority
                0x0000000008000bd8       0x54 ./Drivers/STM32F7xx_HAL_Driver/Src/stm32f7xx_hal_cortex.o
 .text.NVIC_EncodePriority
                0x0000000008000c2c       0x66 ./Drivers/STM32F7xx_HAL_Driver/Src/stm32f7xx_hal_cortex.o
 *fill*         0x0000000008000c92        0x2 
 .text.SysTick_Config
                0x0000000008000c94       0x44 ./Drivers/STM32F7xx_HAL_Driver/Src/stm32f7xx_hal_cortex.o
 .text.HAL_NVIC_SetPriorityGrouping
                0x0000000008000cd8       0x16 ./Drivers/STM32F7xx_HAL_Driver/Src/stm32f7xx_hal_cortex.o
                0x0000000008000cd8                HAL_NVIC_SetPriorityGrouping
 .text.HAL_NVIC_SetPriority
                0x0000000008000cee       0x38 ./Drivers/STM32F7xx_HAL_Driver/Src/stm32f7xx_hal_cortex.o
                0x0000000008000cee                HAL_NVIC_SetPriority
 .text.HAL_SYSTICK_Config
                0x0000000008000d26       0x18 ./Drivers/STM32F7xx_HAL_Driver/Src/stm32f7xx_hal_cortex.o
                0x0000000008000d26                HAL_SYSTICK_Config
 *fill*         0x0000000008000d3e        0x2 
 .text.HAL_GPIO_Init
                0x0000000008000d40      0x358 ./Drivers/STM32F7xx_HAL_Driver/Src/stm32f7xx_hal_gpio.o
                0x0000000008000d40                HAL_GPIO_Init
 .text.HAL_GPIO_ReadPin
                0x0000000008001098       0x30 ./Drivers/STM32F7xx_HAL_Driver/Src/stm32f7xx_hal_gpio.o
                0x0000000008001098                HAL_GPIO_ReadPin
 .text.HAL_GPIO_WritePin
                0x00000000080010c8       0x32 ./Drivers/STM32F7xx_HAL_Driver/Src/stm32f7xx_hal_gpio.o
                0x00000000080010c8                HAL_GPIO_WritePin
 .text.HAL_GPIO_TogglePin
                0x00000000080010fa       0x34 ./Drivers/STM32F7xx_HAL_Driver/Src/stm32f7xx_hal_gpio.o
                0x00000000080010fa                HAL_GPIO_TogglePin
 *fill*         0x000000000800112e        0x2 
 .text.HAL_PWR_EnableBkUpAccess
                0x0000000008001130       0x20 ./Drivers/STM32F7xx_HAL_Driver/Src/stm32f7xx_hal_pwr.o
                0x0000000008001130                HAL_PWR_EnableBkUpAccess
 .text.HAL_RCC_OscConfig
                0x0000000008001150      0x548 ./Drivers/STM32F7xx_HAL_Driver/Src/stm32f7xx_hal_rcc.o
                0x0000000008001150                HAL_RCC_OscConfig
 .text.HAL_RCC_ClockConfig
                0x0000000008001698      0x1d8 ./Drivers/STM32F7xx_HAL_Driver/Src/stm32f7xx_hal_rcc.o
                0x0000000008001698                HAL_RCC_ClockConfig
 .text.HAL_RCC_GetSysClockFreq
                0x0000000008001870      0x20c ./Drivers/STM32F7xx_HAL_Driver/Src/stm32f7xx_hal_rcc.o
                0x0000000008001870                HAL_RCC_GetSysClockFreq
 .text.HAL_RCC_GetHCLKFreq
                0x0000000008001a7c       0x18 ./Drivers/STM32F7xx_HAL_Driver/Src/stm32f7xx_hal_rcc.o
                0x0000000008001a7c                HAL_RCC_GetHCLKFreq
 .text.HAL_RCC_GetPCLK1Freq
                0x0000000008001a94       0x28 ./Drivers/STM32F7xx_HAL_Driver/Src/stm32f7xx_hal_rcc.o
                0x0000000008001a94                HAL_RCC_GetPCLK1Freq
 .text.HAL_RCC_GetPCLK2Freq
                0x0000000008001abc       0x28 ./Drivers/STM32F7xx_HAL_Driver/Src/stm32f7xx_hal_rcc.o
                0x0000000008001abc                HAL_RCC_GetPCLK2Freq
 .text.HAL_RCCEx_PeriphCLKConfig
                0x0000000008001ae4      0x7e0 ./Drivers/STM32F7xx_HAL_Driver/Src/stm32f7xx_hal_rcc_ex.o
                0x0000000008001ae4                HAL_RCCEx_PeriphCLKConfig
 .text.HAL_UART_Init
                0x00000000080022c4       0x9c ./Drivers/STM32F7xx_HAL_Driver/Src/stm32f7xx_hal_uart.o
                0x00000000080022c4                HAL_UART_Init
 .text.UART_SetConfig
                0x0000000008002360      0x4c8 ./Drivers/STM32F7xx_HAL_Driver/Src/stm32f7xx_hal_uart.o
                0x0000000008002360                UART_SetConfig
 .text.UART_AdvFeatureConfig
                0x0000000008002828      0x144 ./Drivers/STM32F7xx_HAL_Driver/Src/stm32f7xx_hal_uart.o
                0x0000000008002828                UART_AdvFeatureConfig
 .text.UART_CheckIdleState
                0x000000000800296c       0x6e ./Drivers/STM32F7xx_HAL_Driver/Src/stm32f7xx_hal_uart.o
                0x000000000800296c                UART_CheckIdleState
 .text.UART_WaitOnFlagUntilTimeout
                0x00000000080029da      0x18c ./Drivers/STM32F7xx_HAL_Driver/Src/stm32f7xx_hal_uart.o
                0x00000000080029da                UART_WaitOnFlagUntilTimeout
 *fill*         0x0000000008002b66        0x2 
 .text.__libc_init_array
                0x0000000008002b68       0x48 c:/st/stm32cubeide_1.8.0/stm32cubeide/plugins/com.st.stm32cube.ide.mcu.externaltools.gnu-tools-for-stm32.10.3-2021.10.win32_1.0.0.202111181127/tools/bin/../lib/gcc/arm-none-eabi/10.3.1/../../../../arm-none-eabi/lib/thumb/v7e-m+fp/hard\libc_nano.a(lib_a-init.o)
                0x0000000008002b68                __libc_init_array
 .text.memset   0x0000000008002bb0       0x10 c:/st/stm32cubeide_1.8.0/stm32cubeide/plugins/com.st.stm32cube.ide.mcu.externaltools.gnu-tools-for-stm32.10.3-2021.10.win32_1.0.0.202111181127/tools/bin/../lib/gcc/arm-none-eabi/10.3.1/../../../../arm-none-eabi/lib/thumb/v7e-m+fp/hard\libc_nano.a(lib_a-memset.o)
                0x0000000008002bb0                memset
 *(.glue_7)
 .glue_7        0x0000000008002bc0        0x0 linker stubs
 *(.glue_7t)
 .glue_7t       0x0000000008002bc0        0x0 linker stubs
 *(.eh_frame)
 .eh_frame      0x0000000008002bc0        0x0 c:/st/stm32cubeide_1.8.0/stm32cubeide/plugins/com.st.stm32cube.ide.mcu.externaltools.gnu-tools-for-stm32.10.3-2021.10.win32_1.0.0.202111181127/tools/bin/../lib/gcc/arm-none-eabi/10.3.1/thumb/v7e-m+fp/hard/crtbegin.o
 *(.init)
 .init          0x0000000008002bc0        0x4 c:/st/stm32cubeide_1.8.0/stm32cubeide/plugins/com.st.stm32cube.ide.mcu.externaltools.gnu-tools-for-stm32.10.3-2021.10.win32_1.0.0.202111181127/tools/bin/../lib/gcc/arm-none-eabi/10.3.1/thumb/v7e-m+fp/hard/crti.o
                0x0000000008002bc0                _init
 .init          0x0000000008002bc4        0x8 c:/st/stm32cubeide_1.8.0/stm32cubeide/plugins/com.st.stm32cube.ide.mcu.externaltools.gnu-tools-for-stm32.10.3-2021.10.win32_1.0.0.202111181127/tools/bin/../lib/gcc/arm-none-eabi/10.3.1/thumb/v7e-m+fp/hard/crtn.o
 *(.fini)
 .fini          0x0000000008002bcc        0x4 c:/st/stm32cubeide_1.8.0/stm32cubeide/plugins/com.st.stm32cube.ide.mcu.externaltools.gnu-tools-for-stm32.10.3-2021.10.win32_1.0.0.202111181127/tools/bin/../lib/gcc/arm-none-eabi/10.3.1/thumb/v7e-m+fp/hard/crti.o
                0x0000000008002bcc                _fini
 .fini          0x0000000008002bd0        0x8 c:/st/stm32cubeide_1.8.0/stm32cubeide/plugins/com.st.stm32cube.ide.mcu.externaltools.gnu-tools-for-stm32.10.3-2021.10.win32_1.0.0.202111181127/tools/bin/../lib/gcc/arm-none-eabi/10.3.1/thumb/v7e-m+fp/hard/crtn.o
                0x0000000008002bd8                . = ALIGN (0x4)
                0x0000000008002bd8                _etext = .

.vfp11_veneer   0x0000000008002bd8        0x0
 .vfp11_veneer  0x0000000008002bd8        0x0 linker stubs

.v4_bx          0x0000000008002bd8        0x0
 .v4_bx         0x0000000008002bd8        0x0 linker stubs

.iplt           0x0000000008002bd8        0x0
 .iplt          0x0000000008002bd8        0x0 c:/st/stm32cubeide_1.8.0/stm32cubeide/plugins/com.st.stm32cube.ide.mcu.externaltools.gnu-tools-for-stm32.10.3-2021.10.win32_1.0.0.202111181127/tools/bin/../lib/gcc/arm-none-eabi/10.3.1/thumb/v7e-m+fp/hard/crtbegin.o

.rodata         0x0000000008002bd8       0x18
                0x0000000008002bd8                . = ALIGN (0x4)
 *(.rodata)
 *(.rodata*)
 .rodata.AHBPrescTable
                0x0000000008002bd8       0x10 ./Core/Src/system_stm32f7xx.o
                0x0000000008002bd8                AHBPrescTable
 .rodata.APBPrescTable
                0x0000000008002be8        0x8 ./Core/Src/system_stm32f7xx.o
                0x0000000008002be8                APBPrescTable
                0x0000000008002bf0                . = ALIGN (0x4)

.ARM.extab      0x0000000008002bf0        0x0
                0x0000000008002bf0                . = ALIGN (0x4)
 *(.ARM.extab* .gnu.linkonce.armextab.*)
                0x0000000008002bf0                . = ALIGN (0x4)

.ARM            0x0000000008002bf0        0x8
                0x0000000008002bf0                . = ALIGN (0x4)
                0x0000000008002bf0                __exidx_start = .
 *(.ARM.exidx*)
 .ARM.exidx     0x0000000008002bf0        0x8 c:/st/stm32cubeide_1.8.0/stm32cubeide/plugins/com.st.stm32cube.ide.mcu.externaltools.gnu-tools-for-stm32.10.3-2021.10.win32_1.0.0.202111181127/tools/bin/../lib/gcc/arm-none-eabi/10.3.1/thumb/v7e-m+fp/hard\libgcc.a(_udivmoddi4.o)
                0x0000000008002bf8                __exidx_end = .
                0x0000000008002bf8                . = ALIGN (0x4)

.rel.dyn        0x0000000008002bf8        0x0
 .rel.iplt      0x0000000008002bf8        0x0 c:/st/stm32cubeide_1.8.0/stm32cubeide/plugins/com.st.stm32cube.ide.mcu.externaltools.gnu-tools-for-stm32.10.3-2021.10.win32_1.0.0.202111181127/tools/bin/../lib/gcc/arm-none-eabi/10.3.1/thumb/v7e-m+fp/hard/crtbegin.o

.preinit_array  0x0000000008002bf8        0x0
                0x0000000008002bf8                . = ALIGN (0x4)
                0x0000000008002bf8                PROVIDE (__preinit_array_start = .)
 *(.preinit_array*)
                0x0000000008002bf8                PROVIDE (__preinit_array_end = .)
                0x0000000008002bf8                . = ALIGN (0x4)

.init_array     0x0000000008002bf8        0x4
                0x0000000008002bf8                . = ALIGN (0x4)
                0x0000000008002bf8                PROVIDE (__init_array_start = .)
 *(SORT_BY_NAME(.init_array.*))
 *(.init_array*)
 .init_array    0x0000000008002bf8        0x4 c:/st/stm32cubeide_1.8.0/stm32cubeide/plugins/com.st.stm32cube.ide.mcu.externaltools.gnu-tools-for-stm32.10.3-2021.10.win32_1.0.0.202111181127/tools/bin/../lib/gcc/arm-none-eabi/10.3.1/thumb/v7e-m+fp/hard/crtbegin.o
                0x0000000008002bfc                PROVIDE (__init_array_end = .)
                0x0000000008002bfc                . = ALIGN (0x4)

.fini_array     0x0000000008002bfc        0x4
                0x0000000008002bfc                . = ALIGN (0x4)
                [!provide]                        PROVIDE (__fini_array_start = .)
 *(SORT_BY_NAME(.fini_array.*))
 *(.fini_array*)
 .fini_array    0x0000000008002bfc        0x4 c:/st/stm32cubeide_1.8.0/stm32cubeide/plugins/com.st.stm32cube.ide.mcu.externaltools.gnu-tools-for-stm32.10.3-2021.10.win32_1.0.0.202111181127/tools/bin/../lib/gcc/arm-none-eabi/10.3.1/thumb/v7e-m+fp/hard/crtbegin.o
                [!provide]                        PROVIDE (__fini_array_end = .)
                0x0000000008002c00                . = ALIGN (0x4)
                0x0000000008002c00                _sidata = LOADADDR (.data)

.data           0x0000000020000000        0xc load address 0x0000000008002c00
                0x0000000020000000                . = ALIGN (0x4)
                0x0000000020000000                _sdata = .
 *(.data)
 *(.data*)
 .data.SystemCoreClock
                0x0000000020000000        0x4 ./Core/Src/system_stm32f7xx.o
                0x0000000020000000                SystemCoreClock
 .data.uwTickPrio
                0x0000000020000004        0x4 ./Drivers/STM32F7xx_HAL_Driver/Src/stm32f7xx_hal.o
                0x0000000020000004                uwTickPrio
 .data.uwTickFreq
                0x0000000020000008        0x1 ./Drivers/STM32F7xx_HAL_Driver/Src/stm32f7xx_hal.o
                0x0000000020000008                uwTickFreq
 *(.RamFunc)
 *(.RamFunc*)
                0x000000002000000c                . = ALIGN (0x4)
 *fill*         0x0000000020000009        0x3 
                0x000000002000000c                _edata = .

.igot.plt       0x000000002000000c        0x0 load address 0x0000000008002c0c
 .igot.plt      0x000000002000000c        0x0 c:/st/stm32cubeide_1.8.0/stm32cubeide/plugins/com.st.stm32cube.ide.mcu.externaltools.gnu-tools-for-stm32.10.3-2021.10.win32_1.0.0.202111181127/tools/bin/../lib/gcc/arm-none-eabi/10.3.1/thumb/v7e-m+fp/hard/crtbegin.o
                0x000000002000000c                . = ALIGN (0x4)

.bss            0x000000002000000c       0xa8 load address 0x0000000008002c0c
                0x000000002000000c                _sbss = .
                0x000000002000000c                __bss_start__ = _sbss
 *(.bss)
 .bss           0x000000002000000c       0x1c c:/st/stm32cubeide_1.8.0/stm32cubeide/plugins/com.st.stm32cube.ide.mcu.externaltools.gnu-tools-for-stm32.10.3-2021.10.win32_1.0.0.202111181127/tools/bin/../lib/gcc/arm-none-eabi/10.3.1/thumb/v7e-m+fp/hard/crtbegin.o
 *(.bss*)
 .bss.huart3    0x0000000020000028       0x88 ./Core/Src/usart.o
                0x0000000020000028                huart3
 .bss.uwTick    0x00000000200000b0        0x4 ./Drivers/STM32F7xx_HAL_Driver/Src/stm32f7xx_hal.o
                0x00000000200000b0                uwTick
 *(COMMON)
                0x00000000200000b4                . = ALIGN (0x4)
                0x00000000200000b4                _ebss = .
                0x00000000200000b4                __bss_end__ = _ebss

._user_heap_stack
                0x00000000200000b4      0x604 load address 0x0000000008002c0c
                0x00000000200000b8                . = ALIGN (0x8)
 *fill*         0x00000000200000b4        0x4 
                [!provide]                        PROVIDE (end = .)
                0x00000000200000b8                PROVIDE (_end = .)
                0x00000000200002b8                . = (. + _Min_Heap_Size)
 *fill*         0x00000000200000b8      0x200 
                0x00000000200006b8                . = (. + _Min_Stack_Size)
 *fill*         0x00000000200002b8      0x400 
                0x00000000200006b8                . = ALIGN (0x8)

/DISCARD/
 libc.a(*)
 libm.a(*)
 libgcc.a(*)

.ARM.attributes
                0x0000000000000000       0x30
 *(.ARM.attributes)
 .ARM.attributes
                0x0000000000000000       0x1e c:/st/stm32cubeide_1.8.0/stm32cubeide/plugins/com.st.stm32cube.ide.mcu.externaltools.gnu-tools-for-stm32.10.3-2021.10.win32_1.0.0.202111181127/tools/bin/../lib/gcc/arm-none-eabi/10.3.1/thumb/v7e-m+fp/hard/crti.o
 .ARM.attributes
                0x000000000000001e       0x34 c:/st/stm32cubeide_1.8.0/stm32cubeide/plugins/com.st.stm32cube.ide.mcu.externaltools.gnu-tools-for-stm32.10.3-2021.10.win32_1.0.0.202111181127/tools/bin/../lib/gcc/arm-none-eabi/10.3.1/thumb/v7e-m+fp/hard/crtbegin.o
 .ARM.attributes
                0x0000000000000052       0x34 ./Core/Src/gpio.o
 .ARM.attributes
                0x0000000000000086       0x34 ./Core/Src/main.o
 .ARM.attributes
                0x00000000000000ba       0x34 ./Core/Src/stm32f7xx_hal_msp.o
 .ARM.attributes
                0x00000000000000ee       0x34 ./Core/Src/stm32f7xx_it.o
 .ARM.attributes
                0x0000000000000122       0x34 ./Core/Src/system_stm32f7xx.o
 .ARM.attributes
                0x0000000000000156       0x34 ./Core/Src/usart.o
 .ARM.attributes
                0x000000000000018a       0x21 ./Core/Startup/startup_stm32f746zgtx.o
 .ARM.attributes
                0x00000000000001ab       0x34 ./Drivers/STM32F7xx_HAL_Driver/Src/stm32f7xx_hal.o
 .ARM.attributes
                0x00000000000001df       0x34 ./Drivers/STM32F7xx_HAL_Driver/Src/stm32f7xx_hal_cortex.o
 .ARM.attributes
                0x0000000000000213       0x34 ./Drivers/STM32F7xx_HAL_Driver/Src/stm32f7xx_hal_gpio.o
 .ARM.attributes
                0x0000000000000247       0x34 ./Drivers/STM32F7xx_HAL_Driver/Src/stm32f7xx_hal_pwr.o
 .ARM.attributes
                0x000000000000027b       0x34 ./Drivers/STM32F7xx_HAL_Driver/Src/stm32f7xx_hal_rcc.o
 .ARM.attributes
                0x00000000000002af       0x34 ./Drivers/STM32F7xx_HAL_Driver/Src/stm32f7xx_hal_rcc_ex.o
 .ARM.attributes
                0x00000000000002e3       0x34 ./Drivers/STM32F7xx_HAL_Driver/Src/stm32f7xx_hal_uart.o
 .ARM.attributes
                0x0000000000000317       0x34 c:/st/stm32cubeide_1.8.0/stm32cubeide/plugins/com.st.stm32cube.ide.mcu.externaltools.gnu-tools-for-stm32.10.3-2021.10.win32_1.0.0.202111181127/tools/bin/../lib/gcc/arm-none-eabi/10.3.1/../../../../arm-none-eabi/lib/thumb/v7e-m+fp/hard\libc_nano.a(lib_a-init.o)
 .ARM.attributes
                0x000000000000034b       0x34 c:/st/stm32cubeide_1.8.0/stm32cubeide/plugins/com.st.stm32cube.ide.mcu.externaltools.gnu-tools-for-stm32.10.3-2021.10.win32_1.0.0.202111181127/tools/bin/../lib/gcc/arm-none-eabi/10.3.1/../../../../arm-none-eabi/lib/thumb/v7e-m+fp/hard\libc_nano.a(lib_a-memset.o)
 .ARM.attributes
                0x000000000000037f       0x1e c:/st/stm32cubeide_1.8.0/stm32cubeide/plugins/com.st.stm32cube.ide.mcu.externaltools.gnu-tools-for-stm32.10.3-2021.10.win32_1.0.0.202111181127/tools/bin/../lib/gcc/arm-none-eabi/10.3.1/thumb/v7e-m+fp/hard\libgcc.a(_aeabi_uldivmod.o)
 .ARM.attributes
                0x000000000000039d       0x34 c:/st/stm32cubeide_1.8.0/stm32cubeide/plugins/com.st.stm32cube.ide.mcu.externaltools.gnu-tools-for-stm32.10.3-2021.10.win32_1.0.0.202111181127/tools/bin/../lib/gcc/arm-none-eabi/10.3.1/thumb/v7e-m+fp/hard\libgcc.a(_udivmoddi4.o)
 .ARM.attributes
                0x00000000000003d1       0x1e c:/st/stm32cubeide_1.8.0/stm32cubeide/plugins/com.st.stm32cube.ide.mcu.externaltools.gnu-tools-for-stm32.10.3-2021.10.win32_1.0.0.202111181127/tools/bin/../lib/gcc/arm-none-eabi/10.3.1/thumb/v7e-m+fp/hard\libgcc.a(_dvmd_tls.o)
 .ARM.attributes
                0x00000000000003ef       0x1e c:/st/stm32cubeide_1.8.0/stm32cubeide/plugins/com.st.stm32cube.ide.mcu.externaltools.gnu-tools-for-stm32.10.3-2021.10.win32_1.0.0.202111181127/tools/bin/../lib/gcc/arm-none-eabi/10.3.1/thumb/v7e-m+fp/hard/crtn.o
OUTPUT(L01_Example.elf elf32-littlearm)
LOAD linker stubs
LOAD c:/st/stm32cubeide_1.8.0/stm32cubeide/plugins/com.st.stm32cube.ide.mcu.externaltools.gnu-tools-for-stm32.10.3-2021.10.win32_1.0.0.202111181127/tools/bin/../lib/gcc/arm-none-eabi/10.3.1/../../../../arm-none-eabi/lib/thumb/v7e-m+fp/hard\libc.a
LOAD c:/st/stm32cubeide_1.8.0/stm32cubeide/plugins/com.st.stm32cube.ide.mcu.externaltools.gnu-tools-for-stm32.10.3-2021.10.win32_1.0.0.202111181127/tools/bin/../lib/gcc/arm-none-eabi/10.3.1/../../../../arm-none-eabi/lib/thumb/v7e-m+fp/hard\libm.a
LOAD c:/st/stm32cubeide_1.8.0/stm32cubeide/plugins/com.st.stm32cube.ide.mcu.externaltools.gnu-tools-for-stm32.10.3-2021.10.win32_1.0.0.202111181127/tools/bin/../lib/gcc/arm-none-eabi/10.3.1/thumb/v7e-m+fp/hard\libgcc.a

.debug_info     0x0000000000000000     0x9d27
 .debug_info    0x0000000000000000      0x4ed ./Core/Src/gpio.o
 .debug_info    0x00000000000004ed      0x6ae ./Core/Src/main.o
 .debug_info    0x0000000000000b9b      0x2d2 ./Core/Src/stm32f7xx_hal_msp.o
 .debug_info    0x0000000000000e6d      0x121 ./Core/Src/stm32f7xx_it.o
 .debug_info    0x0000000000000f8e      0x72c ./Core/Src/system_stm32f7xx.o
 .debug_info    0x00000000000016ba      0xd0d ./Core/Src/usart.o
 .debug_info    0x00000000000023c7       0x22 ./Core/Startup/startup_stm32f746zgtx.o
 .debug_info    0x00000000000023e9      0xa0c ./Drivers/STM32F7xx_HAL_Driver/Src/stm32f7xx_hal.o
 .debug_info    0x0000000000002df5     0x105a ./Drivers/STM32F7xx_HAL_Driver/Src/stm32f7xx_hal_cortex.o
 .debug_info    0x0000000000003e4f      0x794 ./Drivers/STM32F7xx_HAL_Driver/Src/stm32f7xx_hal_gpio.o
 .debug_info    0x00000000000045e3      0x978 ./Drivers/STM32F7xx_HAL_Driver/Src/stm32f7xx_hal_pwr.o
 .debug_info    0x0000000000004f5b      0x99c ./Drivers/STM32F7xx_HAL_Driver/Src/stm32f7xx_hal_rcc.o
 .debug_info    0x00000000000058f7      0x764 ./Drivers/STM32F7xx_HAL_Driver/Src/stm32f7xx_hal_rcc_ex.o
 .debug_info    0x000000000000605b     0x3ccc ./Drivers/STM32F7xx_HAL_Driver/Src/stm32f7xx_hal_uart.o

.debug_abbrev   0x0000000000000000     0x176b
 .debug_abbrev  0x0000000000000000      0x146 ./Core/Src/gpio.o
 .debug_abbrev  0x0000000000000146      0x20d ./Core/Src/main.o
 .debug_abbrev  0x0000000000000353       0xd4 ./Core/Src/stm32f7xx_hal_msp.o
 .debug_abbrev  0x0000000000000427       0x74 ./Core/Src/stm32f7xx_it.o
 .debug_abbrev  0x000000000000049b      0x136 ./Core/Src/system_stm32f7xx.o
 .debug_abbrev  0x00000000000005d1      0x1e7 ./Core/Src/usart.o
 .debug_abbrev  0x00000000000007b8       0x12 ./Core/Startup/startup_stm32f746zgtx.o
 .debug_abbrev  0x00000000000007ca      0x20d ./Drivers/STM32F7xx_HAL_Driver/Src/stm32f7xx_hal.o
 .debug_abbrev  0x00000000000009d7      0x316 ./Drivers/STM32F7xx_HAL_Driver/Src/stm32f7xx_hal_cortex.o
 .debug_abbrev  0x0000000000000ced      0x1c4 ./Drivers/STM32F7xx_HAL_Driver/Src/stm32f7xx_hal_gpio.o
 .debug_abbrev  0x0000000000000eb1      0x1b8 ./Drivers/STM32F7xx_HAL_Driver/Src/stm32f7xx_hal_pwr.o
 .debug_abbrev  0x0000000000001069      0x27b ./Drivers/STM32F7xx_HAL_Driver/Src/stm32f7xx_hal_rcc.o
 .debug_abbrev  0x00000000000012e4      0x1b9 ./Drivers/STM32F7xx_HAL_Driver/Src/stm32f7xx_hal_rcc_ex.o
 .debug_abbrev  0x000000000000149d      0x2ce ./Drivers/STM32F7xx_HAL_Driver/Src/stm32f7xx_hal_uart.o

.debug_aranges  0x0000000000000000      0x760
 .debug_aranges
                0x0000000000000000       0x20 ./Core/Src/gpio.o
 .debug_aranges
                0x0000000000000020       0x30 ./Core/Src/main.o
 .debug_aranges
                0x0000000000000050       0x20 ./Core/Src/stm32f7xx_hal_msp.o
 .debug_aranges
                0x0000000000000070       0x60 ./Core/Src/stm32f7xx_it.o
 .debug_aranges
                0x00000000000000d0       0x28 ./Core/Src/system_stm32f7xx.o
 .debug_aranges
                0x00000000000000f8       0x30 ./Core/Src/usart.o
 .debug_aranges
                0x0000000000000128       0x28 ./Core/Startup/startup_stm32f746zgtx.o
 .debug_aranges
                0x0000000000000150      0x100 ./Drivers/STM32F7xx_HAL_Driver/Src/stm32f7xx_hal.o
 .debug_aranges
                0x0000000000000250      0x118 ./Drivers/STM32F7xx_HAL_Driver/Src/stm32f7xx_hal_cortex.o
 .debug_aranges
                0x0000000000000368       0x58 ./Drivers/STM32F7xx_HAL_Driver/Src/stm32f7xx_hal_gpio.o
 .debug_aranges
                0x00000000000003c0       0xa0 ./Drivers/STM32F7xx_HAL_Driver/Src/stm32f7xx_hal_pwr.o
 .debug_aranges
                0x0000000000000460       0x88 ./Drivers/STM32F7xx_HAL_Driver/Src/stm32f7xx_hal_rcc.o
 .debug_aranges
                0x00000000000004e8       0x50 ./Drivers/STM32F7xx_HAL_Driver/Src/stm32f7xx_hal_rcc_ex.o
 .debug_aranges
                0x0000000000000538      0x228 ./Drivers/STM32F7xx_HAL_Driver/Src/stm32f7xx_hal_uart.o

.debug_ranges   0x0000000000000000      0x6b8
 .debug_ranges  0x0000000000000000       0x10 ./Core/Src/gpio.o
 .debug_ranges  0x0000000000000010       0x20 ./Core/Src/main.o
 .debug_ranges  0x0000000000000030       0x10 ./Core/Src/stm32f7xx_hal_msp.o
 .debug_ranges  0x0000000000000040       0x50 ./Core/Src/stm32f7xx_it.o
 .debug_ranges  0x0000000000000090       0x18 ./Core/Src/system_stm32f7xx.o
 .debug_ranges  0x00000000000000a8       0x20 ./Core/Src/usart.o
 .debug_ranges  0x00000000000000c8       0x20 ./Core/Startup/startup_stm32f746zgtx.o
 .debug_ranges  0x00000000000000e8       0xf0 ./Drivers/STM32F7xx_HAL_Driver/Src/stm32f7xx_hal.o
 .debug_ranges  0x00000000000001d8      0x108 ./Drivers/STM32F7xx_HAL_Driver/Src/stm32f7xx_hal_cortex.o
 .debug_ranges  0x00000000000002e0       0x48 ./Drivers/STM32F7xx_HAL_Driver/Src/stm32f7xx_hal_gpio.o
 .debug_ranges  0x0000000000000328       0x90 ./Drivers/STM32F7xx_HAL_Driver/Src/stm32f7xx_hal_pwr.o
 .debug_ranges  0x00000000000003b8       0x78 ./Drivers/STM32F7xx_HAL_Driver/Src/stm32f7xx_hal_rcc.o
 .debug_ranges  0x0000000000000430       0x40 ./Drivers/STM32F7xx_HAL_Driver/Src/stm32f7xx_hal_rcc_ex.o
 .debug_ranges  0x0000000000000470      0x248 ./Drivers/STM32F7xx_HAL_Driver/Src/stm32f7xx_hal_uart.o

.debug_macro    0x0000000000000000    0x24e4a
 .debug_macro   0x0000000000000000      0x1e7 ./Core/Src/gpio.o
 .debug_macro   0x00000000000001e7      0xa78 ./Core/Src/gpio.o
 .debug_macro   0x0000000000000c5f      0x28d ./Core/Src/gpio.o
 .debug_macro   0x0000000000000eec       0x2e ./Core/Src/gpio.o
 .debug_macro   0x0000000000000f1a       0x3b ./Core/Src/gpio.o
 .debug_macro   0x0000000000000f55       0x22 ./Core/Src/gpio.o
 .debug_macro   0x0000000000000f77       0x8e ./Core/Src/gpio.o
 .debug_macro   0x0000000000001005       0x51 ./Core/Src/gpio.o
 .debug_macro   0x0000000000001056      0x103 ./Core/Src/gpio.o
 .debug_macro   0x0000000000001159       0x6a ./Core/Src/gpio.o
 .debug_macro   0x00000000000011c3      0x1df ./Core/Src/gpio.o
 .debug_macro   0x00000000000013a2       0x1c ./Core/Src/gpio.o
 .debug_macro   0x00000000000013be       0x22 ./Core/Src/gpio.o
 .debug_macro   0x00000000000013e0       0xd9 ./Core/Src/gpio.o
 .debug_macro   0x00000000000014b9     0x12cd ./Core/Src/gpio.o
 .debug_macro   0x0000000000002786      0x11f ./Core/Src/gpio.o
 .debug_macro   0x00000000000028a5       0x19 ./Core/Src/gpio.o
 .debug_macro   0x00000000000028be    0x1920a ./Core/Src/gpio.o
 .debug_macro   0x000000000001bac8       0x6d ./Core/Src/gpio.o
 .debug_macro   0x000000000001bb35     0x3749 ./Core/Src/gpio.o
 .debug_macro   0x000000000001f27e      0x174 ./Core/Src/gpio.o
 .debug_macro   0x000000000001f3f2       0x63 ./Core/Src/gpio.o
 .debug_macro   0x000000000001f455     0x18ad ./Core/Src/gpio.o
 .debug_macro   0x0000000000020d02      0x6c4 ./Core/Src/gpio.o
 .debug_macro   0x00000000000213c6      0x185 ./Core/Src/gpio.o
 .debug_macro   0x000000000002154b      0x115 ./Core/Src/gpio.o
 .debug_macro   0x0000000000021660      0x1fd ./Core/Src/gpio.o
 .debug_macro   0x000000000002185d       0xa5 ./Core/Src/gpio.o
 .debug_macro   0x0000000000021902      0x24f ./Core/Src/gpio.o
 .debug_macro   0x0000000000021b51       0x41 ./Core/Src/gpio.o
 .debug_macro   0x0000000000021b92       0x58 ./Core/Src/gpio.o
 .debug_macro   0x0000000000021bea      0x236 ./Core/Src/gpio.o
 .debug_macro   0x0000000000021e20      0x14e ./Core/Src/gpio.o
 .debug_macro   0x0000000000021f6e      0x25a ./Core/Src/gpio.o
 .debug_macro   0x00000000000221c8       0x12 ./Core/Src/gpio.o
 .debug_macro   0x00000000000221da      0x22c ./Core/Src/gpio.o
 .debug_macro   0x0000000000022406       0x61 ./Core/Src/gpio.o
 .debug_macro   0x0000000000022467       0xa5 ./Core/Src/gpio.o
 .debug_macro   0x000000000002250c      0x12e ./Core/Src/gpio.o
 .debug_macro   0x000000000002263a      0x108 ./Core/Src/gpio.o
 .debug_macro   0x0000000000022742       0x35 ./Core/Src/gpio.o
 .debug_macro   0x0000000000022777      0x56d ./Core/Src/gpio.o
 .debug_macro   0x0000000000022ce4       0x44 ./Core/Src/gpio.o
 .debug_macro   0x0000000000022d28      0x14d ./Core/Src/gpio.o
 .debug_macro   0x0000000000022e75      0x13c ./Core/Src/gpio.o
 .debug_macro   0x0000000000022fb1      0x2c3 ./Core/Src/main.o
 .debug_macro   0x0000000000023274       0x52 ./Core/Src/main.o
 .debug_macro   0x00000000000232c6       0x1e ./Core/Src/main.o
 .debug_macro   0x00000000000232e4       0x3c ./Core/Src/main.o
 .debug_macro   0x0000000000023320       0x34 ./Core/Src/main.o
 .debug_macro   0x0000000000023354       0x16 ./Core/Src/main.o
 .debug_macro   0x000000000002336a       0x43 ./Core/Src/main.o
 .debug_macro   0x00000000000233ad       0x34 ./Core/Src/main.o
 .debug_macro   0x00000000000233e1       0x10 ./Core/Src/main.o
 .debug_macro   0x00000000000233f1       0x58 ./Core/Src/main.o
 .debug_macro   0x0000000000023449       0x71 ./Core/Src/main.o
 .debug_macro   0x00000000000234ba       0x1c ./Core/Src/main.o
 .debug_macro   0x00000000000234d6      0x12a ./Core/Src/main.o
 .debug_macro   0x0000000000023600      0x341 ./Core/Src/main.o
 .debug_macro   0x0000000000023941       0x10 ./Core/Src/main.o
 .debug_macro   0x0000000000023951       0x35 ./Core/Src/main.o
 .debug_macro   0x0000000000023986       0x20 ./Core/Src/main.o
 .debug_macro   0x00000000000239a6      0x1dd ./Core/Src/stm32f7xx_hal_msp.o
 .debug_macro   0x0000000000023b83      0x1e7 ./Core/Src/stm32f7xx_it.o
 .debug_macro   0x0000000000023d6a      0x1ce ./Core/Src/system_stm32f7xx.o
 .debug_macro   0x0000000000023f38      0x1e7 ./Core/Src/usart.o
 .debug_macro   0x000000000002411f      0x1f2 ./Drivers/STM32F7xx_HAL_Driver/Src/stm32f7xx_hal.o
 .debug_macro   0x0000000000024311      0x1ce ./Drivers/STM32F7xx_HAL_Driver/Src/stm32f7xx_hal_cortex.o
 .debug_macro   0x00000000000244df      0x1d4 ./Drivers/STM32F7xx_HAL_Driver/Src/stm32f7xx_hal_gpio.o
 .debug_macro   0x00000000000246b3      0x1ec ./Drivers/STM32F7xx_HAL_Driver/Src/stm32f7xx_hal_pwr.o
 .debug_macro   0x000000000002489f      0x1f2 ./Drivers/STM32F7xx_HAL_Driver/Src/stm32f7xx_hal_rcc.o
 .debug_macro   0x0000000000024a91      0x1ce ./Drivers/STM32F7xx_HAL_Driver/Src/stm32f7xx_hal_rcc_ex.o
 .debug_macro   0x0000000000024c5f      0x1eb ./Drivers/STM32F7xx_HAL_Driver/Src/stm32f7xx_hal_uart.o

.debug_line     0x0000000000000000     0xa336
 .debug_line    0x0000000000000000      0x73f ./Core/Src/gpio.o
 .debug_line    0x000000000000073f      0x8a7 ./Core/Src/main.o
 .debug_line    0x0000000000000fe6      0x6b1 ./Core/Src/stm32f7xx_hal_msp.o
 .debug_line    0x0000000000001697      0x774 ./Core/Src/stm32f7xx_it.o
 .debug_line    0x0000000000001e0b      0x731 ./Core/Src/system_stm32f7xx.o
 .debug_line    0x000000000000253c      0x733 ./Core/Src/usart.o
 .debug_line    0x0000000000002c6f       0x88 ./Core/Startup/startup_stm32f746zgtx.o
 .debug_line    0x0000000000002cf7      0x9c2 ./Drivers/STM32F7xx_HAL_Driver/Src/stm32f7xx_hal.o
 .debug_line    0x00000000000036b9      0xc48 ./Drivers/STM32F7xx_HAL_Driver/Src/stm32f7xx_hal_cortex.o
 .debug_line    0x0000000000004301      0xb36 ./Drivers/STM32F7xx_HAL_Driver/Src/stm32f7xx_hal_gpio.o
 .debug_line    0x0000000000004e37      0x8c6 ./Drivers/STM32F7xx_HAL_Driver/Src/stm32f7xx_hal_pwr.o
 .debug_line    0x00000000000056fd      0xe05 ./Drivers/STM32F7xx_HAL_Driver/Src/stm32f7xx_hal_rcc.o
 .debug_line    0x0000000000006502      0xdbe ./Drivers/STM32F7xx_HAL_Driver/Src/stm32f7xx_hal_rcc_ex.o
 .debug_line    0x00000000000072c0     0x3076 ./Drivers/STM32F7xx_HAL_Driver/Src/stm32f7xx_hal_uart.o

.debug_str      0x0000000000000000    0xe52c5
 .debug_str     0x0000000000000000    0xdfb91 ./Core/Src/gpio.o
                                      0xe0268 (size before relaxing)
 .debug_str     0x00000000000dfb91     0x307e ./Core/Src/main.o
                                      0xe3272 (size before relaxing)
 .debug_str     0x00000000000e2c0f       0x2c ./Core/Src/stm32f7xx_hal_msp.o
                                      0xe018b (size before relaxing)
 .debug_str     0x00000000000e2c3b       0xc9 ./Core/Src/stm32f7xx_it.o
                                      0xe00f4 (size before relaxing)
 .debug_str     0x00000000000e2d04      0x1a4 ./Core/Src/system_stm32f7xx.o
                                      0xdfe1c (size before relaxing)
 .debug_str     0x00000000000e2ea8      0x6f4 ./Core/Src/usart.o
                                      0xe09d1 (size before relaxing)
 .debug_str     0x00000000000e359c       0x36 ./Core/Startup/startup_stm32f746zgtx.o
                                         0x92 (size before relaxing)
 .debug_str     0x00000000000e35d2      0x9b9 ./Drivers/STM32F7xx_HAL_Driver/Src/stm32f7xx_hal.o
                                      0xe0785 (size before relaxing)
 .debug_str     0x00000000000e3f8b      0x34a ./Drivers/STM32F7xx_HAL_Driver/Src/stm32f7xx_hal_cortex.o
                                      0xe0770 (size before relaxing)
 .debug_str     0x00000000000e42d5       0xe1 ./Drivers/STM32F7xx_HAL_Driver/Src/stm32f7xx_hal_gpio.o
                                      0xdfeda (size before relaxing)
 .debug_str     0x00000000000e43b6      0x2ac ./Drivers/STM32F7xx_HAL_Driver/Src/stm32f7xx_hal_pwr.o
                                      0xe00bd (size before relaxing)
 .debug_str     0x00000000000e4662      0x252 ./Drivers/STM32F7xx_HAL_Driver/Src/stm32f7xx_hal_rcc.o
                                      0xe017e (size before relaxing)
 .debug_str     0x00000000000e48b4      0x14f ./Drivers/STM32F7xx_HAL_Driver/Src/stm32f7xx_hal_rcc_ex.o
                                      0xe00b6 (size before relaxing)
 .debug_str     0x00000000000e4a03      0x8c2 ./Drivers/STM32F7xx_HAL_Driver/Src/stm32f7xx_hal_uart.o
                                      0xe0acb (size before relaxing)

.comment        0x0000000000000000       0x50
 .comment       0x0000000000000000       0x50 ./Core/Src/gpio.o
                                         0x51 (size before relaxing)
 .comment       0x0000000000000050       0x51 ./Core/Src/main.o
 .comment       0x0000000000000050       0x51 ./Core/Src/stm32f7xx_hal_msp.o
 .comment       0x0000000000000050       0x51 ./Core/Src/stm32f7xx_it.o
 .comment       0x0000000000000050       0x51 ./Core/Src/system_stm32f7xx.o
 .comment       0x0000000000000050       0x51 ./Core/Src/usart.o
 .comment       0x0000000000000050       0x51 ./Drivers/STM32F7xx_HAL_Driver/Src/stm32f7xx_hal.o
 .comment       0x0000000000000050       0x51 ./Drivers/STM32F7xx_HAL_Driver/Src/stm32f7xx_hal_cortex.o
 .comment       0x0000000000000050       0x51 ./Drivers/STM32F7xx_HAL_Driver/Src/stm32f7xx_hal_gpio.o
 .comment       0x0000000000000050       0x51 ./Drivers/STM32F7xx_HAL_Driver/Src/stm32f7xx_hal_pwr.o
 .comment       0x0000000000000050       0x51 ./Drivers/STM32F7xx_HAL_Driver/Src/stm32f7xx_hal_rcc.o
 .comment       0x0000000000000050       0x51 ./Drivers/STM32F7xx_HAL_Driver/Src/stm32f7xx_hal_rcc_ex.o
 .comment       0x0000000000000050       0x51 ./Drivers/STM32F7xx_HAL_Driver/Src/stm32f7xx_hal_uart.o

.debug_frame    0x0000000000000000     0x1c38
 .debug_frame   0x0000000000000000       0x34 ./Core/Src/gpio.o
 .debug_frame   0x0000000000000034       0x6c ./Core/Src/main.o
 .debug_frame   0x00000000000000a0       0x38 ./Core/Src/stm32f7xx_hal_msp.o
 .debug_frame   0x00000000000000d8      0x104 ./Core/Src/stm32f7xx_it.o
 .debug_frame   0x00000000000001dc       0x58 ./Core/Src/system_stm32f7xx.o
 .debug_frame   0x0000000000000234       0x78 ./Core/Src/usart.o
 .debug_frame   0x00000000000002ac      0x3b4 ./Drivers/STM32F7xx_HAL_Driver/Src/stm32f7xx_hal.o
 .debug_frame   0x0000000000000660      0x498 ./Drivers/STM32F7xx_HAL_Driver/Src/stm32f7xx_hal_cortex.o
 .debug_frame   0x0000000000000af8      0x14c ./Drivers/STM32F7xx_HAL_Driver/Src/stm32f7xx_hal_gpio.o
 .debug_frame   0x0000000000000c44      0x254 ./Drivers/STM32F7xx_HAL_Driver/Src/stm32f7xx_hal_pwr.o
 .debug_frame   0x0000000000000e98      0x1f8 ./Drivers/STM32F7xx_HAL_Driver/Src/stm32f7xx_hal_rcc.o
 .debug_frame   0x0000000000001090      0x118 ./Drivers/STM32F7xx_HAL_Driver/Src/stm32f7xx_hal_rcc_ex.o
 .debug_frame   0x00000000000011a8      0x9e4 ./Drivers/STM32F7xx_HAL_Driver/Src/stm32f7xx_hal_uart.o
 .debug_frame   0x0000000000001b8c       0x2c c:/st/stm32cubeide_1.8.0/stm32cubeide/plugins/com.st.stm32cube.ide.mcu.externaltools.gnu-tools-for-stm32.10.3-2021.10.win32_1.0.0.202111181127/tools/bin/../lib/gcc/arm-none-eabi/10.3.1/../../../../arm-none-eabi/lib/thumb/v7e-m+fp/hard\libc_nano.a(lib_a-init.o)
 .debug_frame   0x0000000000001bb8       0x20 c:/st/stm32cubeide_1.8.0/stm32cubeide/plugins/com.st.stm32cube.ide.mcu.externaltools.gnu-tools-for-stm32.10.3-2021.10.win32_1.0.0.202111181127/tools/bin/../lib/gcc/arm-none-eabi/10.3.1/../../../../arm-none-eabi/lib/thumb/v7e-m+fp/hard\libc_nano.a(lib_a-memset.o)
 .debug_frame   0x0000000000001bd8       0x2c c:/st/stm32cubeide_1.8.0/stm32cubeide/plugins/com.st.stm32cube.ide.mcu.externaltools.gnu-tools-for-stm32.10.3-2021.10.win32_1.0.0.202111181127/tools/bin/../lib/gcc/arm-none-eabi/10.3.1/thumb/v7e-m+fp/hard\libgcc.a(_aeabi_uldivmod.o)
 .debug_frame   0x0000000000001c04       0x34 c:/st/stm32cubeide_1.8.0/stm32cubeide/plugins/com.st.stm32cube.ide.mcu.externaltools.gnu-tools-for-stm32.10.3-2021.10.win32_1.0.0.202111181127/tools/bin/../lib/gcc/arm-none-eabi/10.3.1/thumb/v7e-m+fp/hard\libgcc.a(_udivmoddi4.o)
