Archive member included to satisfy reference by file (symbol)

c:/st/stm32cubeide_1.8.0/stm32cubeide/plugins/com.st.stm32cube.ide.mcu.externaltools.gnu-tools-for-stm32.10.3-2021.10.win32_1.0.0.202111181127/tools/bin/../lib/gcc/arm-none-eabi/10.3.1/../../../../arm-none-eabi/lib/thumb/v7e-m+fp/hard\libc_nano.a(lib_a-errno.o)
                              ./Core/Src/syscalls.o (__errno)
c:/st/stm32cubeide_1.8.0/stm32cubeide/plugins/com.st.stm32cube.ide.mcu.externaltools.gnu-tools-for-stm32.10.3-2021.10.win32_1.0.0.202111181127/tools/bin/../lib/gcc/arm-none-eabi/10.3.1/../../../../arm-none-eabi/lib/thumb/v7e-m+fp/hard\libc_nano.a(lib_a-exit.o)
                              c:/st/stm32cubeide_1.8.0/stm32cubeide/plugins/com.st.stm32cube.ide.mcu.externaltools.gnu-tools-for-stm32.10.3-2021.10.win32_1.0.0.202111181127/tools/bin/../lib/gcc/arm-none-eabi/10.3.1/../../../../arm-none-eabi/lib/thumb/v7e-m+fp/hard/crt0.o (exit)
c:/st/stm32cubeide_1.8.0/stm32cubeide/plugins/com.st.stm32cube.ide.mcu.externaltools.gnu-tools-for-stm32.10.3-2021.10.win32_1.0.0.202111181127/tools/bin/../lib/gcc/arm-none-eabi/10.3.1/../../../../arm-none-eabi/lib/thumb/v7e-m+fp/hard\libc_nano.a(lib_a-impure.o)
                              c:/st/stm32cubeide_1.8.0/stm32cubeide/plugins/com.st.stm32cube.ide.mcu.externaltools.gnu-tools-for-stm32.10.3-2021.10.win32_1.0.0.202111181127/tools/bin/../lib/gcc/arm-none-eabi/10.3.1/../../../../arm-none-eabi/lib/thumb/v7e-m+fp/hard\libc_nano.a(lib_a-exit.o) (_global_impure_ptr)
c:/st/stm32cubeide_1.8.0/stm32cubeide/plugins/com.st.stm32cube.ide.mcu.externaltools.gnu-tools-for-stm32.10.3-2021.10.win32_1.0.0.202111181127/tools/bin/../lib/gcc/arm-none-eabi/10.3.1/../../../../arm-none-eabi/lib/thumb/v7e-m+fp/hard\libc_nano.a(lib_a-init.o)
                              c:/st/stm32cubeide_1.8.0/stm32cubeide/plugins/com.st.stm32cube.ide.mcu.externaltools.gnu-tools-for-stm32.10.3-2021.10.win32_1.0.0.202111181127/tools/bin/../lib/gcc/arm-none-eabi/10.3.1/../../../../arm-none-eabi/lib/thumb/v7e-m+fp/hard/crt0.o (__libc_init_array)
c:/st/stm32cubeide_1.8.0/stm32cubeide/plugins/com.st.stm32cube.ide.mcu.externaltools.gnu-tools-for-stm32.10.3-2021.10.win32_1.0.0.202111181127/tools/bin/../lib/gcc/arm-none-eabi/10.3.1/../../../../arm-none-eabi/lib/thumb/v7e-m+fp/hard\libc_nano.a(lib_a-memset.o)
                              c:/st/stm32cubeide_1.8.0/stm32cubeide/plugins/com.st.stm32cube.ide.mcu.externaltools.gnu-tools-for-stm32.10.3-2021.10.win32_1.0.0.202111181127/tools/bin/../lib/gcc/arm-none-eabi/10.3.1/../../../../arm-none-eabi/lib/thumb/v7e-m+fp/hard/crt0.o (memset)
c:/st/stm32cubeide_1.8.0/stm32cubeide/plugins/com.st.stm32cube.ide.mcu.externaltools.gnu-tools-for-stm32.10.3-2021.10.win32_1.0.0.202111181127/tools/bin/../lib/gcc/arm-none-eabi/10.3.1/thumb/v7e-m+fp/hard\libgcc.a(_arm_muldf3.o)
                              ./Core/Src/main.o (__aeabi_dmul)
c:/st/stm32cubeide_1.8.0/stm32cubeide/plugins/com.st.stm32cube.ide.mcu.externaltools.gnu-tools-for-stm32.10.3-2021.10.win32_1.0.0.202111181127/tools/bin/../lib/gcc/arm-none-eabi/10.3.1/thumb/v7e-m+fp/hard\libgcc.a(_arm_addsubdf3.o)
                              ./Core/Src/main.o (__aeabi_dadd)
c:/st/stm32cubeide_1.8.0/stm32cubeide/plugins/com.st.stm32cube.ide.mcu.externaltools.gnu-tools-for-stm32.10.3-2021.10.win32_1.0.0.202111181127/tools/bin/../lib/gcc/arm-none-eabi/10.3.1/thumb/v7e-m+fp/hard\libgcc.a(_arm_muldivdf3.o)
                              ./Core/Src/main.o (__aeabi_ddiv)
c:/st/stm32cubeide_1.8.0/stm32cubeide/plugins/com.st.stm32cube.ide.mcu.externaltools.gnu-tools-for-stm32.10.3-2021.10.win32_1.0.0.202111181127/tools/bin/../lib/gcc/arm-none-eabi/10.3.1/thumb/v7e-m+fp/hard\libgcc.a(_arm_fixunsdfsi.o)
                              ./Core/Src/main.o (__aeabi_d2uiz)
c:/st/stm32cubeide_1.8.0/stm32cubeide/plugins/com.st.stm32cube.ide.mcu.externaltools.gnu-tools-for-stm32.10.3-2021.10.win32_1.0.0.202111181127/tools/bin/../lib/gcc/arm-none-eabi/10.3.1/thumb/v7e-m+fp/hard\libgcc.a(_aeabi_uldivmod.o)
                              ./Drivers/STM32F7xx_HAL_Driver/Src/stm32f7xx_hal_rcc.o (__aeabi_uldivmod)
c:/st/stm32cubeide_1.8.0/stm32cubeide/plugins/com.st.stm32cube.ide.mcu.externaltools.gnu-tools-for-stm32.10.3-2021.10.win32_1.0.0.202111181127/tools/bin/../lib/gcc/arm-none-eabi/10.3.1/thumb/v7e-m+fp/hard\libgcc.a(_udivmoddi4.o)
                              c:/st/stm32cubeide_1.8.0/stm32cubeide/plugins/com.st.stm32cube.ide.mcu.externaltools.gnu-tools-for-stm32.10.3-2021.10.win32_1.0.0.202111181127/tools/bin/../lib/gcc/arm-none-eabi/10.3.1/thumb/v7e-m+fp/hard\libgcc.a(_aeabi_uldivmod.o) (__udivmoddi4)
c:/st/stm32cubeide_1.8.0/stm32cubeide/plugins/com.st.stm32cube.ide.mcu.externaltools.gnu-tools-for-stm32.10.3-2021.10.win32_1.0.0.202111181127/tools/bin/../lib/gcc/arm-none-eabi/10.3.1/thumb/v7e-m+fp/hard\libgcc.a(_dvmd_tls.o)
[...]
Memory Configuration

Name             Origin             Length             Attributes
RAM              0x0000000020000000 0x0000000000050000 xrw
FLASH            0x0000000008000000 0x0000000000100000 xr
*default*        0x0000000000000000 0xffffffffffffffff

Linker script and memory map

LOAD c:/st/stm32cubeide_1.8.0/stm32cubeide/plugins/com.st.stm32cube.ide.mcu.externaltools.gnu-tools-for-stm32.10.3-2021.10.win32_1.0.0.202111181127/tools/bin/../lib/gcc/arm-none-eabi/10.3.1/thumb/v7e-m+fp/hard/crti.o
LOAD c:/st/stm32cubeide_1.8.0/stm32cubeide/plugins/com.st.stm32cube.ide.mcu.externaltools.gnu-tools-for-stm32.10.3-2021.10.win32_1.0.0.202111181127/tools/bin/../lib/gcc/arm-none-eabi/10.3.1/thumb/v7e-m+fp/hard/crtbegin.o
LOAD c:/st/stm32cubeide_1.8.0/stm32cubeide/plugins/com.st.stm32cube.ide.mcu.externaltools.gnu-tools-for-stm32.10.3-2021.10.win32_1.0.0.202111181127/tools/bin/../lib/gcc/arm-none-eabi/10.3.1/../../../../arm-none-eabi/lib/thumb/v7e-m+fp/hard/crt0.o
LOAD ./Components/Src/__template.o
LOAD ./Components/Src/btn.o
LOAD ./Components/Src/btn_config.o
LOAD ./Components/Src/dio.o
LOAD ./Components/Src/disp.o
LOAD ./Components/Src/disp_config.o
LOAD ./Core/Src/dac.o
LOAD ./Core/Src/dma.o
LOAD ./Core/Src/gpio.o
LOAD ./Core/Src/i2c.o
LOAD ./Core/Src/main.o
LOAD ./Core/Src/stm32f7xx_hal_msp.o
LOAD ./Core/Src/stm32f7xx_it.o
LOAD ./Core/Src/syscalls.o
LOAD ./Core/Src/sysmem.o
LOAD ./Core/Src/system_stm32f7xx.o
LOAD ./Core/Src/tim.o
LOAD ./Core/Src/usart.o
LOAD ./Core/Startup/startup_stm32f746zgtx.o
LOAD ./Drivers/STM32F7xx_HAL_Driver/Src/stm32f7xx_hal.o
LOAD ./Drivers/STM32F7xx_HAL_Driver/Src/stm32f7xx_hal_cortex.o
LOAD ./Drivers/STM32F7xx_HAL_Driver/Src/stm32f7xx_hal_dac.o
LOAD ./Drivers/STM32F7xx_HAL_Driver/Src/stm32f7xx_hal_dac_ex.o
LOAD ./Drivers/STM32F7xx_HAL_Driver/Src/stm32f7xx_hal_dma.o
LOAD ./Drivers/STM32F7xx_HAL_Driver/Src/stm32f7xx_hal_dma_ex.o
LOAD ./Drivers/STM32F7xx_HAL_Driver/Src/stm32f7xx_hal_exti.o
LOAD ./Drivers/STM32F7xx_HAL_Driver/Src/stm32f7xx_hal_flash.o
LOAD ./Drivers/STM32F7xx_HAL_Driver/Src/stm32f7xx_hal_flash_ex.o
LOAD ./Drivers/STM32F7xx_HAL_Driver/Src/stm32f7xx_hal_gpio.o
LOAD ./Drivers/STM32F7xx_HAL_Driver/Src/stm32f7xx_hal_i2c.o
LOAD ./Drivers/STM32F7xx_HAL_Driver/Src/stm32f7xx_hal_i2c_ex.o
LOAD ./Drivers/STM32F7xx_HAL_Driver/Src/stm32f7xx_hal_pwr.o
LOAD ./Drivers/STM32F7xx_HAL_Driver/Src/stm32f7xx_hal_pwr_ex.o
LOAD ./Drivers/STM32F7xx_HAL_Driver/Src/stm32f7xx_hal_rcc.o
LOAD ./Drivers/STM32F7xx_HAL_Driver/Src/stm32f7xx_hal_rcc_ex.o
LOAD ./Drivers/STM32F7xx_HAL_Driver/Src/stm32f7xx_hal_tim.o
LOAD ./Drivers/STM32F7xx_HAL_Driver/Src/stm32f7xx_hal_tim_ex.o
LOAD ./Drivers/STM32F7xx_HAL_Driver/Src/stm32f7xx_hal_uart.o
LOAD ./Drivers/STM32F7xx_HAL_Driver/Src/stm32f7xx_hal_uart_ex.o
START GROUP
LOAD c:/st/stm32cubeide_1.8.0/stm32cubeide/plugins/com.st.stm32cube.ide.mcu.externaltools.gnu-tools-for-stm32.10.3-2021.10.win32_1.0.0.202111181127/tools/bin/../lib/gcc/arm-none-eabi/10.3.1/../../../../arm-none-eabi/lib/thumb/v7e-m+fp/hard\libc_nano.a
LOAD c:/st/stm32cubeide_1.8.0/stm32cubeide/plugins/com.st.stm32cube.ide.mcu.externaltools.gnu-tools-for-stm32.10.3-2021.10.win32_1.0.0.202111181127/tools/bin/../lib/gcc/arm-none-eabi/10.3.1/../../../../arm-none-eabi/lib/thumb/v7e-m+fp/hard\libm.a
END GROUP
START GROUP
LOAD c:/st/stm32cubeide_1.8.0/stm32cubeide/plugins/com.st.stm32cube.ide.mcu.externaltools.gnu-tools-for-stm32.10.3-2021.10.win32_1.0.0.202111181127/tools/bin/../lib/gcc/arm-none-eabi/10.3.1/thumb/v7e-m+fp/hard\libgcc.a
LOAD c:/st/stm32cubeide_1.8.0/stm32cubeide/plugins/com.st.stm32cube.ide.mcu.externaltools.gnu-tools-for-stm32.10.3-2021.10.win32_1.0.0.202111181127/tools/bin/../lib/gcc/arm-none-eabi/10.3.1/../../../../arm-none-eabi/lib/thumb/v7e-m+fp/hard\libc_nano.a
END GROUP
START GROUP
LOAD c:/st/stm32cubeide_1.8.0/stm32cubeide/plugins/com.st.stm32cube.ide.mcu.externaltools.gnu-tools-for-stm32.10.3-2021.10.win32_1.0.0.202111181127/tools/bin/../lib/gcc/arm-none-eabi/10.3.1/thumb/v7e-m+fp/hard\libgcc.a
LOAD c:/st/stm32cubeide_1.8.0/stm32cubeide/plugins/com.st.stm32cube.ide.mcu.externaltools.gnu-tools-for-stm32.10.3-2021.10.win32_1.0.0.202111181127/tools/bin/../lib/gcc/arm-none-eabi/10.3.1/../../../../arm-none-eabi/lib/thumb/v7e-m+fp/hard\libc_nano.a
LOAD c:/st/stm32cubeide_1.8.0/stm32cubeide/plugins/com.st.stm32cube.ide.mcu.externaltools.gnu-tools-for-stm32.10.3-2021.10.win32_1.0.0.202111181127/tools/bin/../lib/gcc/arm-none-eabi/10.3.1/../../../../arm-none-eabi/lib/thumb/v7e-m+fp/hard\libnosys.a
END GROUP
START GROUP
LOAD c:/st/stm32cubeide_1.8.0/stm32cubeide/plugins/com.st.stm32cube.ide.mcu.externaltools.gnu-tools-for-stm32.10.3-2021.10.win32_1.0.0.202111181127/tools/bin/../lib/gcc/arm-none-eabi/10.3.1/thumb/v7e-m+fp/hard\libgcc.a
LOAD c:/st/stm32cubeide_1.8.0/stm32cubeide/plugins/com.st.stm32cube.ide.mcu.externaltools.gnu-tools-for-stm32.10.3-2021.10.win32_1.0.0.202111181127/tools/bin/../lib/gcc/arm-none-eabi/10.3.1/../../../../arm-none-eabi/lib/thumb/v7e-m+fp/hard\libc_nano.a
LOAD c:/st/stm32cubeide_1.8.0/stm32cubeide/plugins/com.st.stm32cube.ide.mcu.externaltools.gnu-tools-for-stm32.10.3-2021.10.win32_1.0.0.202111181127/tools/bin/../lib/gcc/arm-none-eabi/10.3.1/../../../../arm-none-eabi/lib/thumb/v7e-m+fp/hard\libnosys.a
END GROUP
LOAD c:/st/stm32cubeide_1.8.0/stm32cubeide/plugins/com.st.stm32cube.ide.mcu.externaltools.gnu-tools-for-stm32.10.3-2021.10.win32_1.0.0.202111181127/tools/bin/../lib/gcc/arm-none-eabi/10.3.1/thumb/v7e-m+fp/hard/crtend.o
LOAD c:/st/stm32cubeide_1.8.0/stm32cubeide/plugins/com.st.stm32cube.ide.mcu.externaltools.gnu-tools-for-stm32.10.3-2021.10.win32_1.0.0.202111181127/tools/bin/../lib/gcc/arm-none-eabi/10.3.1/thumb/v7e-m+fp/hard/crtn.o
                0x0000000020050000                _estack = (ORIGIN (RAM) + LENGTH (RAM))
                0x0000000000000200                _Min_Heap_Size = 0x200
                0x0000000000000400                _Min_Stack_Size = 0x400

.isr_vector     0x0000000008000000      0x1c8
                0x0000000008000000                . = ALIGN (0x4)
 *(.isr_vector)
 .isr_vector    0x0000000008000000      0x1c8 ./Core/Startup/startup_stm32f746zgtx.o
                0x0000000008000000                g_pfnVectors
                0x00000000080001c8                . = ALIGN (0x4)

.text           0x00000000080001c8     0x4f0c
                0x00000000080001c8                . = ALIGN (0x4)
 *(.text)
 .text          0x00000000080001c8       0x40 c:/st/stm32cubeide_1.8.0/stm32cubeide/plugins/com.st.stm32cube.ide.mcu.externaltools.gnu-tools-for-stm32.10.3-2021.10.win32_1.0.0.202111181127/tools/bin/../lib/gcc/arm-none-eabi/10.3.1/thumb/v7e-m+fp/hard/crtbegin.o
 .text          0x0000000008000208      0x378 c:/st/stm32cubeide_1.8.0/stm32cubeide/plugins/com.st.stm32cube.ide.mcu.externaltools.gnu-tools-for-stm32.10.3-2021.10.win32_1.0.0.202111181127/tools/bin/../lib/gcc/arm-none-eabi/10.3.1/thumb/v7e-m+fp/hard\libgcc.a(_arm_addsubdf3.o)
                0x0000000008000208                __aeabi_drsub
                0x0000000008000210                __aeabi_dsub
                0x0000000008000210                __subdf3
                0x0000000008000214                __aeabi_dadd
                0x0000000008000214                __adddf3
                0x000000000800048c                __floatunsidf
                0x000000000800048c                __aeabi_ui2d
                0x00000000080004ac                __floatsidf
                0x00000000080004ac                __aeabi_i2d
                0x00000000080004d0                __aeabi_f2d
                0x00000000080004d0                __extendsfdf2
                0x0000000008000514                __floatundidf
                0x0000000008000514                __aeabi_ul2d
                0x0000000008000524                __floatdidf
                0x0000000008000524                __aeabi_l2d
 .text          0x0000000008000580      0x424 c:/st/stm32cubeide_1.8.0/stm32cubeide/plugins/com.st.stm32cube.ide.mcu.externaltools.gnu-tools-for-stm32.10.3-2021.10.win32_1.0.0.202111181127/tools/bin/../lib/gcc/arm-none-eabi/10.3.1/thumb/v7e-m+fp/hard\libgcc.a(_arm_muldivdf3.o)
                0x0000000008000580                __aeabi_dmul
                0x0000000008000580                __muldf3
                0x00000000080007d4                __divdf3
                0x00000000080007d4                __aeabi_ddiv
 .text          0x00000000080009a4       0x40 c:/st/stm32cubeide_1.8.0/stm32cubeide/plugins/com.st.stm32cube.ide.mcu.externaltools.gnu-tools-for-stm32.10.3-2021.10.win32_1.0.0.202111181127/tools/bin/../lib/gcc/arm-none-eabi/10.3.1/thumb/v7e-m+fp/hard\libgcc.a(_arm_fixunsdfsi.o)
                0x00000000080009a4                __aeabi_d2uiz
                0x00000000080009a4                __fixunsdfsi
 .text          0x00000000080009e4       0x30 c:/st/stm32cubeide_1.8.0/stm32cubeide/plugins/com.st.stm32cube.ide.mcu.externaltools.gnu-tools-for-stm32.10.3-2021.10.win32_1.0.0.202111181127/tools/bin/../lib/gcc/arm-none-eabi/10.3.1/thumb/v7e-m+fp/hard\libgcc.a(_aeabi_uldivmod.o)
                0x00000000080009e4                __aeabi_uldivmod
 .text          0x0000000008000a14      0x2d0 c:/st/stm32cubeide_1.8.0/stm32cubeide/plugins/com.st.stm32cube.ide.mcu.externaltools.gnu-tools-for-stm32.10.3-2021.10.win32_1.0.0.202111181127/tools/bin/../lib/gcc/arm-none-eabi/10.3.1/thumb/v7e-m+fp/hard\libgcc.a(_udivmoddi4.o)
                0x0000000008000a14                __udivmoddi4
 .text          0x0000000008000ce4        0x4 c:/st/stm32cubeide_1.8.0/stm32cubeide/plugins/com.st.stm32cube.ide.mcu.externaltools.gnu-tools-for-stm32.10.3-2021.10.win32_1.0.0.202111181127/tools/bin/../lib/gcc/arm-none-eabi/10.3.1/thumb/v7e-m+fp/hard\libgcc.a(_dvmd_tls.o)
                0x0000000008000ce4                __aeabi_idiv0
                0x0000000008000ce4                __aeabi_ldiv0
 *(.text*)
 .text.BTN_DIO_Read
                0x0000000008000ce8       0x30 ./Components/Src/btn.o
                0x0000000008000ce8                BTN_DIO_Read
 .text.BTN_DIO_EdgeDetected
                0x0000000008000d18       0x4c ./Components/Src/btn.o
                0x0000000008000d18                BTN_DIO_EdgeDetected
 .text.DIO_WriteLow
                0x0000000008000d64       0x20 ./Components/Src/dio.o
                0x0000000008000d64                DIO_WriteLow
 .text.DIO_WriteHigh
                0x0000000008000d84       0x20 ./Components/Src/dio.o
                0x0000000008000d84                DIO_WriteHigh
 .text.DIO_Write
                0x0000000008000da4       0x24 ./Components/Src/dio.o
                0x0000000008000da4                DIO_Write
 .text.DIO_Read
                0x0000000008000dc8       0x2c ./Components/Src/dio.o
                0x0000000008000dc8                DIO_Read
 .text.disp_write_data
                0x0000000008000df4       0x4e ./Components/Src/disp.o
                0x0000000008000df4                disp_write_data
 .text.disp_disable_all_digits
                0x0000000008000e42       0x32 ./Components/Src/disp.o
                0x0000000008000e42                disp_disable_all_digits
 .text.disp_enable_digit
                0x0000000008000e74       0x28 ./Components/Src/disp.o
                0x0000000008000e74                disp_enable_digit
 .text.disp_enable_decimal_point
                0x0000000008000e9c       0x1a ./Components/Src/disp.o
                0x0000000008000e9c                disp_enable_decimal_point
 .text.disp_disable_decimal_point
                0x0000000008000eb6       0x1a ./Components/Src/disp.o
                0x0000000008000eb6                disp_disable_decimal_point
 .text.DISP_printDecUInt
                0x0000000008000ed0       0x6c ./Components/Src/disp.o
                0x0000000008000ed0                DISP_printDecUInt
 .text.DISP_ROUTINE
                0x0000000008000f3c       0x90 ./Components/Src/disp.o
                0x0000000008000f3c                DISP_ROUTINE
 .text.MX_DAC_Init
                0x0000000008000fcc       0x54 ./Core/Src/dac.o
                0x0000000008000fcc                MX_DAC_Init
 .text.HAL_DAC_MspInit
                0x0000000008001020       0xf8 ./Core/Src/dac.o
                0x0000000008001020                HAL_DAC_MspInit
 .text.MX_DMA_Init
                0x0000000008001118       0x4c ./Core/Src/dma.o
                0x0000000008001118                MX_DMA_Init
 .text.MX_GPIO_Init
                0x0000000008001164      0x468 ./Core/Src/gpio.o
                0x0000000008001164                MX_GPIO_Init
 .text.MX_I2C1_Init
                0x00000000080015cc       0x80 ./Core/Src/i2c.o
                0x00000000080015cc                MX_I2C1_Init
 .text.HAL_I2C_MspInit
                0x000000000800164c       0xc0 ./Core/Src/i2c.o
                0x000000000800164c                HAL_I2C_MspInit
 .text.HAL_TIM_PeriodElapsedCallback
                0x000000000800170c       0x28 ./Core/Src/main.o
                0x000000000800170c                HAL_TIM_PeriodElapsedCallback
 *fill*         0x0000000008001734        0x4 
 .text.main     0x0000000008001738      0x160 ./Core/Src/main.o
                0x0000000008001738                main
 .text.SystemClock_Config
                0x0000000008001898       0xdc ./Core/Src/main.o
                0x0000000008001898                SystemClock_Config
 .text.Error_Handler
                0x0000000008001974        0xa ./Core/Src/main.o
                0x0000000008001974                Error_Handler
 *fill*         0x000000000800197e        0x2 
 .text.HAL_MspInit
                0x0000000008001980       0x48 ./Core/Src/stm32f7xx_hal_msp.o
                0x0000000008001980                HAL_MspInit
 .text.NMI_Handler
                0x00000000080019c8        0x6 ./Core/Src/stm32f7xx_it.o
                0x00000000080019c8                NMI_Handler
 .text.HardFault_Handler
                0x00000000080019ce        0x6 ./Core/Src/stm32f7xx_it.o
                0x00000000080019ce                HardFault_Handler
 .text.MemManage_Handler
                0x00000000080019d4        0x6 ./Core/Src/stm32f7xx_it.o
                0x00000000080019d4                MemManage_Handler
 .text.BusFault_Handler
                0x00000000080019da        0x6 ./Core/Src/stm32f7xx_it.o
                0x00000000080019da                BusFault_Handler
 .text.UsageFault_Handler
                0x00000000080019e0        0x6 ./Core/Src/stm32f7xx_it.o
                0x00000000080019e0                UsageFault_Handler
 .text.SVC_Handler
                0x00000000080019e6        0xe ./Core/Src/stm32f7xx_it.o
                0x00000000080019e6                SVC_Handler
 .text.DebugMon_Handler
                0x00000000080019f4        0xe ./Core/Src/stm32f7xx_it.o
                0x00000000080019f4                DebugMon_Handler
 .text.PendSV_Handler
                0x0000000008001a02        0xe ./Core/Src/stm32f7xx_it.o
                0x0000000008001a02                PendSV_Handler
 .text.SysTick_Handler
                0x0000000008001a10        0xc ./Core/Src/stm32f7xx_it.o
                0x0000000008001a10                SysTick_Handler
 .text.DMA1_Stream1_IRQHandler
                0x0000000008001a1c       0x14 ./Core/Src/stm32f7xx_it.o
                0x0000000008001a1c                DMA1_Stream1_IRQHandler
 .text.DMA1_Stream5_IRQHandler
                0x0000000008001a30       0x14 ./Core/Src/stm32f7xx_it.o
                0x0000000008001a30                DMA1_Stream5_IRQHandler
 .text.TIM6_DAC_IRQHandler
                0x0000000008001a44       0x1c ./Core/Src/stm32f7xx_it.o
                0x0000000008001a44                TIM6_DAC_IRQHandler
 .text.SystemInit
                0x0000000008001a60       0x24 ./Core/Src/system_stm32f7xx.o
                0x0000000008001a60                SystemInit
 .text.MX_TIM6_Init
                0x0000000008001a84       0x6c ./Core/Src/tim.o
                0x0000000008001a84                MX_TIM6_Init
 .text.HAL_TIM_Base_MspInit
                0x0000000008001af0       0x4c ./Core/Src/tim.o
                0x0000000008001af0                HAL_TIM_Base_MspInit
 .text.MX_USART3_UART_Init
                0x0000000008001b3c       0x60 ./Core/Src/usart.o
                0x0000000008001b3c                MX_USART3_UART_Init
 .text.HAL_UART_MspInit
                0x0000000008001b9c      0x124 ./Core/Src/usart.o
                0x0000000008001b9c                HAL_UART_MspInit
 .text.Reset_Handler
                0x0000000008001cc0       0x50 ./Core/Startup/startup_stm32f746zgtx.o
                0x0000000008001cc0                Reset_Handler
 .text.Default_Handler
                0x0000000008001d10        0x2 ./Core/Startup/startup_stm32f746zgtx.o
                0x0000000008001d10                RTC_Alarm_IRQHandler
                0x0000000008001d10                EXTI2_IRQHandler
                0x0000000008001d10                TIM8_CC_IRQHandler
                0x0000000008001d10                UART8_IRQHandler
                0x0000000008001d10                SPI4_IRQHandler
                0x0000000008001d10                TIM1_CC_IRQHandler
                0x0000000008001d10                DMA2_Stream5_IRQHandler
                0x0000000008001d10                PVD_IRQHandler
                0x0000000008001d10                TAMP_STAMP_IRQHandler
                0x0000000008001d10                CAN2_RX1_IRQHandler
                0x0000000008001d10                EXTI3_IRQHandler
                0x0000000008001d10                TIM8_TRG_COM_TIM14_IRQHandler
                0x0000000008001d10                TIM1_UP_TIM10_IRQHandler
                0x0000000008001d10                TIM8_UP_TIM13_IRQHandler
                0x0000000008001d10                I2C3_ER_IRQHandler
                0x0000000008001d10                EXTI0_IRQHandler
                0x0000000008001d10                I2C2_EV_IRQHandler
                0x0000000008001d10                DMA1_Stream2_IRQHandler
                0x0000000008001d10                CAN1_RX0_IRQHandler
                0x0000000008001d10                FPU_IRQHandler
                0x0000000008001d10                OTG_HS_WKUP_IRQHandler
                0x0000000008001d10                LTDC_ER_IRQHandler
                0x0000000008001d10                CAN2_SCE_IRQHandler
                0x0000000008001d10                DMA2_Stream2_IRQHandler
                0x0000000008001d10                SPI1_IRQHandler
                0x0000000008001d10                TIM1_BRK_TIM9_IRQHandler
                0x0000000008001d10                DCMI_IRQHandler
                0x0000000008001d10                CAN2_RX0_IRQHandler
                0x0000000008001d10                DMA2_Stream3_IRQHandler
                0x0000000008001d10                SAI2_IRQHandler
                0x0000000008001d10                USART6_IRQHandler
                0x0000000008001d10                USART3_IRQHandler
                0x0000000008001d10                CAN1_RX1_IRQHandler
                0x0000000008001d10                UART5_IRQHandler
                0x0000000008001d10                DMA2_Stream0_IRQHandler
                0x0000000008001d10                TIM4_IRQHandler
                0x0000000008001d10                QUADSPI_IRQHandler
                0x0000000008001d10                I2C1_EV_IRQHandler
                0x0000000008001d10                DMA1_Stream6_IRQHandler
                0x0000000008001d10                UART4_IRQHandler
                0x0000000008001d10                TIM3_IRQHandler
                0x0000000008001d10                RCC_IRQHandler
                0x0000000008001d10                TIM8_BRK_TIM12_IRQHandler
                0x0000000008001d10                Default_Handler
                0x0000000008001d10                CEC_IRQHandler
                0x0000000008001d10                EXTI15_10_IRQHandler
                0x0000000008001d10                ADC_IRQHandler
                0x0000000008001d10                DMA1_Stream7_IRQHandler
                0x0000000008001d10                SPI5_IRQHandler
                0x0000000008001d10                TIM7_IRQHandler
                0x0000000008001d10                SDMMC1_IRQHandler
                0x0000000008001d10                CAN2_TX_IRQHandler
                0x0000000008001d10                TIM5_IRQHandler
                0x0000000008001d10                DMA2_Stream7_IRQHandler
                0x0000000008001d10                I2C3_EV_IRQHandler
                0x0000000008001d10                EXTI9_5_IRQHandler
                0x0000000008001d10                RTC_WKUP_IRQHandler
                0x0000000008001d10                LTDC_IRQHandler
                0x0000000008001d10                ETH_WKUP_IRQHandler
                0x0000000008001d10                SPDIF_RX_IRQHandler
                0x0000000008001d10                SPI2_IRQHandler
                0x0000000008001d10                OTG_HS_EP1_IN_IRQHandler
                0x0000000008001d10                DMA1_Stream0_IRQHandler
                0x0000000008001d10                CAN1_TX_IRQHandler
                0x0000000008001d10                EXTI4_IRQHandler
                0x0000000008001d10                RNG_IRQHandler
                0x0000000008001d10                ETH_IRQHandler
                0x0000000008001d10                OTG_HS_EP1_OUT_IRQHandler
                0x0000000008001d10                WWDG_IRQHandler
                0x0000000008001d10                SPI6_IRQHandler
                0x0000000008001d10                I2C4_EV_IRQHandler
                0x0000000008001d10                TIM2_IRQHandler
                0x0000000008001d10                OTG_FS_WKUP_IRQHandler
                0x0000000008001d10                TIM1_TRG_COM_TIM11_IRQHandler
                0x0000000008001d10                OTG_HS_IRQHandler
                0x0000000008001d10                DMA2D_IRQHandler
                0x0000000008001d10                EXTI1_IRQHandler
                0x0000000008001d10                UART7_IRQHandler
                0x0000000008001d10                USART2_IRQHandler
                0x0000000008001d10                I2C2_ER_IRQHandler
                0x0000000008001d10                DMA2_Stream1_IRQHandler
                0x0000000008001d10                CAN1_SCE_IRQHandler
                0x0000000008001d10                FLASH_IRQHandler
                0x0000000008001d10                DMA2_Stream4_IRQHandler
                0x0000000008001d10                USART1_IRQHandler
                0x0000000008001d10                OTG_FS_IRQHandler
                0x0000000008001d10                SPI3_IRQHandler
                0x0000000008001d10                DMA1_Stream4_IRQHandler
                0x0000000008001d10                I2C1_ER_IRQHandler
                0x0000000008001d10                FMC_IRQHandler
                0x0000000008001d10                LPTIM1_IRQHandler
                0x0000000008001d10                I2C4_ER_IRQHandler
                0x0000000008001d10                DMA2_Stream6_IRQHandler
                0x0000000008001d10                SAI1_IRQHandler
                0x0000000008001d10                DMA1_Stream3_IRQHandler
 .text.HAL_Init
                0x0000000008001d12       0x1a ./Drivers/STM32F7xx_HAL_Driver/Src/stm32f7xx_hal.o
                0x0000000008001d12                HAL_Init
 .text.HAL_InitTick
                0x0000000008001d2c       0x60 ./Drivers/STM32F7xx_HAL_Driver/Src/stm32f7xx_hal.o
                0x0000000008001d2c                HAL_InitTick
 .text.HAL_IncTick
                0x0000000008001d8c       0x28 ./Drivers/STM32F7xx_HAL_Driver/Src/stm32f7xx_hal.o
                0x0000000008001d8c                HAL_IncTick
 .text.HAL_GetTick
                0x0000000008001db4       0x18 ./Drivers/STM32F7xx_HAL_Driver/Src/stm32f7xx_hal.o
                0x0000000008001db4                HAL_GetTick
 .text.HAL_Delay
                0x0000000008001dcc       0x48 ./Drivers/STM32F7xx_HAL_Driver/Src/stm32f7xx_hal.o
                0x0000000008001dcc                HAL_Delay
 .text.__NVIC_SetPriorityGrouping
                0x0000000008001e14       0x48 ./Drivers/STM32F7xx_HAL_Driver/Src/stm32f7xx_hal_cortex.o
 .text.__NVIC_GetPriorityGrouping
                0x0000000008001e5c       0x1c ./Drivers/STM32F7xx_HAL_Driver/Src/stm32f7xx_hal_cortex.o
 .text.__NVIC_EnableIRQ
                0x0000000008001e78       0x3c ./Drivers/STM32F7xx_HAL_Driver/Src/stm32f7xx_hal_cortex.o
 .text.__NVIC_SetPriority
                0x0000000008001eb4       0x54 ./Drivers/STM32F7xx_HAL_Driver/Src/stm32f7xx_hal_cortex.o
 .text.NVIC_EncodePriority
                0x0000000008001f08       0x66 ./Drivers/STM32F7xx_HAL_Driver/Src/stm32f7xx_hal_cortex.o
 *fill*         0x0000000008001f6e        0x2 
 .text.SysTick_Config
                0x0000000008001f70       0x44 ./Drivers/STM32F7xx_HAL_Driver/Src/stm32f7xx_hal_cortex.o
 .text.HAL_NVIC_SetPriorityGrouping
                0x0000000008001fb4       0x16 ./Drivers/STM32F7xx_HAL_Driver/Src/stm32f7xx_hal_cortex.o
                0x0000000008001fb4                HAL_NVIC_SetPriorityGrouping
 .text.HAL_NVIC_SetPriority
                0x0000000008001fca       0x38 ./Drivers/STM32F7xx_HAL_Driver/Src/stm32f7xx_hal_cortex.o
                0x0000000008001fca                HAL_NVIC_SetPriority
 .text.HAL_NVIC_EnableIRQ
                0x0000000008002002       0x1c ./Drivers/STM32F7xx_HAL_Driver/Src/stm32f7xx_hal_cortex.o
                0x0000000008002002                HAL_NVIC_EnableIRQ
 .text.HAL_SYSTICK_Config
                0x000000000800201e       0x18 ./Drivers/STM32F7xx_HAL_Driver/Src/stm32f7xx_hal_cortex.o
                0x000000000800201e                HAL_SYSTICK_Config
 .text.HAL_DAC_Init
                0x0000000008002036       0x44 ./Drivers/STM32F7xx_HAL_Driver/Src/stm32f7xx_hal_dac.o
                0x0000000008002036                HAL_DAC_Init
 .text.HAL_DAC_Start
                0x000000000800207a       0xa4 ./Drivers/STM32F7xx_HAL_Driver/Src/stm32f7xx_hal_dac.o
                0x000000000800207a                HAL_DAC_Start
 .text.HAL_DAC_IRQHandler
                0x000000000800211e       0xb4 ./Drivers/STM32F7xx_HAL_Driver/Src/stm32f7xx_hal_dac.o
                0x000000000800211e                HAL_DAC_IRQHandler
 .text.HAL_DAC_SetValue
                0x00000000080021d2       0x4a ./Drivers/STM32F7xx_HAL_Driver/Src/stm32f7xx_hal_dac.o
                0x00000000080021d2                HAL_DAC_SetValue
 .text.HAL_DAC_DMAUnderrunCallbackCh1
                0x000000000800221c       0x14 ./Drivers/STM32F7xx_HAL_Driver/Src/stm32f7xx_hal_dac.o
                0x000000000800221c                HAL_DAC_DMAUnderrunCallbackCh1
 .text.HAL_DAC_ConfigChannel
                0x0000000008002230       0x9e ./Drivers/STM32F7xx_HAL_Driver/Src/stm32f7xx_hal_dac.o
                0x0000000008002230                HAL_DAC_ConfigChannel
 .text.HAL_DACEx_DMAUnderrunCallbackCh2
                0x00000000080022ce       0x14 ./Drivers/STM32F7xx_HAL_Driver/Src/stm32f7xx_hal_dac_ex.o
                0x00000000080022ce                HAL_DACEx_DMAUnderrunCallbackCh2
 *fill*         0x00000000080022e2        0x2 
 .text.HAL_DMA_Init
                0x00000000080022e4      0x15c ./Drivers/STM32F7xx_HAL_Driver/Src/stm32f7xx_hal_dma.o
                0x00000000080022e4                HAL_DMA_Init
 .text.HAL_DMA_IRQHandler
                0x0000000008002440      0x314 ./Drivers/STM32F7xx_HAL_Driver/Src/stm32f7xx_hal_dma.o
                0x0000000008002440                HAL_DMA_IRQHandler
 .text.DMA_CalcBaseAndBitshift
                0x0000000008002754       0x6c ./Drivers/STM32F7xx_HAL_Driver/Src/stm32f7xx_hal_dma.o
 .text.DMA_CheckFifoParam
                0x00000000080027c0       0xf8 ./Drivers/STM32F7xx_HAL_Driver/Src/stm32f7xx_hal_dma.o
 .text.HAL_GPIO_Init
                0x00000000080028b8      0x358 ./Drivers/STM32F7xx_HAL_Driver/Src/stm32f7xx_hal_gpio.o
                0x00000000080028b8                HAL_GPIO_Init
 .text.HAL_GPIO_ReadPin
                0x0000000008002c10       0x30 ./Drivers/STM32F7xx_HAL_Driver/Src/stm32f7xx_hal_gpio.o
                0x0000000008002c10                HAL_GPIO_ReadPin
 .text.HAL_GPIO_WritePin
                0x0000000008002c40       0x32 ./Drivers/STM32F7xx_HAL_Driver/Src/stm32f7xx_hal_gpio.o
                0x0000000008002c40                HAL_GPIO_WritePin
 *fill*         0x0000000008002c72        0x2 
 .text.HAL_I2C_Init
                0x0000000008002c74      0x120 ./Drivers/STM32F7xx_HAL_Driver/Src/stm32f7xx_hal_i2c.o
                0x0000000008002c74                HAL_I2C_Init
 .text.HAL_I2CEx_ConfigAnalogFilter
                0x0000000008002d94       0x96 ./Drivers/STM32F7xx_HAL_Driver/Src/stm32f7xx_hal_i2c_ex.o
                0x0000000008002d94                HAL_I2CEx_ConfigAnalogFilter
 .text.HAL_I2CEx_ConfigDigitalFilter
                0x0000000008002e2a       0x98 ./Drivers/STM32F7xx_HAL_Driver/Src/stm32f7xx_hal_i2c_ex.o
                0x0000000008002e2a                HAL_I2CEx_ConfigDigitalFilter
 *fill*         0x0000000008002ec2        0x2 
 .text.HAL_PWR_EnableBkUpAccess
                0x0000000008002ec4       0x20 ./Drivers/STM32F7xx_HAL_Driver/Src/stm32f7xx_hal_pwr.o
                0x0000000008002ec4                HAL_PWR_EnableBkUpAccess
 .text.HAL_PWREx_EnableOverDrive
                0x0000000008002ee4       0xa0 ./Drivers/STM32F7xx_HAL_Driver/Src/stm32f7xx_hal_pwr_ex.o
                0x0000000008002ee4                HAL_PWREx_EnableOverDrive
 .text.HAL_RCC_OscConfig
                0x0000000008002f84      0x548 ./Drivers/STM32F7xx_HAL_Driver/Src/stm32f7xx_hal_rcc.o
                0x0000000008002f84                HAL_RCC_OscConfig
 .text.HAL_RCC_ClockConfig
                0x00000000080034cc      0x1d8 ./Drivers/STM32F7xx_HAL_Driver/Src/stm32f7xx_hal_rcc.o
                0x00000000080034cc                HAL_RCC_ClockConfig
 .text.HAL_RCC_GetSysClockFreq
                0x00000000080036a4      0x20c ./Drivers/STM32F7xx_HAL_Driver/Src/stm32f7xx_hal_rcc.o
                0x00000000080036a4                HAL_RCC_GetSysClockFreq
 .text.HAL_RCC_GetHCLKFreq
                0x00000000080038b0       0x18 ./Drivers/STM32F7xx_HAL_Driver/Src/stm32f7xx_hal_rcc.o
                0x00000000080038b0                HAL_RCC_GetHCLKFreq
 .text.HAL_RCC_GetPCLK1Freq
                0x00000000080038c8       0x28 ./Drivers/STM32F7xx_HAL_Driver/Src/stm32f7xx_hal_rcc.o
                0x00000000080038c8                HAL_RCC_GetPCLK1Freq
 .text.HAL_RCC_GetPCLK2Freq
                0x00000000080038f0       0x28 ./Drivers/STM32F7xx_HAL_Driver/Src/stm32f7xx_hal_rcc.o
                0x00000000080038f0                HAL_RCC_GetPCLK2Freq
 .text.HAL_RCCEx_PeriphCLKConfig
                0x0000000008003918      0x7e0 ./Drivers/STM32F7xx_HAL_Driver/Src/stm32f7xx_hal_rcc_ex.o
                0x0000000008003918                HAL_RCCEx_PeriphCLKConfig
 .text.HAL_TIM_Base_Init
                0x00000000080040f8       0xae ./Drivers/STM32F7xx_HAL_Driver/Src/stm32f7xx_hal_tim.o
                0x00000000080040f8                HAL_TIM_Base_Init
 *fill*         0x00000000080041a6        0x2 
 .text.HAL_TIM_Base_Start_IT
                0x00000000080041a8       0xf0 ./Drivers/STM32F7xx_HAL_Driver/Src/stm32f7xx_hal_tim.o
                0x00000000080041a8                HAL_TIM_Base_Start_IT
 .text.HAL_TIM_IRQHandler
                0x0000000008004298      0x23e ./Drivers/STM32F7xx_HAL_Driver/Src/stm32f7xx_hal_tim.o
                0x0000000008004298                HAL_TIM_IRQHandler
 .text.HAL_TIM_OC_DelayElapsedCallback
                0x00000000080044d6       0x14 ./Drivers/STM32F7xx_HAL_Driver/Src/stm32f7xx_hal_tim.o
                0x00000000080044d6                HAL_TIM_OC_DelayElapsedCallback
 .text.HAL_TIM_IC_CaptureCallback
                0x00000000080044ea       0x14 ./Drivers/STM32F7xx_HAL_Driver/Src/stm32f7xx_hal_tim.o
                0x00000000080044ea                HAL_TIM_IC_CaptureCallback
 .text.HAL_TIM_PWM_PulseFinishedCallback
                0x00000000080044fe       0x14 ./Drivers/STM32F7xx_HAL_Driver/Src/stm32f7xx_hal_tim.o
                0x00000000080044fe                HAL_TIM_PWM_PulseFinishedCallback
 .text.HAL_TIM_TriggerCallback
                0x0000000008004512       0x14 ./Drivers/STM32F7xx_HAL_Driver/Src/stm32f7xx_hal_tim.o
                0x0000000008004512                HAL_TIM_TriggerCallback
 *fill*         0x0000000008004526        0x2 
 .text.TIM_Base_SetConfig
                0x0000000008004528      0x140 ./Drivers/STM32F7xx_HAL_Driver/Src/stm32f7xx_hal_tim.o
                0x0000000008004528                TIM_Base_SetConfig
 .text.HAL_TIMEx_MasterConfigSynchronization
                0x0000000008004668      0x11c ./Drivers/STM32F7xx_HAL_Driver/Src/stm32f7xx_hal_tim_ex.o
                0x0000000008004668                HAL_TIMEx_MasterConfigSynchronization
 .text.HAL_TIMEx_CommutCallback
                0x0000000008004784       0x14 ./Drivers/STM32F7xx_HAL_Driver/Src/stm32f7xx_hal_tim_ex.o
                0x0000000008004784                HAL_TIMEx_CommutCallback
 .text.HAL_TIMEx_BreakCallback
                0x0000000008004798       0x14 ./Drivers/STM32F7xx_HAL_Driver/Src/stm32f7xx_hal_tim_ex.o
                0x0000000008004798                HAL_TIMEx_BreakCallback
 .text.HAL_TIMEx_Break2Callback
                0x00000000080047ac       0x14 ./Drivers/STM32F7xx_HAL_Driver/Src/stm32f7xx_hal_tim_ex.o
                0x00000000080047ac                HAL_TIMEx_Break2Callback
 .text.HAL_UART_Init
                0x00000000080047c0       0x9c ./Drivers/STM32F7xx_HAL_Driver/Src/stm32f7xx_hal_uart.o
                0x00000000080047c0                HAL_UART_Init
 .text.UART_SetConfig
                0x000000000800485c      0x4c8 ./Drivers/STM32F7xx_HAL_Driver/Src/stm32f7xx_hal_uart.o
                0x000000000800485c                UART_SetConfig
 .text.UART_AdvFeatureConfig
                0x0000000008004d24      0x144 ./Drivers/STM32F7xx_HAL_Driver/Src/stm32f7xx_hal_uart.o
                0x0000000008004d24                UART_AdvFeatureConfig
 .text.UART_CheckIdleState
                0x0000000008004e68       0x6e ./Drivers/STM32F7xx_HAL_Driver/Src/stm32f7xx_hal_uart.o
                0x0000000008004e68                UART_CheckIdleState
 .text.UART_WaitOnFlagUntilTimeout
                0x0000000008004ed6      0x18c ./Drivers/STM32F7xx_HAL_Driver/Src/stm32f7xx_hal_uart.o
                0x0000000008004ed6                UART_WaitOnFlagUntilTimeout
 *fill*         0x0000000008005062        0x2 
 .text.__libc_init_array
                0x0000000008005064       0x48 c:/st/stm32cubeide_1.8.0/stm32cubeide/plugins/com.st.stm32cube.ide.mcu.externaltools.gnu-tools-for-stm32.10.3-2021.10.win32_1.0.0.202111181127/tools/bin/../lib/gcc/arm-none-eabi/10.3.1/../../../../arm-none-eabi/lib/thumb/v7e-m+fp/hard\libc_nano.a(lib_a-init.o)
                0x0000000008005064                __libc_init_array
 .text.memset   0x00000000080050ac       0x10 c:/st/stm32cubeide_1.8.0/stm32cubeide/plugins/com.st.stm32cube.ide.mcu.externaltools.gnu-tools-for-stm32.10.3-2021.10.win32_1.0.0.202111181127/tools/bin/../lib/gcc/arm-none-eabi/10.3.1/../../../../arm-none-eabi/lib/thumb/v7e-m+fp/hard\libc_nano.a(lib_a-memset.o)
                0x00000000080050ac                memset
 *(.glue_7)
 .glue_7        0x00000000080050bc        0x0 linker stubs
 *(.glue_7t)
 .glue_7t       0x00000000080050bc        0x0 linker stubs
 *(.eh_frame)
 .eh_frame      0x00000000080050bc        0x0 c:/st/stm32cubeide_1.8.0/stm32cubeide/plugins/com.st.stm32cube.ide.mcu.externaltools.gnu-tools-for-stm32.10.3-2021.10.win32_1.0.0.202111181127/tools/bin/../lib/gcc/arm-none-eabi/10.3.1/thumb/v7e-m+fp/hard/crtbegin.o
 *(.init)
 .init          0x00000000080050bc        0x4 c:/st/stm32cubeide_1.8.0/stm32cubeide/plugins/com.st.stm32cube.ide.mcu.externaltools.gnu-tools-for-stm32.10.3-2021.10.win32_1.0.0.202111181127/tools/bin/../lib/gcc/arm-none-eabi/10.3.1/thumb/v7e-m+fp/hard/crti.o
                0x00000000080050bc                _init
 .init          0x00000000080050c0        0x8 c:/st/stm32cubeide_1.8.0/stm32cubeide/plugins/com.st.stm32cube.ide.mcu.externaltools.gnu-tools-for-stm32.10.3-2021.10.win32_1.0.0.202111181127/tools/bin/../lib/gcc/arm-none-eabi/10.3.1/thumb/v7e-m+fp/hard/crtn.o
 *(.fini)
 .fini          0x00000000080050c8        0x4 c:/st/stm32cubeide_1.8.0/stm32cubeide/plugins/com.st.stm32cube.ide.mcu.externaltools.gnu-tools-for-stm32.10.3-2021.10.win32_1.0.0.202111181127/tools/bin/../lib/gcc/arm-none-eabi/10.3.1/thumb/v7e-m+fp/hard/crti.o
                0x00000000080050c8                _fini
 .fini          0x00000000080050cc        0x8 c:/st/stm32cubeide_1.8.0/stm32cubeide/plugins/com.st.stm32cube.ide.mcu.externaltools.gnu-tools-for-stm32.10.3-2021.10.win32_1.0.0.202111181127/tools/bin/../lib/gcc/arm-none-eabi/10.3.1/thumb/v7e-m+fp/hard/crtn.o
                0x00000000080050d4                . = ALIGN (0x4)
                0x00000000080050d4                _etext = .

.vfp11_veneer   0x00000000080050d4        0x0
 .vfp11_veneer  0x00000000080050d4        0x0 linker stubs

.v4_bx          0x00000000080050d4        0x0
 .v4_bx         0x00000000080050d4        0x0 linker stubs

.iplt           0x00000000080050d4        0x0
 .iplt          0x00000000080050d4        0x0 c:/st/stm32cubeide_1.8.0/stm32cubeide/plugins/com.st.stm32cube.ide.mcu.externaltools.gnu-tools-for-stm32.10.3-2021.10.win32_1.0.0.202111181127/tools/bin/../lib/gcc/arm-none-eabi/10.3.1/thumb/v7e-m+fp/hard/crtbegin.o

.rodata         0x00000000080050d4       0x2c
                0x00000000080050d4                . = ALIGN (0x4)
 *(.rodata)
 *(.rodata*)
 .rodata.DISP_COMMON_ANODE_DECIMALS
                0x00000000080050d4        0xb ./Components/Src/disp.o
                0x00000000080050d4                DISP_COMMON_ANODE_DECIMALS
 *fill*         0x00000000080050df        0x1 
 .rodata.AHBPrescTable
                0x00000000080050e0       0x10 ./Core/Src/system_stm32f7xx.o
                0x00000000080050e0                AHBPrescTable
 .rodata.APBPrescTable
                0x00000000080050f0        0x8 ./Core/Src/system_stm32f7xx.o
                0x00000000080050f0                APBPrescTable
 .rodata.flagBitshiftOffset.0
                0x00000000080050f8        0x8 ./Drivers/STM32F7xx_HAL_Driver/Src/stm32f7xx_hal_dma.o
                0x0000000008005100                . = ALIGN (0x4)

.ARM.extab      0x0000000008005100        0x0
                0x0000000008005100                . = ALIGN (0x4)
 *(.ARM.extab* .gnu.linkonce.armextab.*)
                0x0000000008005100                . = ALIGN (0x4)

.ARM            0x0000000008005100        0x8
                0x0000000008005100                . = ALIGN (0x4)
                0x0000000008005100                __exidx_start = .
 *(.ARM.exidx*)
 .ARM.exidx     0x0000000008005100        0x8 c:/st/stm32cubeide_1.8.0/stm32cubeide/plugins/com.st.stm32cube.ide.mcu.externaltools.gnu-tools-for-stm32.10.3-2021.10.win32_1.0.0.202111181127/tools/bin/../lib/gcc/arm-none-eabi/10.3.1/thumb/v7e-m+fp/hard\libgcc.a(_udivmoddi4.o)
                0x0000000008005108                __exidx_end = .
                0x0000000008005108                . = ALIGN (0x4)

.rel.dyn        0x0000000008005108        0x0
 .rel.iplt      0x0000000008005108        0x0 c:/st/stm32cubeide_1.8.0/stm32cubeide/plugins/com.st.stm32cube.ide.mcu.externaltools.gnu-tools-for-stm32.10.3-2021.10.win32_1.0.0.202111181127/tools/bin/../lib/gcc/arm-none-eabi/10.3.1/thumb/v7e-m+fp/hard/crtbegin.o

.preinit_array  0x0000000008005108        0x0
                0x0000000008005108                . = ALIGN (0x4)
                0x0000000008005108                PROVIDE (__preinit_array_start = .)
 *(.preinit_array*)
                0x0000000008005108                PROVIDE (__preinit_array_end = .)
                0x0000000008005108                . = ALIGN (0x4)

.init_array     0x0000000008005108        0x4
                0x0000000008005108                . = ALIGN (0x4)
                0x0000000008005108                PROVIDE (__init_array_start = .)
 *(SORT_BY_NAME(.init_array.*))
 *(.init_array*)
 .init_array    0x0000000008005108        0x4 c:/st/stm32cubeide_1.8.0/stm32cubeide/plugins/com.st.stm32cube.ide.mcu.externaltools.gnu-tools-for-stm32.10.3-2021.10.win32_1.0.0.202111181127/tools/bin/../lib/gcc/arm-none-eabi/10.3.1/thumb/v7e-m+fp/hard/crtbegin.o
                0x000000000800510c                PROVIDE (__init_array_end = .)
                0x000000000800510c                . = ALIGN (0x4)

.fini_array     0x000000000800510c        0x4
                0x000000000800510c                . = ALIGN (0x4)
                [!provide]                        PROVIDE (__fini_array_start = .)
 *(SORT_BY_NAME(.fini_array.*))
 *(.fini_array*)
 .fini_array    0x000000000800510c        0x4 c:/st/stm32cubeide_1.8.0/stm32cubeide/plugins/com.st.stm32cube.ide.mcu.externaltools.gnu-tools-for-stm32.10.3-2021.10.win32_1.0.0.202111181127/tools/bin/../lib/gcc/arm-none-eabi/10.3.1/thumb/v7e-m+fp/hard/crtbegin.o
                [!provide]                        PROVIDE (__fini_array_end = .)
                0x0000000008005110                . = ALIGN (0x4)
                0x0000000008005110                _sidata = LOADADDR (.data)

.data           0x0000000020000000       0x90 load address 0x0000000008005110
                0x0000000020000000                . = ALIGN (0x4)
                0x0000000020000000                _sdata = .
 *(.data)
 *(.data*)
 .data.hbtn1    0x0000000020000000        0xc ./Components/Src/btn_config.o
                0x0000000020000000                hbtn1
 .data.hbtn2    0x000000002000000c        0xc ./Components/Src/btn_config.o
                0x000000002000000c                hbtn2
 .data.hdisp1   0x0000000020000018       0x68 ./Components/Src/disp_config.o
                0x0000000020000018                hdisp1
 .data.output_mv
                0x0000000020000080        0x4 ./Core/Src/main.o
                0x0000000020000080                output_mv
 .data.SystemCoreClock
                0x0000000020000084        0x4 ./Core/Src/system_stm32f7xx.o
                0x0000000020000084                SystemCoreClock
 .data.uwTickPrio
                0x0000000020000088        0x4 ./Drivers/STM32F7xx_HAL_Driver/Src/stm32f7xx_hal.o
                0x0000000020000088                uwTickPrio
 .data.uwTickFreq
                0x000000002000008c        0x1 ./Drivers/STM32F7xx_HAL_Driver/Src/stm32f7xx_hal.o
                0x000000002000008c                uwTickFreq
 *(.RamFunc)
 *(.RamFunc*)
                0x0000000020000090                . = ALIGN (0x4)
 *fill*         0x000000002000008d        0x3 
                0x0000000020000090                _edata = .

.igot.plt       0x0000000020000090        0x0 load address 0x00000000080051a0
 .igot.plt      0x0000000020000090        0x0 c:/st/stm32cubeide_1.8.0/stm32cubeide/plugins/com.st.stm32cube.ide.mcu.externaltools.gnu-tools-for-stm32.10.3-2021.10.win32_1.0.0.202111181127/tools/bin/../lib/gcc/arm-none-eabi/10.3.1/thumb/v7e-m+fp/hard/crtbegin.o
                0x0000000020000090                . = ALIGN (0x4)

.bss            0x0000000020000090      0x220 load address 0x00000000080051a0
                0x0000000020000090                _sbss = .
                0x0000000020000090                __bss_start__ = _sbss
 *(.bss)
 .bss           0x0000000020000090       0x1c c:/st/stm32cubeide_1.8.0/stm32cubeide/plugins/com.st.stm32cube.ide.mcu.externaltools.gnu-tools-for-stm32.10.3-2021.10.win32_1.0.0.202111181127/tools/bin/../lib/gcc/arm-none-eabi/10.3.1/thumb/v7e-m+fp/hard/crtbegin.o
 *(.bss*)
 .bss.dig.0     0x00000000200000ac        0x1 ./Components/Src/disp.o
 *fill*         0x00000000200000ad        0x3 
 .bss.hdac      0x00000000200000b0       0x14 ./Core/Src/dac.o
                0x00000000200000b0                hdac
 .bss.hdma_dac1
                0x00000000200000c4       0x60 ./Core/Src/dac.o
                0x00000000200000c4                hdma_dac1
 .bss.hi2c1     0x0000000020000124       0x54 ./Core/Src/i2c.o
                0x0000000020000124                hi2c1
 .bss.htim6     0x0000000020000178       0x4c ./Core/Src/tim.o
                0x0000000020000178                htim6
 .bss.huart3    0x00000000200001c4       0x88 ./Core/Src/usart.o
                0x00000000200001c4                huart3
 .bss.hdma_usart3_rx
                0x000000002000024c       0x60 ./Core/Src/usart.o
                0x000000002000024c                hdma_usart3_rx
 .bss.uwTick    0x00000000200002ac        0x4 ./Drivers/STM32F7xx_HAL_Driver/Src/stm32f7xx_hal.o
                0x00000000200002ac                uwTick
 *(COMMON)
                0x00000000200002b0                . = ALIGN (0x4)
                0x00000000200002b0                _ebss = .
                0x00000000200002b0                __bss_end__ = _ebss

._user_heap_stack
                0x00000000200002b0      0x600 load address 0x00000000080051a0
                0x00000000200002b0                . = ALIGN (0x8)
                [!provide]                        PROVIDE (end = .)
                0x00000000200002b0                PROVIDE (_end = .)
                0x00000000200004b0                . = (. + _Min_Heap_Size)
 *fill*         0x00000000200002b0      0x200 
                0x00000000200008b0                . = (. + _Min_Stack_Size)
 *fill*         0x00000000200004b0      0x400 
                0x00000000200008b0                . = ALIGN (0x8)

/DISCARD/
 libc.a(*)
 libm.a(*)
 libgcc.a(*)

.ARM.attributes
                0x0000000000000000       0x30
 *(.ARM.attributes)
 .ARM.attributes
                0x0000000000000000       0x1e c:/st/stm32cubeide_1.8.0/stm32cubeide/plugins/com.st.stm32cube.ide.mcu.externaltools.gnu-tools-for-stm32.10.3-2021.10.win32_1.0.0.202111181127/tools/bin/../lib/gcc/arm-none-eabi/10.3.1/thumb/v7e-m+fp/hard/crti.o
 .ARM.attributes
                0x000000000000001e       0x34 c:/st/stm32cubeide_1.8.0/stm32cubeide/plugins/com.st.stm32cube.ide.mcu.externaltools.gnu-tools-for-stm32.10.3-2021.10.win32_1.0.0.202111181127/tools/bin/../lib/gcc/arm-none-eabi/10.3.1/thumb/v7e-m+fp/hard/crtbegin.o
 .ARM.attributes
                0x0000000000000052       0x34 ./Components/Src/btn.o
 .ARM.attributes
                0x0000000000000086       0x34 ./Components/Src/btn_config.o
 .ARM.attributes
                0x00000000000000ba       0x34 ./Components/Src/dio.o
 .ARM.attributes
                0x00000000000000ee       0x34 ./Components/Src/disp.o
 .ARM.attributes
                0x0000000000000122       0x34 ./Components/Src/disp_config.o
 .ARM.attributes
                0x0000000000000156       0x34 ./Core/Src/dac.o
 .ARM.attributes
                0x000000000000018a       0x34 ./Core/Src/dma.o
 .ARM.attributes
                0x00000000000001be       0x34 ./Core/Src/gpio.o
 .ARM.attributes
                0x00000000000001f2       0x34 ./Core/Src/i2c.o
 .ARM.attributes
                0x0000000000000226       0x34 ./Core/Src/main.o
 .ARM.attributes
                0x000000000000025a       0x34 ./Core/Src/stm32f7xx_hal_msp.o
 .ARM.attributes
                0x000000000000028e       0x34 ./Core/Src/stm32f7xx_it.o
 .ARM.attributes
                0x00000000000002c2       0x34 ./Core/Src/system_stm32f7xx.o
 .ARM.attributes
                0x00000000000002f6       0x34 ./Core/Src/tim.o
 .ARM.attributes
                0x000000000000032a       0x34 ./Core/Src/usart.o
 .ARM.attributes
                0x000000000000035e       0x21 ./Core/Startup/startup_stm32f746zgtx.o
 .ARM.attributes
                0x000000000000037f       0x34 ./Drivers/STM32F7xx_HAL_Driver/Src/stm32f7xx_hal.o
 .ARM.attributes
                0x00000000000003b3       0x34 ./Drivers/STM32F7xx_HAL_Driver/Src/stm32f7xx_hal_cortex.o
 .ARM.attributes
                0x00000000000003e7       0x34 ./Drivers/STM32F7xx_HAL_Driver/Src/stm32f7xx_hal_dac.o
 .ARM.attributes
                0x000000000000041b       0x34 ./Drivers/STM32F7xx_HAL_Driver/Src/stm32f7xx_hal_dac_ex.o
 .ARM.attributes
                0x000000000000044f       0x34 ./Drivers/STM32F7xx_HAL_Driver/Src/stm32f7xx_hal_dma.o
 .ARM.attributes
                0x0000000000000483       0x34 ./Drivers/STM32F7xx_HAL_Driver/Src/stm32f7xx_hal_gpio.o
 .ARM.attributes
                0x00000000000004b7       0x34 ./Drivers/STM32F7xx_HAL_Driver/Src/stm32f7xx_hal_i2c.o
 .ARM.attributes
                0x00000000000004eb       0x34 ./Drivers/STM32F7xx_HAL_Driver/Src/stm32f7xx_hal_i2c_ex.o
 .ARM.attributes
                0x000000000000051f       0x34 ./Drivers/STM32F7xx_HAL_Driver/Src/stm32f7xx_hal_pwr.o
 .ARM.attributes
                0x0000000000000553       0x34 ./Drivers/STM32F7xx_HAL_Driver/Src/stm32f7xx_hal_pwr_ex.o
 .ARM.attributes
                0x0000000000000587       0x34 ./Drivers/STM32F7xx_HAL_Driver/Src/stm32f7xx_hal_rcc.o
 .ARM.attributes
                0x00000000000005bb       0x34 ./Drivers/STM32F7xx_HAL_Driver/Src/stm32f7xx_hal_rcc_ex.o
 .ARM.attributes
                0x00000000000005ef       0x34 ./Drivers/STM32F7xx_HAL_Driver/Src/stm32f7xx_hal_tim.o
 .ARM.attributes
                0x0000000000000623       0x34 ./Drivers/STM32F7xx_HAL_Driver/Src/stm32f7xx_hal_tim_ex.o
 .ARM.attributes
                0x0000000000000657       0x34 ./Drivers/STM32F7xx_HAL_Driver/Src/stm32f7xx_hal_uart.o
 .ARM.attributes
                0x000000000000068b       0x34 c:/st/stm32cubeide_1.8.0/stm32cubeide/plugins/com.st.stm32cube.ide.mcu.externaltools.gnu-tools-for-stm32.10.3-2021.10.win32_1.0.0.202111181127/tools/bin/../lib/gcc/arm-none-eabi/10.3.1/../../../../arm-none-eabi/lib/thumb/v7e-m+fp/hard\libc_nano.a(lib_a-init.o)
 .ARM.attributes
                0x00000000000006bf       0x34 c:/st/stm32cubeide_1.8.0/stm32cubeide/plugins/com.st.stm32cube.ide.mcu.externaltools.gnu-tools-for-stm32.10.3-2021.10.win32_1.0.0.202111181127/tools/bin/../lib/gcc/arm-none-eabi/10.3.1/../../../../arm-none-eabi/lib/thumb/v7e-m+fp/hard\libc_nano.a(lib_a-memset.o)
 .ARM.attributes
                0x00000000000006f3       0x1e c:/st/stm32cubeide_1.8.0/stm32cubeide/plugins/com.st.stm32cube.ide.mcu.externaltools.gnu-tools-for-stm32.10.3-2021.10.win32_1.0.0.202111181127/tools/bin/../lib/gcc/arm-none-eabi/10.3.1/thumb/v7e-m+fp/hard\libgcc.a(_arm_addsubdf3.o)
 .ARM.attributes
                0x0000000000000711       0x1e c:/st/stm32cubeide_1.8.0/stm32cubeide/plugins/com.st.stm32cube.ide.mcu.externaltools.gnu-tools-for-stm32.10.3-2021.10.win32_1.0.0.202111181127/tools/bin/../lib/gcc/arm-none-eabi/10.3.1/thumb/v7e-m+fp/hard\libgcc.a(_arm_muldivdf3.o)
 .ARM.attributes
                0x000000000000072f       0x1e c:/st/stm32cubeide_1.8.0/stm32cubeide/plugins/com.st.stm32cube.ide.mcu.externaltools.gnu-tools-for-stm32.10.3-2021.10.win32_1.0.0.202111181127/tools/bin/../lib/gcc/arm-none-eabi/10.3.1/thumb/v7e-m+fp/hard\libgcc.a(_arm_fixunsdfsi.o)
 .ARM.attributes
                0x000000000000074d       0x1e c:/st/stm32cubeide_1.8.0/stm32cubeide/plugins/com.st.stm32cube.ide.mcu.externaltools.gnu-tools-for-stm32.10.3-2021.10.win32_1.0.0.202111181127/tools/bin/../lib/gcc/arm-none-eabi/10.3.1/thumb/v7e-m+fp/hard\libgcc.a(_aeabi_uldivmod.o)
 .ARM.attributes
                0x000000000000076b       0x34 c:/st/stm32cubeide_1.8.0/stm32cubeide/plugins/com.st.stm32cube.ide.mcu.externaltools.gnu-tools-for-stm32.10.3-2021.10.win32_1.0.0.202111181127/tools/bin/../lib/gcc/arm-none-eabi/10.3.1/thumb/v7e-m+fp/hard\libgcc.a(_udivmoddi4.o)
 .ARM.attributes
                0x000000000000079f       0x1e c:/st/stm32cubeide_1.8.0/stm32cubeide/plugins/com.st.stm32cube.ide.mcu.externaltools.gnu-tools-for-stm32.10.3-2021.10.win32_1.0.0.202111181127/tools/bin/../lib/gcc/arm-none-eabi/10.3.1/thumb/v7e-m+fp/hard\libgcc.a(_dvmd_tls.o)
 .ARM.attributes
                0x00000000000007bd       0x1e c:/st/stm32cubeide_1.8.0/stm32cubeide/plugins/com.st.stm32cube.ide.mcu.externaltools.gnu-tools-for-stm32.10.3-2021.10.win32_1.0.0.202111181127/tools/bin/../lib/gcc/arm-none-eabi/10.3.1/thumb/v7e-m+fp/hard/crtn.o
OUTPUT(L08_Example.elf elf32-littlearm)
LOAD linker stubs
LOAD c:/st/stm32cubeide_1.8.0/stm32cubeide/plugins/com.st.stm32cube.ide.mcu.externaltools.gnu-tools-for-stm32.10.3-2021.10.win32_1.0.0.202111181127/tools/bin/../lib/gcc/arm-none-eabi/10.3.1/../../../../arm-none-eabi/lib/thumb/v7e-m+fp/hard\libc.a
LOAD c:/st/stm32cubeide_1.8.0/stm32cubeide/plugins/com.st.stm32cube.ide.mcu.externaltools.gnu-tools-for-stm32.10.3-2021.10.win32_1.0.0.202111181127/tools/bin/../lib/gcc/arm-none-eabi/10.3.1/../../../../arm-none-eabi/lib/thumb/v7e-m+fp/hard\libm.a
LOAD c:/st/stm32cubeide_1.8.0/stm32cubeide/plugins/com.st.stm32cube.ide.mcu.externaltools.gnu-tools-for-stm32.10.3-2021.10.win32_1.0.0.202111181127/tools/bin/../lib/gcc/arm-none-eabi/10.3.1/thumb/v7e-m+fp/hard\libgcc.a

.debug_info     0x0000000000000000    0x18110
 .debug_info    0x0000000000000000      0x367 ./Components/Src/btn.o
 .debug_info    0x0000000000000367      0x25e ./Components/Src/btn_config.o
 .debug_info    0x00000000000005c5      0x2f9 ./Components/Src/dio.o
 .debug_info    0x00000000000008be      0x4d8 ./Components/Src/disp.o
 .debug_info    0x0000000000000d96      0x287 ./Components/Src/disp_config.o
 .debug_info    0x000000000000101d      0xc59 ./Core/Src/dac.o
 .debug_info    0x0000000000001c76      0x576 ./Core/Src/dma.o
 .debug_info    0x00000000000021ec      0x527 ./Core/Src/gpio.o
 .debug_info    0x0000000000002713      0xced ./Core/Src/i2c.o
 .debug_info    0x0000000000003400     0x10e8 ./Core/Src/main.o
 .debug_info    0x00000000000044e8      0x2d2 ./Core/Src/stm32f7xx_hal_msp.o
 .debug_info    0x00000000000047ba      0x977 ./Core/Src/stm32f7xx_it.o
 .debug_info    0x0000000000005131      0x72c ./Core/Src/system_stm32f7xx.o
 .debug_info    0x000000000000585d      0xcb3 ./Core/Src/tim.o
 .debug_info    0x0000000000006510      0xd4d ./Core/Src/usart.o
 .debug_info    0x000000000000725d       0x22 ./Core/Startup/startup_stm32f746zgtx.o
 .debug_info    0x000000000000727f      0xa0c ./Drivers/STM32F7xx_HAL_Driver/Src/stm32f7xx_hal.o
 .debug_info    0x0000000000007c8b     0x105a ./Drivers/STM32F7xx_HAL_Driver/Src/stm32f7xx_hal_cortex.o
 .debug_info    0x0000000000008ce5      0xa5d ./Drivers/STM32F7xx_HAL_Driver/Src/stm32f7xx_hal_dac.o
 .debug_info    0x0000000000009742      0x7bb ./Drivers/STM32F7xx_HAL_Driver/Src/stm32f7xx_hal_dac_ex.o
 .debug_info    0x0000000000009efd      0x94f ./Drivers/STM32F7xx_HAL_Driver/Src/stm32f7xx_hal_dma.o
 .debug_info    0x000000000000a84c      0x794 ./Drivers/STM32F7xx_HAL_Driver/Src/stm32f7xx_hal_gpio.o
 .debug_info    0x000000000000afe0     0x22d3 ./Drivers/STM32F7xx_HAL_Driver/Src/stm32f7xx_hal_i2c.o
 .debug_info    0x000000000000d2b3      0x9d4 ./Drivers/STM32F7xx_HAL_Driver/Src/stm32f7xx_hal_i2c_ex.o
 .debug_info    0x000000000000dc87      0x978 ./Drivers/STM32F7xx_HAL_Driver/Src/stm32f7xx_hal_pwr.o
 .debug_info    0x000000000000e5ff      0x92e ./Drivers/STM32F7xx_HAL_Driver/Src/stm32f7xx_hal_pwr_ex.o
 .debug_info    0x000000000000ef2d      0x99c ./Drivers/STM32F7xx_HAL_Driver/Src/stm32f7xx_hal_rcc.o
 .debug_info    0x000000000000f8c9      0x764 ./Drivers/STM32F7xx_HAL_Driver/Src/stm32f7xx_hal_rcc_ex.o
 .debug_info    0x000000000001002d     0x2d22 ./Drivers/STM32F7xx_HAL_Driver/Src/stm32f7xx_hal_tim.o
 .debug_info    0x0000000000012d4f     0x16f5 ./Drivers/STM32F7xx_HAL_Driver/Src/stm32f7xx_hal_tim_ex.o
 .debug_info    0x0000000000014444     0x3ccc ./Drivers/STM32F7xx_HAL_Driver/Src/stm32f7xx_hal_uart.o

.debug_abbrev   0x0000000000000000     0x372b
 .debug_abbrev  0x0000000000000000      0x16c ./Components/Src/btn.o
 .debug_abbrev  0x000000000000016c       0xfa ./Components/Src/btn_config.o
 .debug_abbrev  0x0000000000000266      0x18a ./Components/Src/dio.o
 .debug_abbrev  0x00000000000003f0      0x1af ./Components/Src/disp.o
 .debug_abbrev  0x000000000000059f       0xfa ./Components/Src/disp_config.o
 .debug_abbrev  0x0000000000000699      0x211 ./Core/Src/dac.o
 .debug_abbrev  0x00000000000008aa      0x10a ./Core/Src/dma.o
 .debug_abbrev  0x00000000000009b4      0x146 ./Core/Src/gpio.o
 .debug_abbrev  0x0000000000000afa      0x202 ./Core/Src/i2c.o
 .debug_abbrev  0x0000000000000cfc      0x276 ./Core/Src/main.o
 .debug_abbrev  0x0000000000000f72       0xd4 ./Core/Src/stm32f7xx_hal_msp.o
 .debug_abbrev  0x0000000000001046      0x184 ./Core/Src/stm32f7xx_it.o
 .debug_abbrev  0x00000000000011ca      0x136 ./Core/Src/system_stm32f7xx.o
 .debug_abbrev  0x0000000000001300      0x203 ./Core/Src/tim.o
 .debug_abbrev  0x0000000000001503      0x1fa ./Core/Src/usart.o
 .debug_abbrev  0x00000000000016fd       0x12 ./Core/Startup/startup_stm32f746zgtx.o
 .debug_abbrev  0x000000000000170f      0x20d ./Drivers/STM32F7xx_HAL_Driver/Src/stm32f7xx_hal.o
 .debug_abbrev  0x000000000000191c      0x316 ./Drivers/STM32F7xx_HAL_Driver/Src/stm32f7xx_hal_cortex.o
 .debug_abbrev  0x0000000000001c32      0x1df ./Drivers/STM32F7xx_HAL_Driver/Src/stm32f7xx_hal_dac.o
 .debug_abbrev  0x0000000000001e11      0x1d5 ./Drivers/STM32F7xx_HAL_Driver/Src/stm32f7xx_hal_dac_ex.o
 .debug_abbrev  0x0000000000001fe6      0x25b ./Drivers/STM32F7xx_HAL_Driver/Src/stm32f7xx_hal_dma.o
 .debug_abbrev  0x0000000000002241      0x1c4 ./Drivers/STM32F7xx_HAL_Driver/Src/stm32f7xx_hal_gpio.o
 .debug_abbrev  0x0000000000002405      0x243 ./Drivers/STM32F7xx_HAL_Driver/Src/stm32f7xx_hal_i2c.o
 .debug_abbrev  0x0000000000002648      0x18e ./Drivers/STM32F7xx_HAL_Driver/Src/stm32f7xx_hal_i2c_ex.o
 .debug_abbrev  0x00000000000027d6      0x1b8 ./Drivers/STM32F7xx_HAL_Driver/Src/stm32f7xx_hal_pwr.o
 .debug_abbrev  0x000000000000298e      0x1cb ./Drivers/STM32F7xx_HAL_Driver/Src/stm32f7xx_hal_pwr_ex.o
 .debug_abbrev  0x0000000000002b59      0x27b ./Drivers/STM32F7xx_HAL_Driver/Src/stm32f7xx_hal_rcc.o
 .debug_abbrev  0x0000000000002dd4      0x1b9 ./Drivers/STM32F7xx_HAL_Driver/Src/stm32f7xx_hal_rcc_ex.o
 .debug_abbrev  0x0000000000002f8d      0x264 ./Drivers/STM32F7xx_HAL_Driver/Src/stm32f7xx_hal_tim.o
 .debug_abbrev  0x00000000000031f1      0x26c ./Drivers/STM32F7xx_HAL_Driver/Src/stm32f7xx_hal_tim_ex.o
 .debug_abbrev  0x000000000000345d      0x2ce ./Drivers/STM32F7xx_HAL_Driver/Src/stm32f7xx_hal_uart.o

.debug_aranges  0x0000000000000000     0x13b0
 .debug_aranges
                0x0000000000000000       0x38 ./Components/Src/btn.o
 .debug_aranges
                0x0000000000000038       0x18 ./Components/Src/btn_config.o
 .debug_aranges
                0x0000000000000050       0x40 ./Components/Src/dio.o
 .debug_aranges
                0x0000000000000090       0x58 ./Components/Src/disp.o
 .debug_aranges
                0x00000000000000e8       0x18 ./Components/Src/disp_config.o
 .debug_aranges
                0x0000000000000100       0x30 ./Core/Src/dac.o
 .debug_aranges
                0x0000000000000130       0x20 ./Core/Src/dma.o
 .debug_aranges
                0x0000000000000150       0x20 ./Core/Src/gpio.o
 .debug_aranges
                0x0000000000000170       0x30 ./Core/Src/i2c.o
 .debug_aranges
                0x00000000000001a0       0x38 ./Core/Src/main.o
 .debug_aranges
                0x00000000000001d8       0x20 ./Core/Src/stm32f7xx_hal_msp.o
 .debug_aranges
                0x00000000000001f8       0x78 ./Core/Src/stm32f7xx_it.o
 .debug_aranges
                0x0000000000000270       0x28 ./Core/Src/system_stm32f7xx.o
 .debug_aranges
                0x0000000000000298       0x30 ./Core/Src/tim.o
 .debug_aranges
                0x00000000000002c8       0x30 ./Core/Src/usart.o
 .debug_aranges
                0x00000000000002f8       0x28 ./Core/Startup/startup_stm32f746zgtx.o
 .debug_aranges
                0x0000000000000320      0x100 ./Drivers/STM32F7xx_HAL_Driver/Src/stm32f7xx_hal.o
 .debug_aranges
                0x0000000000000420      0x118 ./Drivers/STM32F7xx_HAL_Driver/Src/stm32f7xx_hal_cortex.o
 .debug_aranges
                0x0000000000000538       0xc0 ./Drivers/STM32F7xx_HAL_Driver/Src/stm32f7xx_hal_dac.o
 .debug_aranges
                0x00000000000005f8       0x80 ./Drivers/STM32F7xx_HAL_Driver/Src/stm32f7xx_hal_dac_ex.o
 .debug_aranges
                0x0000000000000678       0x90 ./Drivers/STM32F7xx_HAL_Driver/Src/stm32f7xx_hal_dma.o
 .debug_aranges
                0x0000000000000708       0x58 ./Drivers/STM32F7xx_HAL_Driver/Src/stm32f7xx_hal_gpio.o
 .debug_aranges
                0x0000000000000760      0x2a0 ./Drivers/STM32F7xx_HAL_Driver/Src/stm32f7xx_hal_i2c.o
 .debug_aranges
                0x0000000000000a00       0x38 ./Drivers/STM32F7xx_HAL_Driver/Src/stm32f7xx_hal_i2c_ex.o
 .debug_aranges
                0x0000000000000a38       0xa0 ./Drivers/STM32F7xx_HAL_Driver/Src/stm32f7xx_hal_pwr.o
 .debug_aranges
                0x0000000000000ad8       0x80 ./Drivers/STM32F7xx_HAL_Driver/Src/stm32f7xx_hal_pwr_ex.o
 .debug_aranges
                0x0000000000000b58       0x88 ./Drivers/STM32F7xx_HAL_Driver/Src/stm32f7xx_hal_rcc.o
 .debug_aranges
                0x0000000000000be0       0x50 ./Drivers/STM32F7xx_HAL_Driver/Src/stm32f7xx_hal_rcc_ex.o
 .debug_aranges
                0x0000000000000c30      0x3e0 ./Drivers/STM32F7xx_HAL_Driver/Src/stm32f7xx_hal_tim.o
 .debug_aranges
                0x0000000000001010      0x178 ./Drivers/STM32F7xx_HAL_Driver/Src/stm32f7xx_hal_tim_ex.o
 .debug_aranges
                0x0000000000001188      0x228 ./Drivers/STM32F7xx_HAL_Driver/Src/stm32f7xx_hal_uart.o

.debug_ranges   0x0000000000000000     0x11e8
 .debug_ranges  0x0000000000000000       0x28 ./Components/Src/btn.o
 .debug_ranges  0x0000000000000028       0x30 ./Components/Src/dio.o
 .debug_ranges  0x0000000000000058       0x48 ./Components/Src/disp.o
 .debug_ranges  0x00000000000000a0       0x20 ./Core/Src/dac.o
 .debug_ranges  0x00000000000000c0       0x10 ./Core/Src/dma.o
 .debug_ranges  0x00000000000000d0       0x10 ./Core/Src/gpio.o
 .debug_ranges  0x00000000000000e0       0x20 ./Core/Src/i2c.o
 .debug_ranges  0x0000000000000100       0x28 ./Core/Src/main.o
 .debug_ranges  0x0000000000000128       0x10 ./Core/Src/stm32f7xx_hal_msp.o
 .debug_ranges  0x0000000000000138       0x68 ./Core/Src/stm32f7xx_it.o
 .debug_ranges  0x00000000000001a0       0x18 ./Core/Src/system_stm32f7xx.o
 .debug_ranges  0x00000000000001b8       0x20 ./Core/Src/tim.o
 .debug_ranges  0x00000000000001d8       0x20 ./Core/Src/usart.o
 .debug_ranges  0x00000000000001f8       0x20 ./Core/Startup/startup_stm32f746zgtx.o
 .debug_ranges  0x0000000000000218       0xf0 ./Drivers/STM32F7xx_HAL_Driver/Src/stm32f7xx_hal.o
 .debug_ranges  0x0000000000000308      0x108 ./Drivers/STM32F7xx_HAL_Driver/Src/stm32f7xx_hal_cortex.o
 .debug_ranges  0x0000000000000410       0xb0 ./Drivers/STM32F7xx_HAL_Driver/Src/stm32f7xx_hal_dac.o
 .debug_ranges  0x00000000000004c0       0x70 ./Drivers/STM32F7xx_HAL_Driver/Src/stm32f7xx_hal_dac_ex.o
 .debug_ranges  0x0000000000000530       0x80 ./Drivers/STM32F7xx_HAL_Driver/Src/stm32f7xx_hal_dma.o
 .debug_ranges  0x00000000000005b0       0x48 ./Drivers/STM32F7xx_HAL_Driver/Src/stm32f7xx_hal_gpio.o
 .debug_ranges  0x00000000000005f8      0x290 ./Drivers/STM32F7xx_HAL_Driver/Src/stm32f7xx_hal_i2c.o
 .debug_ranges  0x0000000000000888       0x28 ./Drivers/STM32F7xx_HAL_Driver/Src/stm32f7xx_hal_i2c_ex.o
 .debug_ranges  0x00000000000008b0       0x90 ./Drivers/STM32F7xx_HAL_Driver/Src/stm32f7xx_hal_pwr.o
 .debug_ranges  0x0000000000000940       0x70 ./Drivers/STM32F7xx_HAL_Driver/Src/stm32f7xx_hal_pwr_ex.o
 .debug_ranges  0x00000000000009b0       0x78 ./Drivers/STM32F7xx_HAL_Driver/Src/stm32f7xx_hal_rcc.o
 .debug_ranges  0x0000000000000a28       0x40 ./Drivers/STM32F7xx_HAL_Driver/Src/stm32f7xx_hal_rcc_ex.o
 .debug_ranges  0x0000000000000a68      0x3d0 ./Drivers/STM32F7xx_HAL_Driver/Src/stm32f7xx_hal_tim.o
 .debug_ranges  0x0000000000000e38      0x168 ./Drivers/STM32F7xx_HAL_Driver/Src/stm32f7xx_hal_tim_ex.o
 .debug_ranges  0x0000000000000fa0      0x248 ./Drivers/STM32F7xx_HAL_Driver/Src/stm32f7xx_hal_uart.o

.debug_macro    0x0000000000000000    0x27302
 .debug_macro   0x0000000000000000      0x216 ./Components/Src/btn.o
 .debug_macro   0x0000000000000216      0x299 ./Components/Src/btn.o
 .debug_macro   0x00000000000004af       0x2e ./Components/Src/btn.o
 .debug_macro   0x00000000000004dd       0x3b ./Components/Src/btn.o
 .debug_macro   0x0000000000000518       0x22 ./Components/Src/btn.o
 .debug_macro   0x000000000000053a       0x8e ./Components/Src/btn.o
 .debug_macro   0x00000000000005c8       0x51 ./Components/Src/btn.o
 .debug_macro   0x0000000000000619      0x103 ./Components/Src/btn.o
 .debug_macro   0x000000000000071c       0x6a ./Components/Src/btn.o
 .debug_macro   0x0000000000000786      0x1df ./Components/Src/btn.o
 .debug_macro   0x0000000000000965       0x1c ./Components/Src/btn.o
 .debug_macro   0x0000000000000981       0x22 ./Components/Src/btn.o
 .debug_macro   0x00000000000009a3       0xd9 ./Components/Src/btn.o
 .debug_macro   0x0000000000000a7c     0x12cd ./Components/Src/btn.o
 .debug_macro   0x0000000000001d49      0x11f ./Components/Src/btn.o
 .debug_macro   0x0000000000001e68       0x19 ./Components/Src/btn.o
 .debug_macro   0x0000000000001e81    0x1920a ./Components/Src/btn.o
 .debug_macro   0x000000000001b08b       0x6d ./Components/Src/btn.o
 .debug_macro   0x000000000001b0f8     0x3749 ./Components/Src/btn.o
 .debug_macro   0x000000000001e841      0x174 ./Components/Src/btn.o
 .debug_macro   0x000000000001e9b5       0x63 ./Components/Src/btn.o
 .debug_macro   0x000000000001ea18     0x18ad ./Components/Src/btn.o
 .debug_macro   0x00000000000202c5      0x6c4 ./Components/Src/btn.o
 .debug_macro   0x0000000000020989      0x185 ./Components/Src/btn.o
 .debug_macro   0x0000000000020b0e      0x115 ./Components/Src/btn.o
 .debug_macro   0x0000000000020c23      0x1fd ./Components/Src/btn.o
 .debug_macro   0x0000000000020e20       0xa5 ./Components/Src/btn.o
 .debug_macro   0x0000000000020ec5      0x24f ./Components/Src/btn.o
 .debug_macro   0x0000000000021114       0x41 ./Components/Src/btn.o
 .debug_macro   0x0000000000021155       0x58 ./Components/Src/btn.o
 .debug_macro   0x00000000000211ad      0x236 ./Components/Src/btn.o
 .debug_macro   0x00000000000213e3      0x122 ./Components/Src/btn.o
 .debug_macro   0x0000000000021505       0xa6 ./Components/Src/btn.o
 .debug_macro   0x00000000000215ab      0x14e ./Components/Src/btn.o
 .debug_macro   0x00000000000216f9      0x25a ./Components/Src/btn.o
 .debug_macro   0x0000000000021953       0x12 ./Components/Src/btn.o
 .debug_macro   0x0000000000021965      0x22c ./Components/Src/btn.o
 .debug_macro   0x0000000000021b91       0x61 ./Components/Src/btn.o
 .debug_macro   0x0000000000021bf2       0xa5 ./Components/Src/btn.o
 .debug_macro   0x0000000000021c97      0x12e ./Components/Src/btn.o
 .debug_macro   0x0000000000021dc5      0x108 ./Components/Src/btn.o
 .debug_macro   0x0000000000021ecd       0x35 ./Components/Src/btn.o
 .debug_macro   0x0000000000021f02      0xa7c ./Components/Src/btn.o
 .debug_macro   0x000000000002297e       0x59 ./Components/Src/btn.o
 .debug_macro   0x00000000000229d7      0x56d ./Components/Src/btn.o
 .debug_macro   0x0000000000022f44       0x44 ./Components/Src/btn.o
 .debug_macro   0x0000000000022f88      0x14d ./Components/Src/btn.o
 .debug_macro   0x00000000000230d5      0x21f ./Components/Src/btn_config.o
 .debug_macro   0x00000000000232f4      0x2ba ./Components/Src/btn_config.o
 .debug_macro   0x00000000000235ae      0x206 ./Components/Src/dio.o
 .debug_macro   0x00000000000237b4      0x227 ./Components/Src/disp.o
 .debug_macro   0x00000000000239db       0x10 ./Components/Src/disp.o
 .debug_macro   0x00000000000239eb      0x21e ./Components/Src/disp_config.o
 .debug_macro   0x0000000000023c09      0x20f ./Core/Src/dac.o
 .debug_macro   0x0000000000023e18      0x2b4 ./Core/Src/dac.o
 .debug_macro   0x00000000000240cc      0x20f ./Core/Src/dma.o
 .debug_macro   0x00000000000242db      0x20f ./Core/Src/gpio.o
 .debug_macro   0x00000000000244ea      0x20f ./Core/Src/i2c.o
 .debug_macro   0x00000000000246f9      0x284 ./Core/Src/main.o
 .debug_macro   0x000000000002497d       0x58 ./Core/Src/main.o
 .debug_macro   0x00000000000249d5       0x10 ./Core/Src/main.o
 .debug_macro   0x00000000000249e5       0x16 ./Core/Src/main.o
 .debug_macro   0x00000000000249fb      0x205 ./Core/Src/stm32f7xx_hal_msp.o
 .debug_macro   0x0000000000024c00      0x20f ./Core/Src/stm32f7xx_it.o
 .debug_macro   0x0000000000024e0f      0x1f6 ./Core/Src/system_stm32f7xx.o
 .debug_macro   0x0000000000025005      0x20f ./Core/Src/tim.o
 .debug_macro   0x0000000000025214      0x20f ./Core/Src/usart.o
 .debug_macro   0x0000000000025423      0x21a ./Drivers/STM32F7xx_HAL_Driver/Src/stm32f7xx_hal.o
 .debug_macro   0x000000000002563d      0x1f6 ./Drivers/STM32F7xx_HAL_Driver/Src/stm32f7xx_hal_cortex.o
 .debug_macro   0x0000000000025833      0x1f7 ./Drivers/STM32F7xx_HAL_Driver/Src/stm32f7xx_hal_dac.o
 .debug_macro   0x0000000000025a2a      0x1f6 ./Drivers/STM32F7xx_HAL_Driver/Src/stm32f7xx_hal_dac_ex.o
 .debug_macro   0x0000000000025c20      0x1fc ./Drivers/STM32F7xx_HAL_Driver/Src/stm32f7xx_hal_dma.o
 .debug_macro   0x0000000000025e1c      0x1fc ./Drivers/STM32F7xx_HAL_Driver/Src/stm32f7xx_hal_gpio.o
 .debug_macro   0x0000000000026018      0x2c2 ./Drivers/STM32F7xx_HAL_Driver/Src/stm32f7xx_hal_i2c.o
 .debug_macro   0x00000000000262da      0x1f6 ./Drivers/STM32F7xx_HAL_Driver/Src/stm32f7xx_hal_i2c_ex.o
 .debug_macro   0x00000000000264d0      0x214 ./Drivers/STM32F7xx_HAL_Driver/Src/stm32f7xx_hal_pwr.o
 .debug_macro   0x00000000000266e4      0x20e ./Drivers/STM32F7xx_HAL_Driver/Src/stm32f7xx_hal_pwr_ex.o
 .debug_macro   0x00000000000268f2      0x21a ./Drivers/STM32F7xx_HAL_Driver/Src/stm32f7xx_hal_rcc.o
 .debug_macro   0x0000000000026b0c      0x1f6 ./Drivers/STM32F7xx_HAL_Driver/Src/stm32f7xx_hal_rcc_ex.o
 .debug_macro   0x0000000000026d02      0x1f7 ./Drivers/STM32F7xx_HAL_Driver/Src/stm32f7xx_hal_tim.o
 .debug_macro   0x0000000000026ef9      0x1f6 ./Drivers/STM32F7xx_HAL_Driver/Src/stm32f7xx_hal_tim_ex.o
 .debug_macro   0x00000000000270ef      0x213 ./Drivers/STM32F7xx_HAL_Driver/Src/stm32f7xx_hal_uart.o

.debug_line     0x0000000000000000    0x1b316
 .debug_line    0x0000000000000000      0x80c ./Components/Src/btn.o
 .debug_line    0x000000000000080c      0x771 ./Components/Src/btn_config.o
 .debug_line    0x0000000000000f7d      0x7cf ./Components/Src/dio.o
 .debug_line    0x000000000000174c      0x8f8 ./Components/Src/disp.o
 .debug_line    0x0000000000002044      0x773 ./Components/Src/disp_config.o
 .debug_line    0x00000000000027b7      0x79a ./Core/Src/dac.o
 .debug_line    0x0000000000002f51      0x711 ./Core/Src/dma.o
 .debug_line    0x0000000000003662      0x889 ./Core/Src/gpio.o
 .debug_line    0x0000000000003eeb      0x7a4 ./Core/Src/i2c.o
 .debug_line    0x000000000000468f      0x8ed ./Core/Src/main.o
 .debug_line    0x0000000000004f7c      0x713 ./Core/Src/stm32f7xx_hal_msp.o
 .debug_line    0x000000000000568f      0x81f ./Core/Src/stm32f7xx_it.o
 .debug_line    0x0000000000005eae      0x793 ./Core/Src/system_stm32f7xx.o
 .debug_line    0x0000000000006641      0x76f ./Core/Src/tim.o
 .debug_line    0x0000000000006db0      0x7bc ./Core/Src/usart.o
 .debug_line    0x000000000000756c       0x88 ./Core/Startup/startup_stm32f746zgtx.o
 .debug_line    0x00000000000075f4      0xa24 ./Drivers/STM32F7xx_HAL_Driver/Src/stm32f7xx_hal.o
 .debug_line    0x0000000000008018      0xcaa ./Drivers/STM32F7xx_HAL_Driver/Src/stm32f7xx_hal_cortex.o
 .debug_line    0x0000000000008cc2      0xb46 ./Drivers/STM32F7xx_HAL_Driver/Src/stm32f7xx_hal_dac.o
 .debug_line    0x0000000000009808      0x93b ./Drivers/STM32F7xx_HAL_Driver/Src/stm32f7xx_hal_dac_ex.o
 .debug_line    0x000000000000a143      0xf73 ./Drivers/STM32F7xx_HAL_Driver/Src/stm32f7xx_hal_dma.o
 .debug_line    0x000000000000b0b6      0xb98 ./Drivers/STM32F7xx_HAL_Driver/Src/stm32f7xx_hal_gpio.o
 .debug_line    0x000000000000bc4e     0x36f1 ./Drivers/STM32F7xx_HAL_Driver/Src/stm32f7xx_hal_i2c.o
 .debug_line    0x000000000000f33f      0x84f ./Drivers/STM32F7xx_HAL_Driver/Src/stm32f7xx_hal_i2c_ex.o
 .debug_line    0x000000000000fb8e      0x928 ./Drivers/STM32F7xx_HAL_Driver/Src/stm32f7xx_hal_pwr.o
 .debug_line    0x00000000000104b6      0x999 ./Drivers/STM32F7xx_HAL_Driver/Src/stm32f7xx_hal_pwr_ex.o
 .debug_line    0x0000000000010e4f      0xe67 ./Drivers/STM32F7xx_HAL_Driver/Src/stm32f7xx_hal_rcc.o
 .debug_line    0x0000000000011cb6      0xe20 ./Drivers/STM32F7xx_HAL_Driver/Src/stm32f7xx_hal_rcc_ex.o
 .debug_line    0x0000000000012ad6     0x3c48 ./Drivers/STM32F7xx_HAL_Driver/Src/stm32f7xx_hal_tim.o
 .debug_line    0x000000000001671e     0x1b20 ./Drivers/STM32F7xx_HAL_Driver/Src/stm32f7xx_hal_tim_ex.o
 .debug_line    0x000000000001823e     0x30d8 ./Drivers/STM32F7xx_HAL_Driver/Src/stm32f7xx_hal_uart.o

.debug_str      0x0000000000000000    0xf0025
 .debug_str     0x0000000000000000    0xe93ec ./Components/Src/btn.o
                                      0xe9ac8 (size before relaxing)
 .debug_str     0x00000000000e93ec      0xa73 ./Components/Src/btn_config.o
                                      0xea479 (size before relaxing)
 .debug_str     0x00000000000e9e5f       0xad ./Components/Src/dio.o
                                      0xe99bc (size before relaxing)
 .debug_str     0x00000000000e9f0c      0x1df ./Components/Src/disp.o
                                      0xe9b1e (size before relaxing)
 .debug_str     0x00000000000ea0eb       0x27 ./Components/Src/disp_config.o
                                      0xea435 (size before relaxing)
 .debug_str     0x00000000000ea112      0xb60 ./Core/Src/dac.o
                                      0xeae5e (size before relaxing)
 .debug_str     0x00000000000eac72       0x29 ./Core/Src/dma.o
                                      0xea975 (size before relaxing)
 .debug_str     0x00000000000eac9b       0x2c ./Core/Src/gpio.o
                                      0xea480 (size before relaxing)
 .debug_str     0x00000000000eacc7      0x517 ./Core/Src/i2c.o
                                      0xeac9c (size before relaxing)
 .debug_str     0x00000000000eb1de      0x7e0 ./Core/Src/main.o
                                      0xeb33d (size before relaxing)
 .debug_str     0x00000000000eb9be       0x2c ./Core/Src/stm32f7xx_hal_msp.o
                                      0xea3a3 (size before relaxing)
 .debug_str     0x00000000000eb9ea      0x155 ./Core/Src/stm32f7xx_it.o
                                      0xeaa2b (size before relaxing)
 .debug_str     0x00000000000ebb3f      0x1a4 ./Core/Src/system_stm32f7xx.o
                                      0xe9ae6 (size before relaxing)
 .debug_str     0x00000000000ebce3       0xe4 ./Core/Src/tim.o
                                      0xeaff7 (size before relaxing)
 .debug_str     0x00000000000ebdc7      0x25b ./Core/Src/usart.o
                                      0xeac14 (size before relaxing)
 .debug_str     0x00000000000ec022       0x36 ./Core/Startup/startup_stm32f746zgtx.o
                                         0x92 (size before relaxing)
 .debug_str     0x00000000000ec058      0x40c ./Drivers/STM32F7xx_HAL_Driver/Src/stm32f7xx_hal.o
                                      0xea44f (size before relaxing)
 .debug_str     0x00000000000ec464      0x337 ./Drivers/STM32F7xx_HAL_Driver/Src/stm32f7xx_hal_cortex.o
                                      0xea43a (size before relaxing)
 .debug_str     0x00000000000ec79b      0x1ef ./Drivers/STM32F7xx_HAL_Driver/Src/stm32f7xx_hal_dac.o
                                      0xe9e72 (size before relaxing)
 .debug_str     0x00000000000ec98a      0x13b ./Drivers/STM32F7xx_HAL_Driver/Src/stm32f7xx_hal_dac_ex.o
                                      0xe9d5d (size before relaxing)
 .debug_str     0x00000000000ecac5      0x2e0 ./Drivers/STM32F7xx_HAL_Driver/Src/stm32f7xx_hal_dma.o
                                      0xe9e25 (size before relaxing)
 .debug_str     0x00000000000ecda5       0xe1 ./Drivers/STM32F7xx_HAL_Driver/Src/stm32f7xx_hal_gpio.o
                                      0xe9ba4 (size before relaxing)
 .debug_str     0x00000000000ece86      0xdb2 ./Drivers/STM32F7xx_HAL_Driver/Src/stm32f7xx_hal_i2c.o
                                      0xeacfc (size before relaxing)
 .debug_str     0x00000000000edc38       0x89 ./Drivers/STM32F7xx_HAL_Driver/Src/stm32f7xx_hal_i2c_ex.o
                                      0xe9fa2 (size before relaxing)
 .debug_str     0x00000000000edcc1      0x2ac ./Drivers/STM32F7xx_HAL_Driver/Src/stm32f7xx_hal_pwr.o
                                      0xe9d87 (size before relaxing)
 .debug_str     0x00000000000edf6d      0x1bd ./Drivers/STM32F7xx_HAL_Driver/Src/stm32f7xx_hal_pwr_ex.o
                                      0xe9d55 (size before relaxing)
 .debug_str     0x00000000000ee12a      0x247 ./Drivers/STM32F7xx_HAL_Driver/Src/stm32f7xx_hal_rcc.o
                                      0xe9e48 (size before relaxing)
 .debug_str     0x00000000000ee371      0x13f ./Drivers/STM32F7xx_HAL_Driver/Src/stm32f7xx_hal_rcc_ex.o
                                      0xe9d80 (size before relaxing)
 .debug_str     0x00000000000ee4b0      0xe3f ./Drivers/STM32F7xx_HAL_Driver/Src/stm32f7xx_hal_tim.o
                                      0xeadf9 (size before relaxing)
 .debug_str     0x00000000000ef2ef      0x4dc ./Drivers/STM32F7xx_HAL_Driver/Src/stm32f7xx_hal_tim_ex.o
                                      0xea64f (size before relaxing)
 .debug_str     0x00000000000ef7cb      0x85a ./Drivers/STM32F7xx_HAL_Driver/Src/stm32f7xx_hal_uart.o
                                      0xea795 (size before relaxing)

.comment        0x0000000000000000       0x50
 .comment       0x0000000000000000       0x50 ./Components/Src/btn.o
                                         0x51 (size before relaxing)
 .comment       0x0000000000000050       0x51 ./Components/Src/btn_config.o
 .comment       0x0000000000000050       0x51 ./Components/Src/dio.o
 .comment       0x0000000000000050       0x51 ./Components/Src/disp.o
 .comment       0x0000000000000050       0x51 ./Components/Src/disp_config.o
 .comment       0x0000000000000050       0x51 ./Core/Src/dac.o
 .comment       0x0000000000000050       0x51 ./Core/Src/dma.o
 .comment       0x0000000000000050       0x51 ./Core/Src/gpio.o
 .comment       0x0000000000000050       0x51 ./Core/Src/i2c.o
 .comment       0x0000000000000050       0x51 ./Core/Src/main.o
 .comment       0x0000000000000050       0x51 ./Core/Src/stm32f7xx_hal_msp.o
 .comment       0x0000000000000050       0x51 ./Core/Src/stm32f7xx_it.o
 .comment       0x0000000000000050       0x51 ./Core/Src/system_stm32f7xx.o
 .comment       0x0000000000000050       0x51 ./Core/Src/tim.o
 .comment       0x0000000000000050       0x51 ./Core/Src/usart.o
 .comment       0x0000000000000050       0x51 ./Drivers/STM32F7xx_HAL_Driver/Src/stm32f7xx_hal.o
 .comment       0x0000000000000050       0x51 ./Drivers/STM32F7xx_HAL_Driver/Src/stm32f7xx_hal_cortex.o
 .comment       0x0000000000000050       0x51 ./Drivers/STM32F7xx_HAL_Driver/Src/stm32f7xx_hal_dac.o
 .comment       0x0000000000000050       0x51 ./Drivers/STM32F7xx_HAL_Driver/Src/stm32f7xx_hal_dac_ex.o
 .comment       0x0000000000000050       0x51 ./Drivers/STM32F7xx_HAL_Driver/Src/stm32f7xx_hal_dma.o
 .comment       0x0000000000000050       0x51 ./Drivers/STM32F7xx_HAL_Driver/Src/stm32f7xx_hal_gpio.o
 .comment       0x0000000000000050       0x51 ./Drivers/STM32F7xx_HAL_Driver/Src/stm32f7xx_hal_i2c.o
 .comment       0x0000000000000050       0x51 ./Drivers/STM32F7xx_HAL_Driver/Src/stm32f7xx_hal_i2c_ex.o
 .comment       0x0000000000000050       0x51 ./Drivers/STM32F7xx_HAL_Driver/Src/stm32f7xx_hal_pwr.o
 .comment       0x0000000000000050       0x51 ./Drivers/STM32F7xx_HAL_Driver/Src/stm32f7xx_hal_pwr_ex.o
 .comment       0x0000000000000050       0x51 ./Drivers/STM32F7xx_HAL_Driver/Src/stm32f7xx_hal_rcc.o
 .comment       0x0000000000000050       0x51 ./Drivers/STM32F7xx_HAL_Driver/Src/stm32f7xx_hal_rcc_ex.o
 .comment       0x0000000000000050       0x51 ./Drivers/STM32F7xx_HAL_Driver/Src/stm32f7xx_hal_tim.o
 .comment       0x0000000000000050       0x51 ./Drivers/STM32F7xx_HAL_Driver/Src/stm32f7xx_hal_tim_ex.o
 .comment       0x0000000000000050       0x51 ./Drivers/STM32F7xx_HAL_Driver/Src/stm32f7xx_hal_uart.o

.debug_frame    0x0000000000000000     0x50fc
 .debug_frame   0x0000000000000000       0xa0 ./Components/Src/btn.o
 .debug_frame   0x00000000000000a0       0xc4 ./Components/Src/dio.o
 .debug_frame   0x0000000000000164      0x138 ./Components/Src/disp.o
 .debug_frame   0x000000000000029c       0x7c ./Core/Src/dac.o
 .debug_frame   0x0000000000000318       0x34 ./Core/Src/dma.o
 .debug_frame   0x000000000000034c       0x38 ./Core/Src/gpio.o
 .debug_frame   0x0000000000000384       0x78 ./Core/Src/i2c.o
 .debug_frame   0x00000000000003fc       0x8c ./Core/Src/main.o
 .debug_frame   0x0000000000000488       0x38 ./Core/Src/stm32f7xx_hal_msp.o
 .debug_frame   0x00000000000004c0      0x158 ./Core/Src/stm32f7xx_it.o
 .debug_frame   0x0000000000000618       0x58 ./Core/Src/system_stm32f7xx.o
 .debug_frame   0x0000000000000670       0x80 ./Core/Src/tim.o
 .debug_frame   0x00000000000006f0       0x78 ./Core/Src/usart.o
 .debug_frame   0x0000000000000768      0x3b4 ./Drivers/STM32F7xx_HAL_Driver/Src/stm32f7xx_hal.o
 .debug_frame   0x0000000000000b1c      0x498 ./Drivers/STM32F7xx_HAL_Driver/Src/stm32f7xx_hal_cortex.o
 .debug_frame   0x0000000000000fb4      0x338 ./Drivers/STM32F7xx_HAL_Driver/Src/stm32f7xx_hal_dac.o
 .debug_frame   0x00000000000012ec      0x20c ./Drivers/STM32F7xx_HAL_Driver/Src/stm32f7xx_hal_dac_ex.o
 .debug_frame   0x00000000000014f8      0x250 ./Drivers/STM32F7xx_HAL_Driver/Src/stm32f7xx_hal_dma.o
 .debug_frame   0x0000000000001748      0x14c ./Drivers/STM32F7xx_HAL_Driver/Src/stm32f7xx_hal_gpio.o
 .debug_frame   0x0000000000001894      0xc38 ./Drivers/STM32F7xx_HAL_Driver/Src/stm32f7xx_hal_i2c.o
 .debug_frame   0x00000000000024cc       0xb0 ./Drivers/STM32F7xx_HAL_Driver/Src/stm32f7xx_hal_i2c_ex.o
 .debug_frame   0x000000000000257c      0x254 ./Drivers/STM32F7xx_HAL_Driver/Src/stm32f7xx_hal_pwr.o
 .debug_frame   0x00000000000027d0      0x1c8 ./Drivers/STM32F7xx_HAL_Driver/Src/stm32f7xx_hal_pwr_ex.o
 .debug_frame   0x0000000000002998      0x1f8 ./Drivers/STM32F7xx_HAL_Driver/Src/stm32f7xx_hal_rcc.o
 .debug_frame   0x0000000000002b90      0x118 ./Drivers/STM32F7xx_HAL_Driver/Src/stm32f7xx_hal_rcc_ex.o
 .debug_frame   0x0000000000002ca8     0x121c ./Drivers/STM32F7xx_HAL_Driver/Src/stm32f7xx_hal_tim.o
 .debug_frame   0x0000000000003ec4      0x688 ./Drivers/STM32F7xx_HAL_Driver/Src/stm32f7xx_hal_tim_ex.o
 .debug_frame   0x000000000000454c      0x9e4 ./Drivers/STM32F7xx_HAL_Driver/Src/stm32f7xx_hal_uart.o
 .debug_frame   0x0000000000004f30       0x2c c:/st/stm32cubeide_1.8.0/stm32cubeide/plugins/com.st.stm32cube.ide.mcu.externaltools.gnu-tools-for-stm32.10.3-2021.10.win32_1.0.0.202111181127/tools/bin/../lib/gcc/arm-none-eabi/10.3.1/../../../../arm-none-eabi/lib/thumb/v7e-m+fp/hard\libc_nano.a(lib_a-init.o)
 .debug_frame   0x0000000000004f5c       0x20 c:/st/stm32cubeide_1.8.0/stm32cubeide/plugins/com.st.stm32cube.ide.mcu.externaltools.gnu-tools-for-stm32.10.3-2021.10.win32_1.0.0.202111181127/tools/bin/../lib/gcc/arm-none-eabi/10.3.1/../../../../arm-none-eabi/lib/thumb/v7e-m+fp/hard\libc_nano.a(lib_a-memset.o)
 .debug_frame   0x0000000000004f7c       0xac c:/st/stm32cubeide_1.8.0/stm32cubeide/plugins/com.st.stm32cube.ide.mcu.externaltools.gnu-tools-for-stm32.10.3-2021.10.win32_1.0.0.202111181127/tools/bin/../lib/gcc/arm-none-eabi/10.3.1/thumb/v7e-m+fp/hard\libgcc.a(_arm_addsubdf3.o)
 .debug_frame   0x0000000000005028       0x50 c:/st/stm32cubeide_1.8.0/stm32cubeide/plugins/com.st.stm32cube.ide.mcu.externaltools.gnu-tools-for-stm32.10.3-2021.10.win32_1.0.0.202111181127/tools/bin/../lib/gcc/arm-none-eabi/10.3.1/thumb/v7e-m+fp/hard\libgcc.a(_arm_muldivdf3.o)
 .debug_frame   0x0000000000005078       0x24 c:/st/stm32cubeide_1.8.0/stm32cubeide/plugins/com.st.stm32cube.ide.mcu.externaltools.gnu-tools-for-stm32.10.3-2021.10.win32_1.0.0.202111181127/tools/bin/../lib/gcc/arm-none-eabi/10.3.1/thumb/v7e-m+fp/hard\libgcc.a(_arm_fixunsdfsi.o)
 .debug_frame   0x000000000000509c       0x2c c:/st/stm32cubeide_1.8.0/stm32cubeide/plugins/com.st.stm32cube.ide.mcu.externaltools.gnu-tools-for-stm32.10.3-2021.10.win32_1.0.0.202111181127/tools/bin/../lib/gcc/arm-none-eabi/10.3.1/thumb/v7e-m+fp/hard\libgcc.a(_aeabi_uldivmod.o)
 .debug_frame   0x00000000000050c8       0x34 c:/st/stm32cubeide_1.8.0/stm32cubeide/plugins/com.st.stm32cube.ide.mcu.externaltools.gnu-tools-for-stm32.10.3-2021.10.win32_1.0.0.202111181127/tools/bin/../lib/gcc/arm-none-eabi/10.3.1/thumb/v7e-m+fp/hard\libgcc.a(_udivmoddi4.o)
