15:12:41 **** Incremental Build of configuration Debug for project FanSpeedControl ****
make -j12 all 
arm-none-eabi-gcc "../Core/Src/main.c" -mcpu=cortex-m7 -std=gnu11 -g3 -DDEBUG -DUSE_HAL_DRIVER -DSTM32F746xx -c -I../Core/Inc -I../Drivers/STM32F7xx_HAL_Driver/Inc -I../Drivers/STM32F7xx_HAL_Driver/Inc/Legacy -I../Drivers/CMSIS/Device/ST/STM32F7xx/Include -I../Drivers/CMSIS/Include -O0 -ffunction-sections -fdata-sections -Wall -fstack-usage -MMD -MP -MF"Core/Src/main.d" -MT"Core/Src/main.o" --specs=nano.specs -mfpu=fpv5-sp-d16 -mfloat-abi=hard -mthumb -o "Core/Src/main.o"
arm-none-eabi-gcc -o "FanSpeedControl.elf" @"objects.list"   -mcpu=cortex-m7 -T"C:\PP\Dydaktyka\MATERIALY\SM_MATERIALY\NUCLEO-F756ZG-Examples-ver-2022-23\FanSpeedControl\STM32F746ZGTX_FLASH.ld" --specs=nosys.specs -Wl,-Map="FanSpeedControl.map" -Wl,--gc-sections -static --specs=nano.specs -mfpu=fpv5-sp-d16 -mfloat-abi=hard -mthumb -Wl,--start-group -lc -lm -Wl,--end-group
Finished building target: FanSpeedControl.elf
 
arm-none-eabi-size   FanSpeedControl.elf 
arm-none-eabi-objdump -h -S  FanSpeedControl.elf  > "FanSpeedControl.list"
   text	   data	    bss	    dec	    hex	filename
  26904	    168	   1976	  29048	   7178	FanSpeedControl.elf
Finished building: default.size.stdout
 
Finished building: FanSpeedControl.list
 

15:12:43 Build Finished. 0 errors, 0 warnings. (took 1s.663ms)

