13:56:06 **** Incremental Build of configuration Debug for project L01_Example ****
make -j12 all 
arm-none-eabi-gcc "../Core/Src/main.c" -mcpu=cortex-m7 -std=gnu11 -g3 -DDEBUG -DUSE_HAL_DRIVER -DSTM32F746xx -c -I../Core/Inc -I../Drivers/STM32F7xx_HAL_Driver/Inc -I../Drivers/STM32F7xx_HAL_Driver/Inc/Legacy -I../Drivers/CMSIS/Device/ST/STM32F7xx/Include -I../Drivers/CMSIS/Include -O0 -ffunction-sections -fdata-sections -Wall -fstack-usage -MMD -MP -MF"Core/Src/main.d" -MT"Core/Src/main.o" --specs=nano.specs -mfpu=fpv5-sp-d16 -mfloat-abi=hard -mthumb -o "Core/Src/main.o"
arm-none-eabi-gcc -o "L01_Example.elf" @"objects.list"   -mcpu=cortex-m7 -T"C:\PP\Dydaktyka\MATERIALY\SM_MATERIALY\NUCLEO-F756ZG-Examples-ver-2022-23\L01_Example\STM32F746ZGTX_FLASH.ld" --specs=nosys.specs -Wl,-Map="L01_Example.map" -Wl,--gc-sections -static --specs=nano.specs -mfpu=fpv5-sp-d16 -mfloat-abi=hard -mthumb -Wl,--start-group -lc -lm -Wl,--end-group
Finished building target: L01_Example.elf
 
arm-none-eabi-size   L01_Example.elf 
arm-none-eabi-objdump -h -S  L01_Example.elf  > "L01_Example.list"
   text	   data	    bss	    dec	    hex	filename
  11284	     20	   1708	  13012	   32d4	L01_Example.elf
Finished building: default.size.stdout
 
Finished building: L01_Example.list
 
13:56:36 **** Incremental Build of configuration Debug for project L01_Example ****
make -j12 all 
arm-none-eabi-size   L01_Example.elf 
   text	   data	    bss	    dec	    hex	filename
  11284	     20	   1708	  13012	   32d4	L01_Example.elf
Finished building: default.size.stdout
 
