17:22:55 **** Incremental Build of configuration Debug for project L06_Example ****
make -j12 all 
arm-none-eabi-gcc "../Core/Src/main.c" -mcpu=cortex-m7 -std=gnu11 -g3 -DDEBUG -DUSE_HAL_DRIVER -DSTM32F746xx -c -I../Core/Inc -I../Drivers/STM32F7xx_HAL_Driver/Inc -I../Drivers/STM32F7xx_HAL_Driver/Inc/Legacy -I../Drivers/CMSIS/Device/ST/STM32F7xx/Include -I../Drivers/CMSIS/Include -I"C:/PP/Dydaktyka/MATERIALY/SM_MATERIALY/NUCLEO-F756ZG-Examples-ver-2022-23/L06_Example/Components/Inc" -O0 -ffunction-sections -fdata-sections -Wall -fstack-usage -MMD -MP -MF"Core/Src/main.d" -MT"Core/Src/main.o" --specs=nano.specs -mfpu=fpv5-sp-d16 -mfloat-abi=hard -mthumb -o "Core/Src/main.o"
arm-none-eabi-gcc -o "L06_Example.elf" @"objects.list"   -mcpu=cortex-m7 -T"C:\PP\Dydaktyka\MATERIALY\SM_MATERIALY\NUCLEO-F756ZG-Examples-ver-2022-23\L06_Example\STM32F746ZGTX_FLASH.ld" --specs=nosys.specs -Wl,-Map="L06_Example.map" -Wl,--gc-sections -static --specs=nano.specs -mfpu=fpv5-sp-d16 -mfloat-abi=hard -mthumb -Wl,--start-group -lc -lm -Wl,--end-group
Finished building target: L06_Example.elf
 
arm-none-eabi-size   L06_Example.elf 
arm-none-eabi-objdump -h -S  L06_Example.elf  > "L06_Example.list"
   text	   data	    bss	    dec	    hex	filename
  34316	    232	   2056	  36604	   8efc	L06_Example.elf
Finished building: default.size.stdout
 
Finished building: L06_Example.list
 
17:22:59 **** Incremental Build of configuration Debug for project L06_Example ****
make -j12 all 
arm-none-eabi-size   L06_Example.elf 
   text	   data	    bss	    dec	    hex	filename
  34316	    232	   2056	  36604	   8efc	L06_Example.elf
Finished building: default.size.stdout
 
17:54:39 **** Clean-only build of configuration Debug for project L06_Example ****
make -j12 clean 
rm -rf ./Drivers/STM32F7xx_HAL_Driver/Src/stm32f7xx_hal.d ./Drivers/STM32F7xx_HAL_Driver/Src/stm32f7xx_hal.o ./Drivers/STM32F7xx_HAL_Driver/Src/stm32f7xx_hal.su ./Drivers/STM32F7xx_HAL_Driver/Src/stm32f7xx_hal_cortex.d ./Drivers/STM32F7xx_HAL_Driver/Src/stm32f7xx_hal_cortex.o ./Drivers/STM32F7xx_HAL_Driver/Src/stm32f7xx_hal_cortex.su ./Drivers/STM32F7xx_HAL_Driver/Src/stm32f7xx_hal_dma.d ./Drivers/STM32F7xx_HAL_Driver/Src/stm32f7xx_hal_dma.o ./Drivers/STM32F7xx_HAL_Driver/Src/stm32f7xx_hal_dma.su ./Drivers/STM32F7xx_HAL_Driver/Src/stm32f7xx_hal_dma_ex.d ./Drivers/STM32F7xx_HAL_Driver/Src/stm32f7xx_hal_dma_ex.o ./Drivers/STM32F7xx_HAL_Driver/Src/stm32f7xx_hal_dma_ex.su ./Drivers/STM32F7xx_HAL_Driver/Src/stm32f7xx_hal_exti.d ./Drivers/STM32F7xx_HAL_Driver/Src/stm32f7xx_hal_exti.o ./Drivers/STM32F7xx_HAL_Driver/Src/stm32f7xx_hal_exti.su ./Drivers/STM32F7xx_HAL_Driver/Src/stm32f7xx_hal_flash.d ./Drivers/STM32F7xx_HAL_Driver/Src/stm32f7xx_hal_flash.o ./Drivers/STM32F7xx_HAL_Driver/Src/stm32f7xx_hal_flash.su ./Drivers/STM32F7xx_HAL_Driver/Src/stm32f7xx_hal_flash_ex.d ./Drivers/STM32F7xx_HAL_Driver/Src/stm32f7xx_hal_flash_ex.o ./Drivers/STM32F7xx_HAL_Driver/Src/stm32f7xx_hal_flash_ex.su ./Drivers/STM32F7xx_HAL_Driver/Src/stm32f7xx_hal_gpio.d ./Drivers/STM32F7xx_HAL_Driver/Src/stm32f7xx_hal_gpio.o ./Drivers/STM32F7xx_HAL_Driver/Src/stm32f7xx_hal_gpio.su ./Drivers/STM32F7xx_HAL_Driver/Src/stm32f7xx_hal_i2c.d ./Drivers/STM32F7xx_HAL_Driver/Src/stm32f7xx_hal_i2c.o ./Drivers/STM32F7xx_HAL_Driver/Src/stm32f7xx_hal_i2c.su ./Drivers/STM32F7xx_HAL_Driver/Src/stm32f7xx_hal_i2c_ex.d ./Drivers/STM32F7xx_HAL_Driver/Src/stm32f7xx_hal_i2c_ex.o ./Drivers/STM32F7xx_HAL_Driver/Src/stm32f7xx_hal_i2c_ex.su ./Drivers/STM32F7xx_HAL_Driver/Src/stm32f7xx_hal_pwr.d ./Drivers/STM32F7xx_HAL_Driver/Src/stm32f7xx_hal_pwr.o ./Drivers/STM32F7xx_HAL_Driver/Src/stm32f7xx_hal_pwr.su ./Drivers/STM32F7xx_HAL_Driver/Src/stm32f7xx_hal_pwr_ex.d ./Drivers/STM32F7xx_HAL_Driver/Src/stm32f7xx_hal_pwr_ex.o ./Drivers/STM32F7xx_HAL_Driver/Src/stm32f7xx_hal_pwr_ex.su ./Drivers/STM32F7xx_HAL_Driver/Src/stm32f7xx_hal_rcc.d ./Drivers/STM32F7xx_HAL_Driver/Src/stm32f7xx_hal_rcc.o ./Drivers/STM32F7xx_HAL_Driver/Src/stm32f7xx_hal_rcc.su ./Drivers/STM32F7xx_HAL_Driver/Src/stm32f7xx_hal_rcc_ex.d ./Drivers/STM32F7xx_HAL_Driver/Src/stm32f7xx_hal_rcc_ex.o ./Drivers/STM32F7xx_HAL_Driver/Src/stm32f7xx_hal_rcc_ex.su ./Drivers/STM32F7xx_HAL_Driver/Src/stm32f7xx_hal_spi.d ./Drivers/STM32F7xx_HAL_Driver/Src/stm32f7xx_hal_spi.o ./Drivers/STM32F7xx_HAL_Driver/Src/stm32f7xx_hal_spi.su ./Drivers/STM32F7xx_HAL_Driver/Src/stm32f7xx_hal_spi_ex.d ./Drivers/STM32F7xx_HAL_Driver/Src/stm32f7xx_hal_spi_ex.o ./Drivers/STM32F7xx_HAL_Driver/Src/stm32f7xx_hal_spi_ex.su ./Drivers/STM32F7xx_HAL_Driver/Src/stm32f7xx_hal_tim.d ./Drivers/STM32F7xx_HAL_Driver/Src/stm32f7xx_hal_tim.o ./Drivers/STM32F7xx_HAL_Driver/Src/stm32f7xx_hal_tim.su ./Drivers/STM32F7xx_HAL_Driver/Src/stm32f7xx_hal_tim_ex.d ./Drivers/STM32F7xx_HAL_Driver/Src/stm32f7xx_hal_tim_ex.o ./Drivers/STM32F7xx_HAL_Driver/Src/stm32f7xx_hal_tim_ex.su ./Drivers/STM32F7xx_HAL_Driver/Src/stm32f7xx_hal_uart.d ./Drivers/STM32F7xx_HAL_Driver/Src/stm32f7xx_hal_uart.o ./Drivers/STM32F7xx_HAL_Driver/Src/stm32f7xx_hal_uart.su ./Drivers/STM32F7xx_HAL_Driver/Src/stm32f7xx_hal_uart_ex.d ./Drivers/STM32F7xx_HAL_Driver/Src/stm32f7xx_hal_uart_ex.o ./Drivers/STM32F7xx_HAL_Driver/Src/stm32f7xx_hal_uart_ex.su
rm -rf ./Core/Startup/startup_stm32f746zgtx.d ./Core/Startup/startup_stm32f746zgtx.o
rm -rf ./Core/Src/gpio.d ./Core/Src/gpio.o ./Core/Src/gpio.su ./Core/Src/main.d ./Core/Src/main.o ./Core/Src/main.su ./Core/Src/spi.d ./Core/Src/spi.o ./Core/Src/spi.su ./Core/Src/stm32f7xx_hal_msp.d ./Core/Src/stm32f7xx_hal_msp.o ./Core/Src/stm32f7xx_hal_msp.su ./Core/Src/stm32f7xx_it.d ./Core/Src/stm32f7xx_it.o ./Core/Src/stm32f7xx_it.su ./Core/Src/syscalls.d ./Core/Src/syscalls.o ./Core/Src/syscalls.su ./Core/Src/sysmem.d ./Core/Src/sysmem.o ./Core/Src/sysmem.su ./Core/Src/system_stm32f7xx.d ./Core/Src/system_stm32f7xx.o ./Core/Src/system_stm32f7xx.su ./Core/Src/tim.d ./Core/Src/tim.o ./Core/Src/tim.su ./Core/Src/usart.d ./Core/Src/usart.o ./Core/Src/usart.su
rm -rf ./Components/Src/bmp2.d ./Components/Src/bmp2.o ./Components/Src/bmp2.su ./Components/Src/bmp2_config.d ./Components/Src/bmp2_config.o ./Components/Src/bmp2_config.su ./Components/Src/dio.d ./Components/Src/dio.o ./Components/Src/dio.su ./Components/Src/heater.d ./Components/Src/heater.o ./Components/Src/heater.su ./Components/Src/heater_config.d ./Components/Src/heater_config.o ./Components/Src/heater_config.su ./Components/Src/led.d ./Components/Src/led.o ./Components/Src/led.su ./Components/Src/led_config.d ./Components/Src/led_config.o ./Components/Src/led_config.su ./Components/Src/pwm.d ./Components/Src/pwm.o ./Components/Src/pwm.su
rm -rf L06_Example.elf L06_Example.list L06_Example.map default.size.stdout
rm: can't remove 'L06_Example.elf': Permission denied
make: [makefile:81: clean] Error 1 (ignored)
 
