16:44:23 **** Incremental Build of configuration Debug for project L06_Example ****
make -j12 all 
arm-none-eabi-gcc "../Core/Src/main.c" -mcpu=cortex-m7 -std=gnu11 -g3 -DDEBUG -DUSE_HAL_DRIVER -DSTM32F746xx -c -I../Core/Inc -I../Drivers/STM32F7xx_HAL_Driver/Inc -I../Drivers/STM32F7xx_HAL_Driver/Inc/Legacy -I../Drivers/CMSIS/Device/ST/STM32F7xx/Include -I../Drivers/CMSIS/Include -I"C:/PP/Dydaktyka/MATERIALY/SM_MATERIALY/NUCLEO-F756ZG-Examples-ver-2022-23/L06_Example/Components/Inc" -O0 -ffunction-sections -fdata-sections -Wall -fstack-usage -MMD -MP -MF"Core/Src/main.d" -MT"Core/Src/main.o" --specs=nano.specs -mfpu=fpv5-sp-d16 -mfloat-abi=hard -mthumb -o "Core/Src/main.o"
arm-none-eabi-gcc -o "L06_Example.elf" @"objects.list"   -mcpu=cortex-m7 -T"C:\PP\Dydaktyka\MATERIALY\SM_MATERIALY\NUCLEO-F756ZG-Examples-ver-2022-23\L06_Example\STM32F746ZGTX_FLASH.ld" --specs=nosys.specs -Wl,-Map="L06_Example.map" -Wl,--gc-sections -static --specs=nano.specs -mfpu=fpv5-sp-d16 -mfloat-abi=hard -mthumb -Wl,--start-group -lc -lm -Wl,--end-group
Finished building target: L06_Example.elf
 
arm-none-eabi-size   L06_Example.elf 
arm-none-eabi-objdump -h -S  L06_Example.elf  > "L06_Example.list"
   text	   data	    bss	    dec	    hex	filename
  26832	    176	   2032	  29040	   7170	L06_Example.elf
Finished building: default.size.stdout
 
Finished building: L06_Example.list
 
16:44:28 **** Incremental Build of configuration Debug for project L06_Example ****
make -j12 all 
arm-none-eabi-size   L06_Example.elf 
   text	   data	    bss	    dec	    hex	filename
  26832	    176	   2032	  29040	   7170	L06_Example.elf
Finished building: default.size.stdout
 
17:05:04 **** Incremental Build of configuration Debug for project L06_Example ****
make -j12 all 
arm-none-eabi-gcc "../Core/Src/main.c" -mcpu=cortex-m7 -std=gnu11 -g3 -DDEBUG -DUSE_HAL_DRIVER -DSTM32F746xx -c -I../Core/Inc -I../Drivers/STM32F7xx_HAL_Driver/Inc -I../Drivers/STM32F7xx_HAL_Driver/Inc/Legacy -I../Drivers/CMSIS/Device/ST/STM32F7xx/Include -I../Drivers/CMSIS/Include -I"C:/PP/Dydaktyka/MATERIALY/SM_MATERIALY/NUCLEO-F756ZG-Examples-ver-2022-23/L06_Example/Components/Inc" -O0 -ffunction-sections -fdata-sections -Wall -fstack-usage -MMD -MP -MF"Core/Src/main.d" -MT"Core/Src/main.o" --specs=nano.specs -mfpu=fpv5-sp-d16 -mfloat-abi=hard -mthumb -o "Core/Src/main.o"
arm-none-eabi-gcc -o "L06_Example.elf" @"objects.list"   -mcpu=cortex-m7 -T"C:\PP\Dydaktyka\MATERIALY\SM_MATERIALY\NUCLEO-F756ZG-Examples-ver-2022-23\L06_Example\STM32F746ZGTX_FLASH.ld" --specs=nosys.specs -Wl,-Map="L06_Example.map" -Wl,--gc-sections -static --specs=nano.specs -mfpu=fpv5-sp-d16 -mfloat-abi=hard -mthumb -Wl,--start-group -lc -lm -Wl,--end-group
Finished building target: L06_Example.elf
 
arm-none-eabi-size   L06_Example.elf 
arm-none-eabi-objdump -h -S  L06_Example.elf  > "L06_Example.list"
   text	   data	    bss	    dec	    hex	filename
  34316	    232	   2056	  36604	   8efc	L06_Example.elf
Finished building: default.size.stdout
 
Finished building: L06_Example.list
 
