13:56:06 **** Incremental Build of configuration Debug for project L01_Example ****
make -j12 all 
arm-none-eabi-gcc "../Core/Src/main.c" -mcpu=cortex-m7 -std=gnu11 -g3 -DDEBUG -DUSE_HAL_DRIVER -DSTM32F746xx -c -I../Core/Inc -I../Drivers/STM32F7xx_HAL_Driver/Inc -I../Drivers/STM32F7xx_HAL_Driver/Inc/Legacy -I../Drivers/CMSIS/Device/ST/STM32F7xx/Include -I../Drivers/CMSIS/Include -O0 -ffunction-sections -fdata-sections -Wall -fstack-usage -MMD -MP -MF"Core/Src/main.d" -MT"Core/Src/main.o" --specs=nano.specs -mfpu=fpv5-sp-d16 -mfloat-abi=hard -mthumb -o "Core/Src/main.o"
arm-none-eabi-gcc -o "L01_Example.elf" @"objects.list"   -mcpu=cortex-m7 -T"C:\PP\Dydaktyka\MATERIALY\SM_MATERIALY\NUCLEO-F756ZG-Examples-ver-2022-23\L01_Example\STM32F746ZGTX_FLASH.ld" --specs=nosys.specs -Wl,-Map="L01_Example.map" -Wl,--gc-sections -static --specs=nano.specs -mfpu=fpv5-sp-d16 -mfloat-abi=hard -mthumb -Wl,--start-group -lc -lm -Wl,--end-group
Finished building target: L01_Example.elf
 
arm-none-eabi-size   L01_Example.elf 
arm-none-eabi-objdump -h -S  L01_Example.elf  > "L01_Example.list"
   text	   data	    bss	    dec	    hex	filename
  11284	     20	   1708	  13012	   32d4	L01_Example.elf
Finished building: default.size.stdout
 
Finished building: L01_Example.list
 
13:56:36 **** Incremental Build of configuration Debug for project L01_Example ****
make -j12 all 
arm-none-eabi-size   L01_Example.elf 
   text	   data	    bss	    dec	    hex	filename
  11284	     20	   1708	  13012	   32d4	L01_Example.elf
Finished building: default.size.stdout
 
14:25:00 **** Incremental Build of configuration Debug for project L01_Example ****
make -j12 all 
arm-none-eabi-gcc "../Core/Src/main.c" -mcpu=cortex-m7 -std=gnu11 -g3 -DDEBUG -DUSE_HAL_DRIVER -DSTM32F746xx -c -I../Core/Inc -I../Drivers/STM32F7xx_HAL_Driver/Inc -I../Drivers/STM32F7xx_HAL_Driver/Inc/Legacy -I../Drivers/CMSIS/Device/ST/STM32F7xx/Include -I../Drivers/CMSIS/Include -O0 -ffunction-sections -fdata-sections -Wall -fstack-usage -MMD -MP -MF"Core/Src/main.d" -MT"Core/Src/main.o" --specs=nano.specs -mfpu=fpv5-sp-d16 -mfloat-abi=hard -mthumb -o "Core/Src/main.o"
../Core/Src/main.c: In function 'main':
../Core/Src/main.c:98:2: warning: this 'if' clause does not guard... [-Wmisleading-indentation]
   98 |  if(USER_Btn_State == GPIO_PIN_SET && USER_Btn_StatePrev == GPIO_PIN_RESET);
      |  ^~
../Core/Src/main.c:99:3: note: ...this statement, but the latter is misleadingly indented as if it were guarded by the 'if'
   99 |   HAL_GPIO_TogglePin(LD1_GPIO_Port, LD1_Pin);
      |   ^~~~~~~~~~~~~~~~~~
arm-none-eabi-gcc -o "L01_Example.elf" @"objects.list"   -mcpu=cortex-m7 -T"C:\PP\Dydaktyka\MATERIALY\SM_MATERIALY\NUCLEO-F756ZG-Examples-ver-2022-23\L01_Example\STM32F746ZGTX_FLASH.ld" --specs=nosys.specs -Wl,-Map="L01_Example.map" -Wl,--gc-sections -static --specs=nano.specs -mfpu=fpv5-sp-d16 -mfloat-abi=hard -mthumb -Wl,--start-group -lc -lm -Wl,--end-group
Finished building target: L01_Example.elf
 
arm-none-eabi-size   L01_Example.elf 
arm-none-eabi-objdump -h -S  L01_Example.elf  > "L01_Example.list"
   text	   data	    bss	    dec	    hex	filename
  11244	     20	   1708	  12972	   32ac	L01_Example.elf
Finished building: default.size.stdout
 
Finished building: L01_Example.list
 
14:25:58 **** Incremental Build of configuration Debug for project L01_Example ****
make -j12 all 
arm-none-eabi-gcc "../Core/Src/main.c" -mcpu=cortex-m7 -std=gnu11 -g3 -DDEBUG -DUSE_HAL_DRIVER -DSTM32F746xx -c -I../Core/Inc -I../Drivers/STM32F7xx_HAL_Driver/Inc -I../Drivers/STM32F7xx_HAL_Driver/Inc/Legacy -I../Drivers/CMSIS/Device/ST/STM32F7xx/Include -I../Drivers/CMSIS/Include -O0 -ffunction-sections -fdata-sections -Wall -fstack-usage -MMD -MP -MF"Core/Src/main.d" -MT"Core/Src/main.o" --specs=nano.specs -mfpu=fpv5-sp-d16 -mfloat-abi=hard -mthumb -o "Core/Src/main.o"
arm-none-eabi-gcc -o "L01_Example.elf" @"objects.list"   -mcpu=cortex-m7 -T"C:\PP\Dydaktyka\MATERIALY\SM_MATERIALY\NUCLEO-F756ZG-Examples-ver-2022-23\L01_Example\STM32F746ZGTX_FLASH.ld" --specs=nosys.specs -Wl,-Map="L01_Example.map" -Wl,--gc-sections -static --specs=nano.specs -mfpu=fpv5-sp-d16 -mfloat-abi=hard -mthumb -Wl,--start-group -lc -lm -Wl,--end-group
Finished building target: L01_Example.elf
 
arm-none-eabi-size   L01_Example.elf 
arm-none-eabi-objdump -h -S  L01_Example.elf  > "L01_Example.list"
   text	   data	    bss	    dec	    hex	filename
  11256	     20	   1708	  12984	   32b8	L01_Example.elf
Finished building: default.size.stdout
 
Finished building: L01_Example.list
 
