13:02:23 **** Incremental Build of configuration Debug for project L02_Example ****
make -j12 all 
arm-none-eabi-gcc "../Core/Src/main.c" -mcpu=cortex-m7 -std=gnu11 -g3 -DDEBUG -DUSE_HAL_DRIVER -DSTM32F746xx -c -I../Core/Inc -I../Components/Inc -I../Drivers/STM32F7xx_HAL_Driver/Inc -I../Drivers/STM32F7xx_HAL_Driver/Inc/Legacy -I../Drivers/CMSIS/Device/ST/STM32F7xx/Include -I../Drivers/CMSIS/Include -O0 -ffunction-sections -fdata-sections -Wall -fstack-usage -MMD -MP -MF"Core/Src/main.d" -MT"Core/Src/main.o" --specs=nano.specs -mfpu=fpv5-sp-d16 -mfloat-abi=hard -mthumb -o "Core/Src/main.o"
../Core/Src/main.c: In function 'main':
../Core/Src/main.c:108:7: warning: this 'if' clause does not guard... [-Wmisleading-indentation]
  108 |       if(HAL_UART_Transmit(&huart3, (uint8_t*)msg, msg_len, 10) == HAL_OK)
      |       ^~
../Core/Src/main.c:111:4: note: ...this statement, but the latter is misleadingly indented as if it were guarded by the 'if'
  111 |    int t_on = 100; // [ms]
      |    ^~~
arm-none-eabi-gcc -o "L02_Example.elf" @"objects.list"   -mcpu=cortex-m7 -T"C:\PP\Dydaktyka\MATERIALY\SM_MATERIALY\NUCLEO-F756ZG-Examples-ver-2022-23\L02_Example\STM32F746ZGTX_FLASH.ld" --specs=nosys.specs -Wl,-Map="L02_Example.map" -Wl,--gc-sections -static --specs=nano.specs -mfpu=fpv5-sp-d16 -mfloat-abi=hard -mthumb -Wl,--start-group -lc -lm -Wl,--end-group
Finished building target: L02_Example.elf
 
arm-none-eabi-size   L02_Example.elf 
arm-none-eabi-objdump -h -S  L02_Example.elf  > "L02_Example.list"
   text	   data	    bss	    dec	    hex	filename
  14852	    160	   1728	  16740	   4164	L02_Example.elf
Finished building: default.size.stdout
 
Finished building: L02_Example.list
 
13:04:13 **** Incremental Build of configuration Debug for project L02_Example ****
make -j12 all 
arm-none-eabi-gcc "../Core/Src/main.c" -mcpu=cortex-m7 -std=gnu11 -g3 -DDEBUG -DUSE_HAL_DRIVER -DSTM32F746xx -c -I../Core/Inc -I../Components/Inc -I../Drivers/STM32F7xx_HAL_Driver/Inc -I../Drivers/STM32F7xx_HAL_Driver/Inc/Legacy -I../Drivers/CMSIS/Device/ST/STM32F7xx/Include -I../Drivers/CMSIS/Include -O0 -ffunction-sections -fdata-sections -Wall -fstack-usage -MMD -MP -MF"Core/Src/main.d" -MT"Core/Src/main.o" --specs=nano.specs -mfpu=fpv5-sp-d16 -mfloat-abi=hard -mthumb -o "Core/Src/main.o"
arm-none-eabi-gcc -o "L02_Example.elf" @"objects.list"   -mcpu=cortex-m7 -T"C:\PP\Dydaktyka\MATERIALY\SM_MATERIALY\NUCLEO-F756ZG-Examples-ver-2022-23\L02_Example\STM32F746ZGTX_FLASH.ld" --specs=nosys.specs -Wl,-Map="L02_Example.map" -Wl,--gc-sections -static --specs=nano.specs -mfpu=fpv5-sp-d16 -mfloat-abi=hard -mthumb -Wl,--start-group -lc -lm -Wl,--end-group
Finished building target: L02_Example.elf
 
arm-none-eabi-size   L02_Example.elf 
arm-none-eabi-objdump -h -S  L02_Example.elf  > "L02_Example.list"
   text	   data	    bss	    dec	    hex	filename
  14852	    160	   1728	  16740	   4164	L02_Example.elf
Finished building: default.size.stdout
 
Finished building: L02_Example.list
 
