14:13:40 **** Incremental Build of configuration Debug for project L08_Example ****
make -j12 all 
arm-none-eabi-gcc "../Core/Src/main.c" -mcpu=cortex-m7 -std=gnu11 -g3 -DDEBUG -DUSE_HAL_DRIVER -DSTM32F746xx -c -I../Core/Inc -I../Drivers/STM32F7xx_HAL_Driver/Inc -I../Drivers/STM32F7xx_HAL_Driver/Inc/Legacy -I../Drivers/CMSIS/Device/ST/STM32F7xx/Include -I../Drivers/CMSIS/Include -I"C:/PP/Dydaktyka/MATERIALY/SM_MATERIALY/NUCLEO-F756ZG-Examples-ver-2022-23/L08_Example/Components/Inc" -O0 -ffunction-sections -fdata-sections -Wall -fstack-usage -MMD -MP -MF"Core/Src/main.d" -MT"Core/Src/main.o" --specs=nano.specs -mfpu=fpv5-sp-d16 -mfloat-abi=hard -mthumb -o "Core/Src/main.o"
arm-none-eabi-gcc -o "L08_Example.elf" @"objects.list"   -mcpu=cortex-m7 -T"C:\PP\Dydaktyka\MATERIALY\SM_MATERIALY\NUCLEO-F756ZG-Examples-ver-2022-23\L08_Example\STM32F746ZGTX_FLASH.ld" --specs=nosys.specs -Wl,-Map="L08_Example.map" -Wl,--gc-sections -static --specs=nano.specs -mfpu=fpv5-sp-d16 -mfloat-abi=hard -mthumb -Wl,--start-group -lc -lm -Wl,--end-group
Finished building target: L08_Example.elf
 
arm-none-eabi-size   L08_Example.elf 
arm-none-eabi-objdump -h -S  L08_Example.elf  > "L08_Example.list"
   text	   data	    bss	    dec	    hex	filename
  19852	     48	   2080	  21980	   55dc	L08_Example.elf
Finished building: default.size.stdout
 
Finished building: L08_Example.list
 
09:42:20 **** Incremental Build of configuration Debug for project L08_Example ****
make -j12 all 
arm-none-eabi-size   L08_Example.elf 
   text	   data	    bss	    dec	    hex	filename
  19852	     48	   2080	  21980	   55dc	L08_Example.elf
Finished building: default.size.stdout
 
09:44:58 **** Incremental Build of configuration Debug for project L08_Example ****
make -j12 all 
arm-none-eabi-gcc "../Core/Src/main.c" -mcpu=cortex-m7 -std=gnu11 -g3 -DDEBUG -DUSE_HAL_DRIVER -DSTM32F746xx -c -I../Core/Inc -I../Drivers/STM32F7xx_HAL_Driver/Inc -I../Drivers/STM32F7xx_HAL_Driver/Inc/Legacy -I../Drivers/CMSIS/Device/ST/STM32F7xx/Include -I../Drivers/CMSIS/Include -I"C:/PP/Dydaktyka/MATERIALY/SM_MATERIALY/NUCLEO-F756ZG-Examples-ver-2022-23/L08_Example/Components/Inc" -O0 -ffunction-sections -fdata-sections -Wall -fstack-usage -MMD -MP -MF"Core/Src/main.d" -MT"Core/Src/main.o" --specs=nano.specs -mfpu=fpv5-sp-d16 -mfloat-abi=hard -mthumb -o "Core/Src/main.o"
arm-none-eabi-gcc -o "L08_Example.elf" @"objects.list"   -mcpu=cortex-m7 -T"C:\PP\Dydaktyka\MATERIALY\SM_MATERIALY\NUCLEO-F756ZG-Examples-ver-2022-23\L08_Example\STM32F746ZGTX_FLASH.ld" --specs=nosys.specs -Wl,-Map="L08_Example.map" -Wl,--gc-sections -static --specs=nano.specs -mfpu=fpv5-sp-d16 -mfloat-abi=hard -mthumb -Wl,--start-group -lc -lm -Wl,--end-group
Finished building target: L08_Example.elf
 
arm-none-eabi-size   L08_Example.elf 
arm-none-eabi-objdump -h -S  L08_Example.elf  > "L08_Example.list"
   text	   data	    bss	    dec	    hex	filename
  19852	     48	   2080	  21980	   55dc	L08_Example.elf
Finished building: default.size.stdout
 
Finished building: L08_Example.list
 
10:55:52 **** Incremental Build of configuration Debug for project L08_Example ****
make -j12 all 
arm-none-eabi-gcc "../Core/Src/main.c" -mcpu=cortex-m7 -std=gnu11 -g3 -DDEBUG -DUSE_HAL_DRIVER -DSTM32F746xx -c -I../Core/Inc -I../Drivers/STM32F7xx_HAL_Driver/Inc -I../Drivers/STM32F7xx_HAL_Driver/Inc/Legacy -I../Drivers/CMSIS/Device/ST/STM32F7xx/Include -I../Drivers/CMSIS/Include -I"C:/PP/Dydaktyka/MATERIALY/SM_MATERIALY/NUCLEO-F756ZG-Examples-ver-2022-23/L08_Example/Components/Inc" -O0 -ffunction-sections -fdata-sections -Wall -fstack-usage -MMD -MP -MF"Core/Src/main.d" -MT"Core/Src/main.o" --specs=nano.specs -mfpu=fpv5-sp-d16 -mfloat-abi=hard -mthumb -o "Core/Src/main.o"
arm-none-eabi-gcc -o "L08_Example.elf" @"objects.list"   -mcpu=cortex-m7 -T"C:\PP\Dydaktyka\MATERIALY\SM_MATERIALY\NUCLEO-F756ZG-Examples-ver-2022-23\L08_Example\STM32F746ZGTX_FLASH.ld" --specs=nosys.specs -Wl,-Map="L08_Example.map" -Wl,--gc-sections -static --specs=nano.specs -mfpu=fpv5-sp-d16 -mfloat-abi=hard -mthumb -Wl,--start-group -lc -lm -Wl,--end-group
Finished building target: L08_Example.elf
 
arm-none-eabi-size   L08_Example.elf 
arm-none-eabi-objdump -h -S  L08_Example.elf  > "L08_Example.list"
   text	   data	    bss	    dec	    hex	filename
  20744	    152	   2080	  22976	   59c0	L08_Example.elf
Finished building: default.size.stdout
 
Finished building: L08_Example.list
 
