16:20:49 **** Incremental Build of configuration Debug for project L05_Example ****
make -j12 all 
arm-none-eabi-gcc "../Core/Src/main.c" -mcpu=cortex-m7 -std=gnu11 -g3 -DDEBUG -DUSE_HAL_DRIVER -DSTM32F746xx -c -I../Core/Inc -I../Drivers/STM32F7xx_HAL_Driver/Inc -I../Drivers/STM32F7xx_HAL_Driver/Inc/Legacy -I../Drivers/CMSIS/Device/ST/STM32F7xx/Include -I../Drivers/CMSIS/Include -I"C:/PP/Dydaktyka/MATERIALY/SM_MATERIALY/NUCLEO-F756ZG-Examples-ver-2022-23/L05_Example/Components/Inc" -O0 -ffunction-sections -fdata-sections -Wall -fstack-usage -MMD -MP -MF"Core/Src/main.d" -MT"Core/Src/main.o" --specs=nano.specs -mfpu=fpv5-sp-d16 -mfloat-abi=hard -mthumb -o "Core/Src/main.o"
../Core/Src/main.c: In function 'HAL_UART_RxCpltCallback':
../Core/Src/main.c:94:34: warning: pointer targets in passing argument 2 of 'HAL_UART_Receive_IT' differ in signedness [-Wpointer-sign]
   94 |     HAL_UART_Receive_IT(&huart3, duty_msg, duty_msg_len);
      |                                  ^~~~~~~~
      |                                  |
      |                                  char *
In file included from ../Core/Inc/stm32f7xx_hal_conf.h:411,
                 from ../Drivers/STM32F7xx_HAL_Driver/Inc/stm32f7xx_hal.h:29,
                 from ../Core/Inc/main.h:30,
                 from ../Core/Src/main.c:20:
../Drivers/STM32F7xx_HAL_Driver/Inc/stm32f7xx_hal_uart.h:1556:75: note: expected 'uint8_t *' {aka 'unsigned char *'} but argument is of type 'char *'
 1556 | HAL_StatusTypeDef HAL_UART_Receive_IT(UART_HandleTypeDef *huart, uint8_t *pData, uint16_t Size);
      |                                                                  ~~~~~~~~~^~~~~
../Core/Src/main.c: In function 'main':
../Core/Src/main.c:142:32: warning: pointer targets in passing argument 2 of 'HAL_UART_Receive_IT' differ in signedness [-Wpointer-sign]
  142 |   HAL_UART_Receive_IT(&huart3, duty_msg, duty_msg_len);
      |                                ^~~~~~~~
      |                                |
      |                                char *
In file included from ../Core/Inc/stm32f7xx_hal_conf.h:411,
                 from ../Drivers/STM32F7xx_HAL_Driver/Inc/stm32f7xx_hal.h:29,
                 from ../Core/Inc/main.h:30,
                 from ../Core/Src/main.c:20:
../Drivers/STM32F7xx_HAL_Driver/Inc/stm32f7xx_hal_uart.h:1556:75: note: expected 'uint8_t *' {aka 'unsigned char *'} but argument is of type 'char *'
 1556 | HAL_StatusTypeDef HAL_UART_Receive_IT(UART_HandleTypeDef *huart, uint8_t *pData, uint16_t Size);
      |                                                                  ~~~~~~~~~^~~~~
arm-none-eabi-gcc -o "L05_Example.elf" @"objects.list"   -mcpu=cortex-m7 -T"C:\PP\Dydaktyka\MATERIALY\SM_MATERIALY\NUCLEO-F756ZG-Examples-ver-2022-23\L05_Example\STM32F746ZGTX_FLASH.ld" --specs=nosys.specs -Wl,-Map="L05_Example.map" -Wl,--gc-sections -static --specs=nano.specs -mfpu=fpv5-sp-d16 -mfloat-abi=hard -mthumb -Wl,--start-group -lc -lm -Wl,--end-group
Finished building target: L05_Example.elf
 
arm-none-eabi-size   L05_Example.elf 
arm-none-eabi-objdump -h -S  L05_Example.elf  > "L05_Example.list"
   text	   data	    bss	    dec	    hex	filename
  29532	    208	   2128	  31868	   7c7c	L05_Example.elf
Finished building: default.size.stdout
 
Finished building: L05_Example.list
 

16:20:50 Build Finished. 0 errors, 2 warnings. (took 852ms)

