03:58:39 **** Incremental Build of configuration Debug for project L09_Example ****
make -j12 all 
arm-none-eabi-gcc "../Components/Src/pid2dof_config.c" -mcpu=cortex-m7 -std=gnu11 -g3 -DDEBUG -DUSE_HAL_DRIVER -DSTM32F746xx -c -I../Core/Inc -I../Drivers/STM32F7xx_HAL_Driver/Inc -I../Drivers/STM32F7xx_HAL_Driver/Inc/Legacy -I../Drivers/CMSIS/Device/ST/STM32F7xx/Include -I../Drivers/CMSIS/Include -I"C:/PP/Dydaktyka/MATERIALY/SM_MATERIALY/NUCLEO-F756ZG-Examples-ver-2022-23/L09_Example/Components/Inc" -O0 -ffunction-sections -fdata-sections -Wall -fstack-usage -MMD -MP -MF"Components/Src/pid2dof_config.d" -MT"Components/Src/pid2dof_config.o" --specs=nano.specs -mfpu=fpv5-sp-d16 -mfloat-abi=hard -mthumb -o "Components/Src/pid2dof_config.o"
arm-none-eabi-gcc -o "L09_Example.elf" @"objects.list"   -mcpu=cortex-m7 -T"C:\PP\Dydaktyka\MATERIALY\SM_MATERIALY\NUCLEO-F756ZG-Examples-ver-2022-23\L09_Example\STM32F746ZGTX_FLASH.ld" --specs=nosys.specs -Wl,-Map="L09_Example.map" -Wl,--gc-sections -static --specs=nano.specs -mfpu=fpv5-sp-d16 -mfloat-abi=hard -mthumb -u _printf_float -u _scanf_float -Wl,--start-group -lc -lm -Wl,--end-group
Finished building target: L09_Example.elf
 
arm-none-eabi-size   L09_Example.elf 
arm-none-eabi-objdump -h -S  L09_Example.elf  > "L09_Example.list"
   text	   data	    bss	    dec	    hex	filename
  51664	    848	   2160	  54672	   d590	L09_Example.elf
Finished building: default.size.stdout
 
Finished building: L09_Example.list
 

03:58:40 Build Finished. 0 errors, 0 warnings. (took 1s.51ms)

