13:10:18 **** Incremental Build of configuration Debug for project TestProject ****
make -j12 all 
arm-none-eabi-gcc "../Core/Src/main.c" -mcpu=cortex-m7 -std=gnu18 -g3 -DDEBUG -DUSE_HAL_DRIVER -DSTM32F746xx -c -I../Core/Inc -I../Drivers/STM32F7xx_HAL_Driver/Inc -I../Drivers/STM32F7xx_HAL_Driver/Inc/Legacy -I../Drivers/CMSIS/Device/ST/STM32F7xx/Include -I../Drivers/CMSIS/Include -O0 -ffunction-sections -fdata-sections -Wall -fstack-usage -MMD -MP -MF"Core/Src/main.d" -MT"Core/Src/main.o"  -mfpu=fpv5-sp-d16 -mfloat-abi=hard -mthumb -o "Core/Src/main.o"
arm-none-eabi-gcc -o "TestProject.elf" @"objects.list"   -mcpu=cortex-m7 -T"C:\PP\Dydaktyka\MATERIALY\SM_MATERIALY\NUCLEO-F756ZG-Examples-ver-2022-23\TestProject\STM32F746ZGTX_FLASH.ld" --specs=nosys.specs -Wl,-Map="TestProject.map" -Wl,--gc-sections -static  -mfpu=fpv5-sp-d16 -mfloat-abi=hard -mthumb -Wl,--start-group -lc -lm -Wl,--end-group
Finished building target: TestProject.elf
 
arm-none-eabi-size   TestProject.elf 
arm-none-eabi-objdump -h -S  TestProject.elf  > "TestProject.list"
   text	   data	    bss	    dec	    hex	filename
   7112	   1096	   1572	   9780	   2634	TestProject.elf
Finished building: default.size.stdout
 
Finished building: TestProject.list
 

13:10:19 Build Finished. 0 errors, 0 warnings. (took 943ms)

